Archive member included to satisfy reference by file (symbol)

c:/progra~2/gnuarm~1/102021~1.10/bin/../lib/gcc/arm-none-eabi/10.3.1/thumb/v6-m/nofp\libgcc.a(_dvmd_tls.o)
                              CMakeFiles/sender.dir/C_/Cornell/23_FALL/ECE_5730/Labs/Pico/pico-sdk/src/rp2_common/pico_divider/divider.S.obj (__aeabi_idiv0)
c:/progra~2/gnuarm~1/102021~1.10/bin/../lib/gcc/arm-none-eabi/10.3.1/../../../../arm-none-eabi/lib/thumb/v6-m/nofp\libc.a(lib_a-atoi.o)
                              CMakeFiles/sender.dir/C_/Cornell/23_FALL/ECE_5730/Labs/Pico/pico-sdk/lib/lwip/src/core/netif.c.obj (atoi)
c:/progra~2/gnuarm~1/102021~1.10/bin/../lib/gcc/arm-none-eabi/10.3.1/../../../../arm-none-eabi/lib/thumb/v6-m/nofp\libc.a(lib_a-calloc.o)
                              CMakeFiles/sender.dir/C_/Cornell/23_FALL/ECE_5730/Labs/Pico/pico-sdk/src/rp2_common/pico_malloc/pico_malloc.c.obj (calloc)
c:/progra~2/gnuarm~1/102021~1.10/bin/../lib/gcc/arm-none-eabi/10.3.1/../../../../arm-none-eabi/lib/thumb/v6-m/nofp\libc.a(lib_a-callocr.o)
                              c:/progra~2/gnuarm~1/102021~1.10/bin/../lib/gcc/arm-none-eabi/10.3.1/../../../../arm-none-eabi/lib/thumb/v6-m/nofp\libc.a(lib_a-calloc.o) (_calloc_r)
c:/progra~2/gnuarm~1/102021~1.10/bin/../lib/gcc/arm-none-eabi/10.3.1/../../../../arm-none-eabi/lib/thumb/v6-m/nofp\libc.a(lib_a-ctype_.o)
                              CMakeFiles/sender.dir/C_/Cornell/23_FALL/ECE_5730/Labs/Pico/pico-sdk/lib/lwip/src/core/dns.c.obj (_ctype_)
c:/progra~2/gnuarm~1/102021~1.10/bin/../lib/gcc/arm-none-eabi/10.3.1/../../../../arm-none-eabi/lib/thumb/v6-m/nofp\libc.a(lib_a-errno.o)
                              c:/progra~2/gnuarm~1/102021~1.10/bin/../lib/gcc/arm-none-eabi/10.3.1/../../../../arm-none-eabi/lib/thumb/v6-m/nofp\libc.a(lib_a-callocr.o) (__errno)
c:/progra~2/gnuarm~1/102021~1.10/bin/../lib/gcc/arm-none-eabi/10.3.1/../../../../arm-none-eabi/lib/thumb/v6-m/nofp\libc.a(lib_a-impure.o)
                              c:/progra~2/gnuarm~1/102021~1.10/bin/../lib/gcc/arm-none-eabi/10.3.1/../../../../arm-none-eabi/lib/thumb/v6-m/nofp\libc.a(lib_a-calloc.o) (_impure_ptr)
c:/progra~2/gnuarm~1/102021~1.10/bin/../lib/gcc/arm-none-eabi/10.3.1/../../../../arm-none-eabi/lib/thumb/v6-m/nofp\libc.a(lib_a-init.o)
                              c:/progra~2/gnuarm~1/102021~1.10/bin/../lib/gcc/arm-none-eabi/10.3.1/../../../../arm-none-eabi/lib/thumb/v6-m/nofp/crt0.o (__libc_init_array)
c:/progra~2/gnuarm~1/102021~1.10/bin/../lib/gcc/arm-none-eabi/10.3.1/../../../../arm-none-eabi/lib/thumb/v6-m/nofp\libc.a(lib_a-malloc.o)
                              CMakeFiles/sender.dir/C_/Cornell/23_FALL/ECE_5730/Labs/Pico/pico-sdk/src/rp2_common/pico_malloc/pico_malloc.c.obj (malloc)
c:/progra~2/gnuarm~1/102021~1.10/bin/../lib/gcc/arm-none-eabi/10.3.1/../../../../arm-none-eabi/lib/thumb/v6-m/nofp\libc.a(lib_a-mallocr.o)
                              c:/progra~2/gnuarm~1/102021~1.10/bin/../lib/gcc/arm-none-eabi/10.3.1/../../../../arm-none-eabi/lib/thumb/v6-m/nofp\libc.a(lib_a-callocr.o) (_malloc_r)
c:/progra~2/gnuarm~1/102021~1.10/bin/../lib/gcc/arm-none-eabi/10.3.1/../../../../arm-none-eabi/lib/thumb/v6-m/nofp\libc.a(lib_a-memcmp.o)
                              CMakeFiles/sender.dir/dhcpserver/dhcpserver.c.obj (memcmp)
c:/progra~2/gnuarm~1/102021~1.10/bin/../lib/gcc/arm-none-eabi/10.3.1/../../../../arm-none-eabi/lib/thumb/v6-m/nofp\libc.a(lib_a-memmove.o)
                              CMakeFiles/sender.dir/C_/Cornell/23_FALL/ECE_5730/Labs/Pico/pico-sdk/lib/lwip/src/core/def.c.obj (memmove)
c:/progra~2/gnuarm~1/102021~1.10/bin/../lib/gcc/arm-none-eabi/10.3.1/../../../../arm-none-eabi/lib/thumb/v6-m/nofp\libc.a(lib_a-mlock.o)
                              c:/progra~2/gnuarm~1/102021~1.10/bin/../lib/gcc/arm-none-eabi/10.3.1/../../../../arm-none-eabi/lib/thumb/v6-m/nofp\libc.a(lib_a-mallocr.o) (__malloc_lock)
c:/progra~2/gnuarm~1/102021~1.10/bin/../lib/gcc/arm-none-eabi/10.3.1/../../../../arm-none-eabi/lib/thumb/v6-m/nofp\libc.a(lib_a-realloc.o)
                              CMakeFiles/sender.dir/C_/Cornell/23_FALL/ECE_5730/Labs/Pico/pico-sdk/src/rp2_common/pico_malloc/pico_malloc.c.obj (realloc)
c:/progra~2/gnuarm~1/102021~1.10/bin/../lib/gcc/arm-none-eabi/10.3.1/../../../../arm-none-eabi/lib/thumb/v6-m/nofp\libc.a(lib_a-reallocr.o)
                              c:/progra~2/gnuarm~1/102021~1.10/bin/../lib/gcc/arm-none-eabi/10.3.1/../../../../arm-none-eabi/lib/thumb/v6-m/nofp\libc.a(lib_a-realloc.o) (_realloc_r)
c:/progra~2/gnuarm~1/102021~1.10/bin/../lib/gcc/arm-none-eabi/10.3.1/../../../../arm-none-eabi/lib/thumb/v6-m/nofp\libc.a(lib_a-sbrkr.o)
                              c:/progra~2/gnuarm~1/102021~1.10/bin/../lib/gcc/arm-none-eabi/10.3.1/../../../../arm-none-eabi/lib/thumb/v6-m/nofp\libc.a(lib_a-mallocr.o) (_sbrk_r)
c:/progra~2/gnuarm~1/102021~1.10/bin/../lib/gcc/arm-none-eabi/10.3.1/../../../../arm-none-eabi/lib/thumb/v6-m/nofp\libc.a(lib_a-strlen-stub.o)
[...]
Memory Configuration

Name             Origin             Length             Attributes
FLASH            0x10000000         0x00200000         xr
RAM              0x20000000         0x00040000         xrw
SCRATCH_X        0x20040000         0x00001000         xrw
SCRATCH_Y        0x20041000         0x00001000         xrw
*default*        0x00000000         0xffffffff

Linker script and memory map

LOAD c:/progra~2/gnuarm~1/102021~1.10/bin/../lib/gcc/arm-none-eabi/10.3.1/thumb/v6-m/nofp/crti.o
LOAD c:/progra~2/gnuarm~1/102021~1.10/bin/../lib/gcc/arm-none-eabi/10.3.1/thumb/v6-m/nofp/crtbegin.o
LOAD c:/progra~2/gnuarm~1/102021~1.10/bin/../lib/gcc/arm-none-eabi/10.3.1/../../../../arm-none-eabi/lib/thumb/v6-m/nofp/crt0.o

.flash_begin    0x10000000        0x0
                0x10000000                __flash_binary_start = .

.boot2          0x10000000      0x100
                0x10000000                __boot2_start__ = .
 *(.boot2)
 .boot2         0x10000000      0x100 C:\Users\kaili\AppData\Local\Temp\ccoYLq9n.o
                0x10000100                __boot2_end__ = .
                0x00000001                ASSERT (((__boot2_end__ - __boot2_start__) == 0x100), ERROR: Pico second stage bootloader must be 256 bytes in size)

.text           0x10000100    0x17ae8
                0x10000100                __logical_binary_start = .
 *(.vectors)
 .vectors       0x10000100       0xd4 CMakeFiles/sender.dir/C_/Cornell/23_FALL/ECE_5730/Labs/Pico/pico-sdk/src/rp2_common/pico_standard_link/crt0.S.obj
                0x10000100                __VECTOR_TABLE
                0x10000100                __vectors
                0x100001c0                isr_invalid
                0x100001c0                __default_isrs_start
                0x100001c2                isr_nmi
                0x100001c4                isr_hardfault
                0x100001c6                isr_svcall
                0x100001c8                isr_pendsv
                0x100001ca                isr_systick
                0x100001cc                isr_irq23
                0x100001cc                isr_irq18
                0x100001cc                isr_irq11
                0x100001cc                isr_irq28
                0x100001cc                isr_irq19
                0x100001cc                isr_irq0
                0x100001cc                isr_irq6
                0x100001cc                isr_irq5
                0x100001cc                isr_irq12
                0x100001cc                isr_irq22
                0x100001cc                isr_irq31
                0x100001cc                isr_irq17
                0x100001cc                isr_irq27
                0x100001cc                isr_irq30
                0x100001cc                isr_irq2
                0x100001cc                isr_irq10
                0x100001cc                isr_irq8
                0x100001cc                isr_irq24
                0x100001cc                isr_irq1
                0x100001cc                isr_irq7
                0x100001cc                isr_irq21
                0x100001cc                isr_irq20
                0x100001cc                isr_irq15
                0x100001cc                isr_irq25
                0x100001cc                isr_irq13
                0x100001cc                __unhandled_user_irq
                0x100001cc                isr_irq4
                0x100001cc                isr_irq16
                0x100001cc                isr_irq29
                0x100001cc                isr_irq26
                0x100001cc                __default_isrs_end
                0x100001cc                isr_irq3
                0x100001cc                isr_irq14
                0x100001cc                isr_irq9
                0x100001d2                unhandled_user_irq_num_in_r0
 *(.binary_info_header)
 .binary_info_header
                0x100001d4       0x14 CMakeFiles/sender.dir/C_/Cornell/23_FALL/ECE_5730/Labs/Pico/pico-sdk/src/rp2_common/pico_standard_link/crt0.S.obj
                0x100001e8                __binary_info_header_end = .
 *(.reset)
 .reset         0x100001e8       0xa0 CMakeFiles/sender.dir/C_/Cornell/23_FALL/ECE_5730/Labs/Pico/pico-sdk/src/rp2_common/pico_standard_link/crt0.S.obj
                0x100001e8                _entry_point
 .reset         0x10000288       0x30 CMakeFiles/sender.dir/C_/Cornell/23_FALL/ECE_5730/Labs/Pico/pico-sdk/src/rp2_common/pico_standard_link/binary_info.c.obj
 *(.init)
 .init          0x100002b8        0x4 c:/progra~2/gnuarm~1/102021~1.10/bin/../lib/gcc/arm-none-eabi/10.3.1/thumb/v6-m/nofp/crti.o
                0x100002b8                _init
 *(EXCLUDE_FILE(*libm.a: *libc.a:*lib_a-mem*.o *libgcc.a:) .text*)
 .text          0x100002bc       0x48 c:/progra~2/gnuarm~1/102021~1.10/bin/../lib/gcc/arm-none-eabi/10.3.1/thumb/v6-m/nofp/crtbegin.o
 .text.repeating_timer_callback_core_0
                0x10000304      0x158 CMakeFiles/sender.dir/picow_udp_simple_ap_station.c.obj
                0x10000304                repeating_timer_callback_core_0
 .text.protothread_udp_send
                0x1000045c       0xf4 CMakeFiles/sender.dir/picow_udp_simple_ap_station.c.obj
 .text.protothread_sched.constprop.0.isra.0
                0x10000550      0x140 CMakeFiles/sender.dir/picow_udp_simple_ap_station.c.obj
 .text.protothread_sched1.constprop.0.isra.0
                0x10000690      0x140 CMakeFiles/sender.dir/picow_udp_simple_ap_station.c.obj
 .text.core1_main
                0x100007d0       0x84 CMakeFiles/sender.dir/picow_udp_simple_ap_station.c.obj
                0x100007d0                core1_main
 .text.udpecho_raw_init
                0x10000854       0x68 CMakeFiles/sender.dir/picow_udp_simple_ap_station.c.obj
                0x10000854                udpecho_raw_init
 .text.startup.main
                0x100008bc      0x1e0 CMakeFiles/sender.dir/picow_udp_simple_ap_station.c.obj
                0x100008bc                main
 .text.dhcp_server_process
                0x10000a9c      0x720 CMakeFiles/sender.dir/dhcpserver/dhcpserver.c.obj
 .text.dhcp_server_init
                0x100011bc       0x3c CMakeFiles/sender.dir/dhcpserver/dhcpserver.c.obj
                0x100011bc                dhcp_server_init
 .text.mpu6050_reset
                0x100011f8       0x88 CMakeFiles/sender.dir/mpu6050.c.obj
                0x100011f8                mpu6050_reset
 .text.mpu6050_read_raw
                0x10001280      0x154 CMakeFiles/sender.dir/mpu6050.c.obj
                0x10001280                mpu6050_read_raw
 .text.lwip_timeout_reached
                0x100013d4        0x8 CMakeFiles/sender.dir/C_/Cornell/23_FALL/ECE_5730/Labs/Pico/pico-sdk/src/rp2_common/pico_lwip/lwip_nosys.c.obj
 .text.update_next_timeout
                0x100013dc       0x6c CMakeFiles/sender.dir/C_/Cornell/23_FALL/ECE_5730/Labs/Pico/pico-sdk/src/rp2_common/pico_lwip/lwip_nosys.c.obj
 .text.lwip_nosys_init
                0x10001448       0x30 CMakeFiles/sender.dir/C_/Cornell/23_FALL/ECE_5730/Labs/Pico/pico-sdk/src/rp2_common/pico_lwip/lwip_nosys.c.obj
                0x10001448                lwip_nosys_init
 .text.lwip_nosys_deinit
                0x10001478       0x20 CMakeFiles/sender.dir/C_/Cornell/23_FALL/ECE_5730/Labs/Pico/pico-sdk/src/rp2_common/pico_lwip/lwip_nosys.c.obj
                0x10001478                lwip_nosys_deinit
 .text.sys_arch_protect
                0x10001498        0x4 CMakeFiles/sender.dir/C_/Cornell/23_FALL/ECE_5730/Labs/Pico/pico-sdk/src/rp2_common/pico_lwip/lwip_nosys.c.obj
                0x10001498                sys_arch_protect
 .text.sys_arch_unprotect
                0x1000149c        0x4 CMakeFiles/sender.dir/C_/Cornell/23_FALL/ECE_5730/Labs/Pico/pico-sdk/src/rp2_common/pico_lwip/lwip_nosys.c.obj
                0x1000149c                sys_arch_unprotect
 .text.sys_now  0x100014a0       0x20 CMakeFiles/sender.dir/C_/Cornell/23_FALL/ECE_5730/Labs/Pico/pico-sdk/src/rp2_common/pico_lwip/lwip_nosys.c.obj
                0x100014a0                sys_now
 .text.async_context_base_add_at_time_worker
                0x100014c0       0x28 CMakeFiles/sender.dir/C_/Cornell/23_FALL/ECE_5730/Labs/Pico/pico-sdk/src/rp2_common/pico_async_context/async_context_base.c.obj
                0x100014c0                async_context_base_add_at_time_worker
 .text.async_context_base_remove_at_time_worker
                0x100014e8       0x28 CMakeFiles/sender.dir/C_/Cornell/23_FALL/ECE_5730/Labs/Pico/pico-sdk/src/rp2_common/pico_async_context/async_context_base.c.obj
                0x100014e8                async_context_base_remove_at_time_worker
 .text.async_context_base_add_when_pending_worker
                0x10001510       0x24 CMakeFiles/sender.dir/C_/Cornell/23_FALL/ECE_5730/Labs/Pico/pico-sdk/src/rp2_common/pico_async_context/async_context_base.c.obj
                0x10001510                async_context_base_add_when_pending_worker
 .text.async_context_base_remove_when_pending_worker
                0x10001534       0x28 CMakeFiles/sender.dir/C_/Cornell/23_FALL/ECE_5730/Labs/Pico/pico-sdk/src/rp2_common/pico_async_context/async_context_base.c.obj
                0x10001534                async_context_base_remove_when_pending_worker
 .text.async_context_base_execute_once
                0x1000155c       0xe8 CMakeFiles/sender.dir/C_/Cornell/23_FALL/ECE_5730/Labs/Pico/pico-sdk/src/rp2_common/pico_async_context/async_context_base.c.obj
                0x1000155c                async_context_base_execute_once
 .text.async_context_base_needs_servicing
                0x10001644       0x54 CMakeFiles/sender.dir/C_/Cornell/23_FALL/ECE_5730/Labs/Pico/pico-sdk/src/rp2_common/pico_async_context/async_context_base.c.obj
                0x10001644                async_context_base_needs_servicing
 .text.running_on_fpga
                0x10001698       0x10 CMakeFiles/sender.dir/C_/Cornell/23_FALL/ECE_5730/Labs/Pico/pico-sdk/src/rp2_common/pico_platform/platform.c.obj
                0x10001698                running_on_fpga
 .text.splitmix64
                0x100016a8       0x5c CMakeFiles/sender.dir/C_/Cornell/23_FALL/ECE_5730/Labs/Pico/pico-sdk/src/rp2_common/pico_rand/rand.c.obj
 .text.xoroshiro128ss
                0x10001704       0x90 CMakeFiles/sender.dir/C_/Cornell/23_FALL/ECE_5730/Labs/Pico/pico-sdk/src/rp2_common/pico_rand/rand.c.obj
 .text.get_rand_64
                0x10001794      0x484 CMakeFiles/sender.dir/C_/Cornell/23_FALL/ECE_5730/Labs/Pico/pico-sdk/src/rp2_common/pico_rand/rand.c.obj
                0x10001794                get_rand_64
 .text.get_rand_32
                0x10001c18        0x8 CMakeFiles/sender.dir/C_/Cornell/23_FALL/ECE_5730/Labs/Pico/pico-sdk/src/rp2_common/pico_rand/rand.c.obj
                0x10001c18                get_rand_32
 .text.startup._retrieve_unique_id_on_boot
                0x10001c20       0x10 CMakeFiles/sender.dir/C_/Cornell/23_FALL/ECE_5730/Labs/Pico/pico-sdk/src/rp2_common/pico_unique_id/unique_id.c.obj
 .text.pico_get_unique_board_id
                0x10001c30       0x10 CMakeFiles/sender.dir/C_/Cornell/23_FALL/ECE_5730/Labs/Pico/pico-sdk/src/rp2_common/pico_unique_id/unique_id.c.obj
                0x10001c30                pico_get_unique_board_id
 .text.flash_get_unique_id
                0x10001c40       0x40 CMakeFiles/sender.dir/C_/Cornell/23_FALL/ECE_5730/Labs/Pico/pico-sdk/src/rp2_common/hardware_flash/flash.c.obj
                0x10001c40                flash_get_unique_id
 .text.hw_claim_lock
                0x10001c80       0x18 CMakeFiles/sender.dir/C_/Cornell/23_FALL/ECE_5730/Labs/Pico/pico-sdk/src/rp2_common/hardware_claim/claim.c.obj
                0x10001c80                hw_claim_lock
 .text.hw_claim_unlock
                0x10001c98       0x14 CMakeFiles/sender.dir/C_/Cornell/23_FALL/ECE_5730/Labs/Pico/pico-sdk/src/rp2_common/hardware_claim/claim.c.obj
                0x10001c98                hw_claim_unlock
 .text.hw_claim_or_assert
                0x10001cac       0x44 CMakeFiles/sender.dir/C_/Cornell/23_FALL/ECE_5730/Labs/Pico/pico-sdk/src/rp2_common/hardware_claim/claim.c.obj
                0x10001cac                hw_claim_or_assert
 .text.hw_claim_unused_from_range
                0x10001cf0       0x9c CMakeFiles/sender.dir/C_/Cornell/23_FALL/ECE_5730/Labs/Pico/pico-sdk/src/rp2_common/hardware_claim/claim.c.obj
                0x10001cf0                hw_claim_unused_from_range
 .text.hw_claim_clear
                0x10001d8c       0x38 CMakeFiles/sender.dir/C_/Cornell/23_FALL/ECE_5730/Labs/Pico/pico-sdk/src/rp2_common/hardware_claim/claim.c.obj
                0x10001d8c                hw_claim_clear
 .text.spin_locks_reset
                0x10001dc4       0x1c CMakeFiles/sender.dir/C_/Cornell/23_FALL/ECE_5730/Labs/Pico/pico-sdk/src/rp2_common/hardware_sync/sync.c.obj
                0x10001dc4                spin_locks_reset
 .text.next_striped_spin_lock_num
                0x10001de0       0x18 CMakeFiles/sender.dir/C_/Cornell/23_FALL/ECE_5730/Labs/Pico/pico-sdk/src/rp2_common/hardware_sync/sync.c.obj
                0x10001de0                next_striped_spin_lock_num
 .text.rom_func_lookup
                0x10001df8       0x10 CMakeFiles/sender.dir/C_/Cornell/23_FALL/ECE_5730/Labs/Pico/pico-sdk/src/rp2_common/pico_bootrom/bootrom.c.obj
                0x10001df8                rom_func_lookup
 .text.rom_data_lookup
                0x10001e08       0x10 CMakeFiles/sender.dir/C_/Cornell/23_FALL/ECE_5730/Labs/Pico/pico-sdk/src/rp2_common/pico_bootrom/bootrom.c.obj
                0x10001e08                rom_data_lookup
 .text.rom_funcs_lookup
                0x10001e18       0x44 CMakeFiles/sender.dir/C_/Cornell/23_FALL/ECE_5730/Labs/Pico/pico-sdk/src/rp2_common/pico_bootrom/bootrom.c.obj
                0x10001e18                rom_funcs_lookup
 .text.clocks_init
                0x10001e5c      0x2d0 CMakeFiles/sender.dir/C_/Cornell/23_FALL/ECE_5730/Labs/Pico/pico-sdk/src/rp2_common/hardware_clocks/clocks.c.obj
                0x10001e5c                clocks_init
 .text.clock_get_hz
                0x1000212c        0xc CMakeFiles/sender.dir/C_/Cornell/23_FALL/ECE_5730/Labs/Pico/pico-sdk/src/rp2_common/hardware_clocks/clocks.c.obj
                0x1000212c                clock_get_hz
 .text.gpio_set_function
                0x10002138       0x30 CMakeFiles/sender.dir/C_/Cornell/23_FALL/ECE_5730/Labs/Pico/pico-sdk/src/rp2_common/hardware_gpio/gpio.c.obj
                0x10002138                gpio_set_function
 .text.gpio_set_pulls
                0x10002168       0x30 CMakeFiles/sender.dir/C_/Cornell/23_FALL/ECE_5730/Labs/Pico/pico-sdk/src/rp2_common/hardware_gpio/gpio.c.obj
                0x10002168                gpio_set_pulls
 .text.gpio_set_input_hysteresis_enabled
                0x10002198       0x28 CMakeFiles/sender.dir/C_/Cornell/23_FALL/ECE_5730/Labs/Pico/pico-sdk/src/rp2_common/hardware_gpio/gpio.c.obj
                0x10002198                gpio_set_input_hysteresis_enabled
 .text.gpio_set_irq_enabled
                0x100021c0       0x54 CMakeFiles/sender.dir/C_/Cornell/23_FALL/ECE_5730/Labs/Pico/pico-sdk/src/rp2_common/hardware_gpio/gpio.c.obj
                0x100021c0                gpio_set_irq_enabled
 .text.gpio_add_raw_irq_handler_with_order_priority_masked
                0x10002214       0x44 CMakeFiles/sender.dir/C_/Cornell/23_FALL/ECE_5730/Labs/Pico/pico-sdk/src/rp2_common/hardware_gpio/gpio.c.obj
                0x10002214                gpio_add_raw_irq_handler_with_order_priority_masked
 .text.gpio_remove_raw_irq_handler_masked
                0x10002258       0x20 CMakeFiles/sender.dir/C_/Cornell/23_FALL/ECE_5730/Labs/Pico/pico-sdk/src/rp2_common/hardware_gpio/gpio.c.obj
                0x10002258                gpio_remove_raw_irq_handler_masked
 .text.gpio_init
                0x10002278       0x3c CMakeFiles/sender.dir/C_/Cornell/23_FALL/ECE_5730/Labs/Pico/pico-sdk/src/rp2_common/hardware_gpio/gpio.c.obj
                0x10002278                gpio_init
 .text.irq_set_enabled
                0x100022b4       0x24 CMakeFiles/sender.dir/C_/Cornell/23_FALL/ECE_5730/Labs/Pico/pico-sdk/src/rp2_common/hardware_irq/irq.c.obj
                0x100022b4                irq_set_enabled
 .text.irq_is_enabled
                0x100022d8       0x18 CMakeFiles/sender.dir/C_/Cornell/23_FALL/ECE_5730/Labs/Pico/pico-sdk/src/rp2_common/hardware_irq/irq.c.obj
                0x100022d8                irq_is_enabled
 .text.irq_set_pending
                0x100022f0       0x10 CMakeFiles/sender.dir/C_/Cornell/23_FALL/ECE_5730/Labs/Pico/pico-sdk/src/rp2_common/hardware_irq/irq.c.obj
                0x100022f0                irq_set_pending
 .text.irq_get_vtable_handler
                0x10002300       0x10 CMakeFiles/sender.dir/C_/Cornell/23_FALL/ECE_5730/Labs/Pico/pico-sdk/src/rp2_common/hardware_irq/irq.c.obj
                0x10002300                irq_get_vtable_handler
 .text.irq_set_exclusive_handler
                0x10002310       0x54 CMakeFiles/sender.dir/C_/Cornell/23_FALL/ECE_5730/Labs/Pico/pico-sdk/src/rp2_common/hardware_irq/irq.c.obj
                0x10002310                irq_set_exclusive_handler
 .text.irq_add_shared_handler
                0x10002364      0x1e8 CMakeFiles/sender.dir/C_/Cornell/23_FALL/ECE_5730/Labs/Pico/pico-sdk/src/rp2_common/hardware_irq/irq.c.obj
                0x10002364                irq_add_shared_handler
 .text.irq_remove_handler
                0x1000254c      0x1b0 CMakeFiles/sender.dir/C_/Cornell/23_FALL/ECE_5730/Labs/Pico/pico-sdk/src/rp2_common/hardware_irq/irq.c.obj
                0x1000254c                irq_remove_handler
 .text.irq_set_priority
                0x100026fc       0x28 CMakeFiles/sender.dir/C_/Cornell/23_FALL/ECE_5730/Labs/Pico/pico-sdk/src/rp2_common/hardware_irq/irq.c.obj
                0x100026fc                irq_set_priority
 .text.irq_add_tail_to_free_list
                0x10002724       0xb4 CMakeFiles/sender.dir/C_/Cornell/23_FALL/ECE_5730/Labs/Pico/pico-sdk/src/rp2_common/hardware_irq/irq.c.obj
                0x10002724                irq_add_tail_to_free_list
 .text.irq_init_priorities
                0x100027d8       0x24 CMakeFiles/sender.dir/C_/Cornell/23_FALL/ECE_5730/Labs/Pico/pico-sdk/src/rp2_common/hardware_irq/irq.c.obj
                0x100027d8                irq_init_priorities
 .text.user_irq_unclaim
                0x100027fc       0x14 CMakeFiles/sender.dir/C_/Cornell/23_FALL/ECE_5730/Labs/Pico/pico-sdk/src/rp2_common/hardware_irq/irq.c.obj
                0x100027fc                user_irq_unclaim
 .text.user_irq_claim_unused
                0x10002810       0x28 CMakeFiles/sender.dir/C_/Cornell/23_FALL/ECE_5730/Labs/Pico/pico-sdk/src/rp2_common/hardware_irq/irq.c.obj
                0x10002810                user_irq_claim_unused
 .text.sem_init
                0x10002838       0x20 CMakeFiles/sender.dir/C_/Cornell/23_FALL/ECE_5730/Labs/Pico/pico-sdk/src/common/pico_sync/sem.c.obj
                0x10002838                sem_init
 .text.lock_init
                0x10002858       0x10 CMakeFiles/sender.dir/C_/Cornell/23_FALL/ECE_5730/Labs/Pico/pico-sdk/src/common/pico_sync/lock_core.c.obj
                0x10002858                lock_init
 .text.mutex_init
                0x10002868       0x1c CMakeFiles/sender.dir/C_/Cornell/23_FALL/ECE_5730/Labs/Pico/pico-sdk/src/common/pico_sync/mutex.c.obj
                0x10002868                mutex_init
 .text.recursive_mutex_init
                0x10002884       0x1c CMakeFiles/sender.dir/C_/Cornell/23_FALL/ECE_5730/Labs/Pico/pico-sdk/src/common/pico_sync/mutex.c.obj
                0x10002884                recursive_mutex_init
 .text.timer_pool_entry_comparator
                0x100028a0       0x34 CMakeFiles/sender.dir/C_/Cornell/23_FALL/ECE_5730/Labs/Pico/pico-sdk/src/common/pico_time/time.c.obj
                0x100028a0                timer_pool_entry_comparator
 .text.repeating_timer_callback
                0x100028d4       0x1c CMakeFiles/sender.dir/C_/Cornell/23_FALL/ECE_5730/Labs/Pico/pico-sdk/src/common/pico_time/time.c.obj
 .text.sleep_until_callback
                0x100028f0       0x30 CMakeFiles/sender.dir/C_/Cornell/23_FALL/ECE_5730/Labs/Pico/pico-sdk/src/common/pico_time/time.c.obj
 .text.add_alarm_under_lock.isra.0
                0x10002920      0x100 CMakeFiles/sender.dir/C_/Cornell/23_FALL/ECE_5730/Labs/Pico/pico-sdk/src/common/pico_time/time.c.obj
 .text.alarm_pool_alarm_callback
                0x10002a20      0x1bc CMakeFiles/sender.dir/C_/Cornell/23_FALL/ECE_5730/Labs/Pico/pico-sdk/src/common/pico_time/time.c.obj
 .text.alarm_pool_init_default
                0x10002bdc       0x6c CMakeFiles/sender.dir/C_/Cornell/23_FALL/ECE_5730/Labs/Pico/pico-sdk/src/common/pico_time/time.c.obj
                0x10002bdc                alarm_pool_init_default
 .text.alarm_pool_get_default
                0x10002c48        0x8 CMakeFiles/sender.dir/C_/Cornell/23_FALL/ECE_5730/Labs/Pico/pico-sdk/src/common/pico_time/time.c.obj
                0x10002c48                alarm_pool_get_default
 .text.alarm_pool_create_with_unused_hardware_alarm
                0x10002c50       0x74 CMakeFiles/sender.dir/C_/Cornell/23_FALL/ECE_5730/Labs/Pico/pico-sdk/src/common/pico_time/time.c.obj
                0x10002c50                alarm_pool_create_with_unused_hardware_alarm
 .text.alarm_pool_destroy
                0x10002cc4       0x44 CMakeFiles/sender.dir/C_/Cornell/23_FALL/ECE_5730/Labs/Pico/pico-sdk/src/common/pico_time/time.c.obj
                0x10002cc4                alarm_pool_destroy
 .text.alarm_pool_add_alarm_at
                0x10002d08      0x178 CMakeFiles/sender.dir/C_/Cornell/23_FALL/ECE_5730/Labs/Pico/pico-sdk/src/common/pico_time/time.c.obj
                0x10002d08                alarm_pool_add_alarm_at
 .text.alarm_pool_add_alarm_at_force_in_context
                0x10002e80      0x124 CMakeFiles/sender.dir/C_/Cornell/23_FALL/ECE_5730/Labs/Pico/pico-sdk/src/common/pico_time/time.c.obj
                0x10002e80                alarm_pool_add_alarm_at_force_in_context
 .text.alarm_pool_cancel_alarm
                0x10002fa4       0x78 CMakeFiles/sender.dir/C_/Cornell/23_FALL/ECE_5730/Labs/Pico/pico-sdk/src/common/pico_time/time.c.obj
                0x10002fa4                alarm_pool_cancel_alarm
 .text.alarm_pool_core_num
                0x1000301c        0x4 CMakeFiles/sender.dir/C_/Cornell/23_FALL/ECE_5730/Labs/Pico/pico-sdk/src/common/pico_time/time.c.obj
                0x1000301c                alarm_pool_core_num
 .text.alarm_pool_add_repeating_timer_us
                0x10003020      0x208 CMakeFiles/sender.dir/C_/Cornell/23_FALL/ECE_5730/Labs/Pico/pico-sdk/src/common/pico_time/time.c.obj
                0x10003020                alarm_pool_add_repeating_timer_us
 .text.sleep_until
                0x10003228       0xc4 CMakeFiles/sender.dir/C_/Cornell/23_FALL/ECE_5730/Labs/Pico/pico-sdk/src/common/pico_time/time.c.obj
                0x10003228                sleep_until
 .text.sleep_ms
                0x100032ec       0x34 CMakeFiles/sender.dir/C_/Cornell/23_FALL/ECE_5730/Labs/Pico/pico-sdk/src/common/pico_time/time.c.obj
                0x100032ec                sleep_ms
 .text.best_effort_wfe_or_timeout
                0x10003320       0xd4 CMakeFiles/sender.dir/C_/Cornell/23_FALL/ECE_5730/Labs/Pico/pico-sdk/src/common/pico_time/time.c.obj
                0x10003320                best_effort_wfe_or_timeout
 .text.hardware_alarm_irq_handler
                0x100033f4       0xbc CMakeFiles/sender.dir/C_/Cornell/23_FALL/ECE_5730/Labs/Pico/pico-sdk/src/rp2_common/hardware_timer/timer.c.obj
 .text.hardware_alarm_claim
                0x100034b0       0x18 CMakeFiles/sender.dir/C_/Cornell/23_FALL/ECE_5730/Labs/Pico/pico-sdk/src/rp2_common/hardware_timer/timer.c.obj
                0x100034b0                hardware_alarm_claim
 .text.hardware_alarm_unclaim
                0x100034c8       0x10 CMakeFiles/sender.dir/C_/Cornell/23_FALL/ECE_5730/Labs/Pico/pico-sdk/src/rp2_common/hardware_timer/timer.c.obj
                0x100034c8                hardware_alarm_unclaim
 .text.hardware_alarm_claim_unused
                0x100034d8       0x20 CMakeFiles/sender.dir/C_/Cornell/23_FALL/ECE_5730/Labs/Pico/pico-sdk/src/rp2_common/hardware_timer/timer.c.obj
                0x100034d8                hardware_alarm_claim_unused
 .text.time_us_64
                0x100034f8       0x14 CMakeFiles/sender.dir/C_/Cornell/23_FALL/ECE_5730/Labs/Pico/pico-sdk/src/rp2_common/hardware_timer/timer.c.obj
                0x100034f8                time_us_64
 .text.busy_wait_us
                0x1000350c       0x54 CMakeFiles/sender.dir/C_/Cornell/23_FALL/ECE_5730/Labs/Pico/pico-sdk/src/rp2_common/hardware_timer/timer.c.obj
                0x1000350c                busy_wait_us
 .text.busy_wait_until
                0x10003560       0x20 CMakeFiles/sender.dir/C_/Cornell/23_FALL/ECE_5730/Labs/Pico/pico-sdk/src/rp2_common/hardware_timer/timer.c.obj
                0x10003560                busy_wait_until
 .text.hardware_alarm_set_callback
                0x10003580       0x8c CMakeFiles/sender.dir/C_/Cornell/23_FALL/ECE_5730/Labs/Pico/pico-sdk/src/rp2_common/hardware_timer/timer.c.obj
                0x10003580                hardware_alarm_set_callback
 .text.hardware_alarm_set_target
                0x1000360c       0xd4 CMakeFiles/sender.dir/C_/Cornell/23_FALL/ECE_5730/Labs/Pico/pico-sdk/src/rp2_common/hardware_timer/timer.c.obj
                0x1000360c                hardware_alarm_set_target
 .text.hardware_alarm_cancel
                0x100036e0       0x3c CMakeFiles/sender.dir/C_/Cornell/23_FALL/ECE_5730/Labs/Pico/pico-sdk/src/rp2_common/hardware_timer/timer.c.obj
                0x100036e0                hardware_alarm_cancel
 .text.hardware_alarm_force_irq
                0x1000371c       0x3c CMakeFiles/sender.dir/C_/Cornell/23_FALL/ECE_5730/Labs/Pico/pico-sdk/src/rp2_common/hardware_timer/timer.c.obj
                0x1000371c                hardware_alarm_force_irq
 .text.ph_merge_nodes
                0x10003758       0x68 CMakeFiles/sender.dir/C_/Cornell/23_FALL/ECE_5730/Labs/Pico/pico-sdk/src/common/pico_util/pheap.c.obj
 .text.ph_create
                0x100037c0       0x60 CMakeFiles/sender.dir/C_/Cornell/23_FALL/ECE_5730/Labs/Pico/pico-sdk/src/common/pico_util/pheap.c.obj
                0x100037c0                ph_create
 .text.ph_post_alloc_init
                0x10003820       0x3c CMakeFiles/sender.dir/C_/Cornell/23_FALL/ECE_5730/Labs/Pico/pico-sdk/src/common/pico_util/pheap.c.obj
                0x10003820                ph_post_alloc_init
 .text.ph_destroy
                0x1000385c       0x14 CMakeFiles/sender.dir/C_/Cornell/23_FALL/ECE_5730/Labs/Pico/pico-sdk/src/common/pico_util/pheap.c.obj
                0x1000385c                ph_destroy
 .text.ph_merge_two_pass
                0x10003870       0x90 CMakeFiles/sender.dir/C_/Cornell/23_FALL/ECE_5730/Labs/Pico/pico-sdk/src/common/pico_util/pheap.c.obj
                0x10003870                ph_merge_two_pass
 .text.ph_remove_any_head
                0x10003900      0x100 CMakeFiles/sender.dir/C_/Cornell/23_FALL/ECE_5730/Labs/Pico/pico-sdk/src/common/pico_util/pheap.c.obj
 .text.ph_remove_head
                0x10003a00      0x104 CMakeFiles/sender.dir/C_/Cornell/23_FALL/ECE_5730/Labs/Pico/pico-sdk/src/common/pico_util/pheap.c.obj
                0x10003a00                ph_remove_head
 .text.ph_remove_and_free_node
                0x10003b04       0x7c CMakeFiles/sender.dir/C_/Cornell/23_FALL/ECE_5730/Labs/Pico/pico-sdk/src/common/pico_util/pheap.c.obj
                0x10003b04                ph_remove_and_free_node
 .text.pll_init
                0x10003b80       0xa0 CMakeFiles/sender.dir/C_/Cornell/23_FALL/ECE_5730/Labs/Pico/pico-sdk/src/rp2_common/hardware_pll/pll.c.obj
                0x10003b80                pll_init
 .text.watchdog_start_tick
                0x10003c20       0x10 CMakeFiles/sender.dir/C_/Cornell/23_FALL/ECE_5730/Labs/Pico/pico-sdk/src/rp2_common/hardware_watchdog/watchdog.c.obj
                0x10003c20                watchdog_start_tick
 .text.xosc_init
                0x10003c30       0x28 CMakeFiles/sender.dir/C_/Cornell/23_FALL/ECE_5730/Labs/Pico/pico-sdk/src/rp2_common/hardware_xosc/xosc.c.obj
                0x10003c30                xosc_init
 .text.lwip_init
                0x10003c58       0x24 CMakeFiles/sender.dir/C_/Cornell/23_FALL/ECE_5730/Labs/Pico/pico-sdk/lib/lwip/src/core/init.c.obj
                0x10003c58                lwip_init
 .text.lwip_htons
                0x10003c7c        0x8 CMakeFiles/sender.dir/C_/Cornell/23_FALL/ECE_5730/Labs/Pico/pico-sdk/lib/lwip/src/core/def.c.obj
                0x10003c7c                lwip_htons
 .text.lwip_htonl
                0x10003c84        0x4 CMakeFiles/sender.dir/C_/Cornell/23_FALL/ECE_5730/Labs/Pico/pico-sdk/lib/lwip/src/core/def.c.obj
                0x10003c84                lwip_htonl
 .text.dns_call_found
                0x10003c88      0x134 CMakeFiles/sender.dir/C_/Cornell/23_FALL/ECE_5730/Labs/Pico/pico-sdk/lib/lwip/src/core/dns.c.obj
 .text.dns_send.isra.0
                0x10003dbc      0x168 CMakeFiles/sender.dir/C_/Cornell/23_FALL/ECE_5730/Labs/Pico/pico-sdk/lib/lwip/src/core/dns.c.obj
 .text.dns_init
                0x10003f24        0x4 CMakeFiles/sender.dir/C_/Cornell/23_FALL/ECE_5730/Labs/Pico/pico-sdk/lib/lwip/src/core/dns.c.obj
                0x10003f24                dns_init
 .text.dns_setserver
                0x10003f28       0x2c CMakeFiles/sender.dir/C_/Cornell/23_FALL/ECE_5730/Labs/Pico/pico-sdk/lib/lwip/src/core/dns.c.obj
                0x10003f28                dns_setserver
 .text.dns_tmr  0x10003f54      0x138 CMakeFiles/sender.dir/C_/Cornell/23_FALL/ECE_5730/Labs/Pico/pico-sdk/lib/lwip/src/core/dns.c.obj
                0x10003f54                dns_tmr
 .text.lwip_standard_chksum
                0x1000408c       0xd8 CMakeFiles/sender.dir/C_/Cornell/23_FALL/ECE_5730/Labs/Pico/pico-sdk/lib/lwip/src/core/inet_chksum.c.obj
                0x1000408c                lwip_standard_chksum
 .text.inet_chksum_pseudo
                0x10004164       0xb4 CMakeFiles/sender.dir/C_/Cornell/23_FALL/ECE_5730/Labs/Pico/pico-sdk/lib/lwip/src/core/inet_chksum.c.obj
                0x10004164                inet_chksum_pseudo
 .text.ip_chksum_pseudo
                0x10004218       0x10 CMakeFiles/sender.dir/C_/Cornell/23_FALL/ECE_5730/Labs/Pico/pico-sdk/lib/lwip/src/core/inet_chksum.c.obj
                0x10004218                ip_chksum_pseudo
 .text.inet_chksum
                0x10004228        0xc CMakeFiles/sender.dir/C_/Cornell/23_FALL/ECE_5730/Labs/Pico/pico-sdk/lib/lwip/src/core/inet_chksum.c.obj
                0x10004228                inet_chksum
 .text.inet_chksum_pbuf
                0x10004234       0x6c CMakeFiles/sender.dir/C_/Cornell/23_FALL/ECE_5730/Labs/Pico/pico-sdk/lib/lwip/src/core/inet_chksum.c.obj
                0x10004234                inet_chksum_pbuf
 .text.mem_init
                0x100042a0       0x40 CMakeFiles/sender.dir/C_/Cornell/23_FALL/ECE_5730/Labs/Pico/pico-sdk/lib/lwip/src/core/mem.c.obj
                0x100042a0                mem_init
 .text.mem_free
                0x100042e0      0x11c CMakeFiles/sender.dir/C_/Cornell/23_FALL/ECE_5730/Labs/Pico/pico-sdk/lib/lwip/src/core/mem.c.obj
                0x100042e0                mem_free
 .text.mem_trim
                0x100043fc      0x110 CMakeFiles/sender.dir/C_/Cornell/23_FALL/ECE_5730/Labs/Pico/pico-sdk/lib/lwip/src/core/mem.c.obj
                0x100043fc                mem_trim
 .text.mem_malloc
                0x1000450c      0x120 CMakeFiles/sender.dir/C_/Cornell/23_FALL/ECE_5730/Labs/Pico/pico-sdk/lib/lwip/src/core/mem.c.obj
                0x1000450c                mem_malloc
 .text.memp_init
                0x1000462c       0x6c CMakeFiles/sender.dir/C_/Cornell/23_FALL/ECE_5730/Labs/Pico/pico-sdk/lib/lwip/src/core/memp.c.obj
                0x1000462c                memp_init
 .text.memp_malloc
                0x10004698       0x3c CMakeFiles/sender.dir/C_/Cornell/23_FALL/ECE_5730/Labs/Pico/pico-sdk/lib/lwip/src/core/memp.c.obj
                0x10004698                memp_malloc
 .text.memp_free
                0x100046d4       0x38 CMakeFiles/sender.dir/C_/Cornell/23_FALL/ECE_5730/Labs/Pico/pico-sdk/lib/lwip/src/core/memp.c.obj
                0x100046d4                memp_free
 .text.netif_null_output_ip4
                0x1000470c        0x8 CMakeFiles/sender.dir/C_/Cornell/23_FALL/ECE_5730/Labs/Pico/pico-sdk/lib/lwip/src/core/netif.c.obj
 .text.netif_do_set_ipaddr.isra.0
                0x10004714       0x70 CMakeFiles/sender.dir/C_/Cornell/23_FALL/ECE_5730/Labs/Pico/pico-sdk/lib/lwip/src/core/netif.c.obj
 .text.netif_init
                0x10004784        0x4 CMakeFiles/sender.dir/C_/Cornell/23_FALL/ECE_5730/Labs/Pico/pico-sdk/lib/lwip/src/core/netif.c.obj
                0x10004784                netif_init
 .text.netif_add
                0x10004788      0x144 CMakeFiles/sender.dir/C_/Cornell/23_FALL/ECE_5730/Labs/Pico/pico-sdk/lib/lwip/src/core/netif.c.obj
                0x10004788                netif_add
 .text.netif_set_ipaddr
                0x100048cc       0x70 CMakeFiles/sender.dir/C_/Cornell/23_FALL/ECE_5730/Labs/Pico/pico-sdk/lib/lwip/src/core/netif.c.obj
                0x100048cc                netif_set_ipaddr
 .text.netif_set_addr
                0x1000493c       0xb8 CMakeFiles/sender.dir/C_/Cornell/23_FALL/ECE_5730/Labs/Pico/pico-sdk/lib/lwip/src/core/netif.c.obj
                0x1000493c                netif_set_addr
 .text.netif_remove
                0x100049f4       0x94 CMakeFiles/sender.dir/C_/Cornell/23_FALL/ECE_5730/Labs/Pico/pico-sdk/lib/lwip/src/core/netif.c.obj
                0x100049f4                netif_remove
 .text.netif_set_default
                0x10004a88        0xc CMakeFiles/sender.dir/C_/Cornell/23_FALL/ECE_5730/Labs/Pico/pico-sdk/lib/lwip/src/core/netif.c.obj
                0x10004a88                netif_set_default
 .text.netif_set_up
                0x10004a94       0x40 CMakeFiles/sender.dir/C_/Cornell/23_FALL/ECE_5730/Labs/Pico/pico-sdk/lib/lwip/src/core/netif.c.obj
                0x10004a94                netif_set_up
 .text.netif_set_link_up
                0x10004ad4       0x44 CMakeFiles/sender.dir/C_/Cornell/23_FALL/ECE_5730/Labs/Pico/pico-sdk/lib/lwip/src/core/netif.c.obj
                0x10004ad4                netif_set_link_up
 .text.netif_set_link_down
                0x10004b18       0x20 CMakeFiles/sender.dir/C_/Cornell/23_FALL/ECE_5730/Labs/Pico/pico-sdk/lib/lwip/src/core/netif.c.obj
                0x10004b18                netif_set_link_down
 .text.netif_get_by_index
                0x10004b38       0x2c CMakeFiles/sender.dir/C_/Cornell/23_FALL/ECE_5730/Labs/Pico/pico-sdk/lib/lwip/src/core/netif.c.obj
                0x10004b38                netif_get_by_index
 .text.pbuf_free.part.0
                0x10004b64       0x7c CMakeFiles/sender.dir/C_/Cornell/23_FALL/ECE_5730/Labs/Pico/pico-sdk/lib/lwip/src/core/pbuf.c.obj
 .text.pbuf_free_ooseq
                0x10004be0       0x34 CMakeFiles/sender.dir/C_/Cornell/23_FALL/ECE_5730/Labs/Pico/pico-sdk/lib/lwip/src/core/pbuf.c.obj
                0x10004be0                pbuf_free_ooseq
 .text.pbuf_alloc
                0x10004c14      0x130 CMakeFiles/sender.dir/C_/Cornell/23_FALL/ECE_5730/Labs/Pico/pico-sdk/lib/lwip/src/core/pbuf.c.obj
                0x10004c14                pbuf_alloc
 .text.pbuf_realloc
                0x10004d44       0x88 CMakeFiles/sender.dir/C_/Cornell/23_FALL/ECE_5730/Labs/Pico/pico-sdk/lib/lwip/src/core/pbuf.c.obj
                0x10004d44                pbuf_realloc
 .text.pbuf_add_header
                0x10004dcc       0x54 CMakeFiles/sender.dir/C_/Cornell/23_FALL/ECE_5730/Labs/Pico/pico-sdk/lib/lwip/src/core/pbuf.c.obj
                0x10004dcc                pbuf_add_header
 .text.pbuf_remove_header
                0x10004e20       0x44 CMakeFiles/sender.dir/C_/Cornell/23_FALL/ECE_5730/Labs/Pico/pico-sdk/lib/lwip/src/core/pbuf.c.obj
                0x10004e20                pbuf_remove_header
 .text.pbuf_header_force
                0x10004e64       0x74 CMakeFiles/sender.dir/C_/Cornell/23_FALL/ECE_5730/Labs/Pico/pico-sdk/lib/lwip/src/core/pbuf.c.obj
                0x10004e64                pbuf_header_force
 .text.pbuf_free
                0x10004ed8       0x18 CMakeFiles/sender.dir/C_/Cornell/23_FALL/ECE_5730/Labs/Pico/pico-sdk/lib/lwip/src/core/pbuf.c.obj
                0x10004ed8                pbuf_free
 .text.pbuf_clen
                0x10004ef0       0x14 CMakeFiles/sender.dir/C_/Cornell/23_FALL/ECE_5730/Labs/Pico/pico-sdk/lib/lwip/src/core/pbuf.c.obj
                0x10004ef0                pbuf_clen
 .text.pbuf_ref
                0x10004f04       0x28 CMakeFiles/sender.dir/C_/Cornell/23_FALL/ECE_5730/Labs/Pico/pico-sdk/lib/lwip/src/core/pbuf.c.obj
                0x10004f04                pbuf_ref
 .text.pbuf_cat
                0x10004f2c       0x3c CMakeFiles/sender.dir/C_/Cornell/23_FALL/ECE_5730/Labs/Pico/pico-sdk/lib/lwip/src/core/pbuf.c.obj
                0x10004f2c                pbuf_cat
 .text.pbuf_chain
                0x10004f68       0x64 CMakeFiles/sender.dir/C_/Cornell/23_FALL/ECE_5730/Labs/Pico/pico-sdk/lib/lwip/src/core/pbuf.c.obj
                0x10004f68                pbuf_chain
 .text.pbuf_copy_partial_pbuf
                0x10004fcc      0x13c CMakeFiles/sender.dir/C_/Cornell/23_FALL/ECE_5730/Labs/Pico/pico-sdk/lib/lwip/src/core/pbuf.c.obj
                0x10004fcc                pbuf_copy_partial_pbuf
 .text.pbuf_copy
                0x10005108       0x18 CMakeFiles/sender.dir/C_/Cornell/23_FALL/ECE_5730/Labs/Pico/pico-sdk/lib/lwip/src/core/pbuf.c.obj
                0x10005108                pbuf_copy
 .text.pbuf_copy_partial
                0x10005120       0x70 CMakeFiles/sender.dir/C_/Cornell/23_FALL/ECE_5730/Labs/Pico/pico-sdk/lib/lwip/src/core/pbuf.c.obj
                0x10005120                pbuf_copy_partial
 .text.pbuf_take
                0x10005190       0x78 CMakeFiles/sender.dir/C_/Cornell/23_FALL/ECE_5730/Labs/Pico/pico-sdk/lib/lwip/src/core/pbuf.c.obj
                0x10005190                pbuf_take
 .text.pbuf_take_at
                0x10005208       0xc0 CMakeFiles/sender.dir/C_/Cornell/23_FALL/ECE_5730/Labs/Pico/pico-sdk/lib/lwip/src/core/pbuf.c.obj
                0x10005208                pbuf_take_at
 .text.pbuf_clone
                0x100052c8       0x30 CMakeFiles/sender.dir/C_/Cornell/23_FALL/ECE_5730/Labs/Pico/pico-sdk/lib/lwip/src/core/pbuf.c.obj
                0x100052c8                pbuf_clone
 .text.pbuf_put_at
                0x100052f8       0x1c CMakeFiles/sender.dir/C_/Cornell/23_FALL/ECE_5730/Labs/Pico/pico-sdk/lib/lwip/src/core/pbuf.c.obj
                0x100052f8                pbuf_put_at
 .text.raw_input
                0x10005314       0xf0 CMakeFiles/sender.dir/C_/Cornell/23_FALL/ECE_5730/Labs/Pico/pico-sdk/lib/lwip/src/core/raw.c.obj
                0x10005314                raw_input
 .text.raw_netif_ip_addr_changed
                0x10005404       0x40 CMakeFiles/sender.dir/C_/Cornell/23_FALL/ECE_5730/Labs/Pico/pico-sdk/lib/lwip/src/core/raw.c.obj
                0x10005404                raw_netif_ip_addr_changed
 .text.stats_init
                0x10005444        0x4 CMakeFiles/sender.dir/C_/Cornell/23_FALL/ECE_5730/Labs/Pico/pico-sdk/lib/lwip/src/core/stats.c.obj
                0x10005444                stats_init
 .text.tcp_close_shutdown_fin
                0x10005448       0x58 CMakeFiles/sender.dir/C_/Cornell/23_FALL/ECE_5730/Labs/Pico/pico-sdk/lib/lwip/src/core/tcp.c.obj
 .text.tcp_pcb_purge.part.0
                0x100054a0       0xc4 CMakeFiles/sender.dir/C_/Cornell/23_FALL/ECE_5730/Labs/Pico/pico-sdk/lib/lwip/src/core/tcp.c.obj
 .text.tcp_init
                0x10005564       0x20 CMakeFiles/sender.dir/C_/Cornell/23_FALL/ECE_5730/Labs/Pico/pico-sdk/lib/lwip/src/core/tcp.c.obj
                0x10005564                tcp_init
 .text.tcp_free
                0x10005584       0x1c CMakeFiles/sender.dir/C_/Cornell/23_FALL/ECE_5730/Labs/Pico/pico-sdk/lib/lwip/src/core/tcp.c.obj
                0x10005584                tcp_free
 .text.tcp_update_rcv_ann_wnd
                0x100055a0       0x60 CMakeFiles/sender.dir/C_/Cornell/23_FALL/ECE_5730/Labs/Pico/pico-sdk/lib/lwip/src/core/tcp.c.obj
                0x100055a0                tcp_update_rcv_ann_wnd
 .text.tcp_recved
                0x10005600       0x98 CMakeFiles/sender.dir/C_/Cornell/23_FALL/ECE_5730/Labs/Pico/pico-sdk/lib/lwip/src/core/tcp.c.obj
                0x10005600                tcp_recved
 .text.tcp_slowtmr
                0x10005698      0x4dc CMakeFiles/sender.dir/C_/Cornell/23_FALL/ECE_5730/Labs/Pico/pico-sdk/lib/lwip/src/core/tcp.c.obj
                0x10005698                tcp_slowtmr
 .text.tcp_segs_free
                0x10005b74       0x38 CMakeFiles/sender.dir/C_/Cornell/23_FALL/ECE_5730/Labs/Pico/pico-sdk/lib/lwip/src/core/tcp.c.obj
                0x10005b74                tcp_segs_free
 .text.tcp_seg_free
                0x10005bac       0x1c CMakeFiles/sender.dir/C_/Cornell/23_FALL/ECE_5730/Labs/Pico/pico-sdk/lib/lwip/src/core/tcp.c.obj
                0x10005bac                tcp_seg_free
 .text.tcp_seg_copy
                0x10005bc8       0x2c CMakeFiles/sender.dir/C_/Cornell/23_FALL/ECE_5730/Labs/Pico/pico-sdk/lib/lwip/src/core/tcp.c.obj
                0x10005bc8                tcp_seg_copy
 .text.tcp_pcb_purge
                0x10005bf4       0x18 CMakeFiles/sender.dir/C_/Cornell/23_FALL/ECE_5730/Labs/Pico/pico-sdk/lib/lwip/src/core/tcp.c.obj
                0x10005bf4                tcp_pcb_purge
 .text.tcp_pcb_remove
                0x10005c0c       0xc8 CMakeFiles/sender.dir/C_/Cornell/23_FALL/ECE_5730/Labs/Pico/pico-sdk/lib/lwip/src/core/tcp.c.obj
                0x10005c0c                tcp_pcb_remove
 .text.tcp_abandon
                0x10005cd4      0x1ac CMakeFiles/sender.dir/C_/Cornell/23_FALL/ECE_5730/Labs/Pico/pico-sdk/lib/lwip/src/core/tcp.c.obj
                0x10005cd4                tcp_abandon
 .text.tcp_abort
                0x10005e80        0xc CMakeFiles/sender.dir/C_/Cornell/23_FALL/ECE_5730/Labs/Pico/pico-sdk/lib/lwip/src/core/tcp.c.obj
                0x10005e80                tcp_abort
 .text.tcp_alloc
                0x10005e8c      0x1cc CMakeFiles/sender.dir/C_/Cornell/23_FALL/ECE_5730/Labs/Pico/pico-sdk/lib/lwip/src/core/tcp.c.obj
                0x10005e8c                tcp_alloc
 .text.tcp_close_shutdown
                0x10006058      0x18c CMakeFiles/sender.dir/C_/Cornell/23_FALL/ECE_5730/Labs/Pico/pico-sdk/lib/lwip/src/core/tcp.c.obj
 .text.tcp_recv_null
                0x100061e4       0xd4 CMakeFiles/sender.dir/C_/Cornell/23_FALL/ECE_5730/Labs/Pico/pico-sdk/lib/lwip/src/core/tcp.c.obj
                0x100061e4                tcp_recv_null
 .text.tcp_process_refused_data
                0x100062b8       0x78 CMakeFiles/sender.dir/C_/Cornell/23_FALL/ECE_5730/Labs/Pico/pico-sdk/lib/lwip/src/core/tcp.c.obj
                0x100062b8                tcp_process_refused_data
 .text.tcp_fasttmr
                0x10006330       0x98 CMakeFiles/sender.dir/C_/Cornell/23_FALL/ECE_5730/Labs/Pico/pico-sdk/lib/lwip/src/core/tcp.c.obj
                0x10006330                tcp_fasttmr
 .text.tcp_tmr  0x100063c8       0x20 CMakeFiles/sender.dir/C_/Cornell/23_FALL/ECE_5730/Labs/Pico/pico-sdk/lib/lwip/src/core/tcp.c.obj
                0x100063c8                tcp_tmr
 .text.tcp_next_iss
                0x100063e8       0x28 CMakeFiles/sender.dir/C_/Cornell/23_FALL/ECE_5730/Labs/Pico/pico-sdk/lib/lwip/src/core/tcp.c.obj
                0x100063e8                tcp_next_iss
 .text.tcp_eff_send_mss_netif
                0x10006410       0x38 CMakeFiles/sender.dir/C_/Cornell/23_FALL/ECE_5730/Labs/Pico/pico-sdk/lib/lwip/src/core/tcp.c.obj
                0x10006410                tcp_eff_send_mss_netif
 .text.tcp_netif_ip_addr_changed
                0x10006448       0x9c CMakeFiles/sender.dir/C_/Cornell/23_FALL/ECE_5730/Labs/Pico/pico-sdk/lib/lwip/src/core/tcp.c.obj
                0x10006448                tcp_netif_ip_addr_changed
 .text.tcp_free_ooseq
                0x100064e4       0x40 CMakeFiles/sender.dir/C_/Cornell/23_FALL/ECE_5730/Labs/Pico/pico-sdk/lib/lwip/src/core/tcp.c.obj
                0x100064e4                tcp_free_ooseq
 .text.tcp_parseopt
                0x10006524      0x190 CMakeFiles/sender.dir/C_/Cornell/23_FALL/ECE_5730/Labs/Pico/pico-sdk/lib/lwip/src/core/tcp_in.c.obj
 .text.tcp_oos_insert_segment
                0x100066b4       0xe0 CMakeFiles/sender.dir/C_/Cornell/23_FALL/ECE_5730/Labs/Pico/pico-sdk/lib/lwip/src/core/tcp_in.c.obj
 .text.tcp_free_acked_segments.constprop.0
                0x10006794       0xdc CMakeFiles/sender.dir/C_/Cornell/23_FALL/ECE_5730/Labs/Pico/pico-sdk/lib/lwip/src/core/tcp_in.c.obj
 .text.tcp_receive
                0x10006870      0xa4c CMakeFiles/sender.dir/C_/Cornell/23_FALL/ECE_5730/Labs/Pico/pico-sdk/lib/lwip/src/core/tcp_in.c.obj
 .text.tcp_input
                0x100072bc      0xda4 CMakeFiles/sender.dir/C_/Cornell/23_FALL/ECE_5730/Labs/Pico/pico-sdk/lib/lwip/src/core/tcp_in.c.obj
                0x100072bc                tcp_input
 .text.tcp_trigger_input_pcb_close
                0x10008060       0x10 CMakeFiles/sender.dir/C_/Cornell/23_FALL/ECE_5730/Labs/Pico/pico-sdk/lib/lwip/src/core/tcp_in.c.obj
                0x10008060                tcp_trigger_input_pcb_close
 .text.tcp_create_segment
                0x10008070       0xf8 CMakeFiles/sender.dir/C_/Cornell/23_FALL/ECE_5730/Labs/Pico/pico-sdk/lib/lwip/src/core/tcp_out.c.obj
 .text.tcp_output_control_segment
                0x10008168       0xc0 CMakeFiles/sender.dir/C_/Cornell/23_FALL/ECE_5730/Labs/Pico/pico-sdk/lib/lwip/src/core/tcp_out.c.obj
 .text.tcp_output_alloc_header.constprop.0
                0x10008228       0xcc CMakeFiles/sender.dir/C_/Cornell/23_FALL/ECE_5730/Labs/Pico/pico-sdk/lib/lwip/src/core/tcp_out.c.obj
 .text.tcp_split_unsent_seg
                0x100082f4      0x1c4 CMakeFiles/sender.dir/C_/Cornell/23_FALL/ECE_5730/Labs/Pico/pico-sdk/lib/lwip/src/core/tcp_out.c.obj
                0x100082f4                tcp_split_unsent_seg
 .text.tcp_send_fin
                0x100084b8      0x12c CMakeFiles/sender.dir/C_/Cornell/23_FALL/ECE_5730/Labs/Pico/pico-sdk/lib/lwip/src/core/tcp_out.c.obj
                0x100084b8                tcp_send_fin
 .text.tcp_enqueue_flags
                0x100085e4      0x124 CMakeFiles/sender.dir/C_/Cornell/23_FALL/ECE_5730/Labs/Pico/pico-sdk/lib/lwip/src/core/tcp_out.c.obj
                0x100085e4                tcp_enqueue_flags
 .text.tcp_rexmit_rto_prepare
                0x10008708       0x9c CMakeFiles/sender.dir/C_/Cornell/23_FALL/ECE_5730/Labs/Pico/pico-sdk/lib/lwip/src/core/tcp_out.c.obj
                0x10008708                tcp_rexmit_rto_prepare
 .text.tcp_rexmit
                0x100087a4       0x9c CMakeFiles/sender.dir/C_/Cornell/23_FALL/ECE_5730/Labs/Pico/pico-sdk/lib/lwip/src/core/tcp_out.c.obj
                0x100087a4                tcp_rexmit
 .text.tcp_rexmit_fast
                0x10008840       0x64 CMakeFiles/sender.dir/C_/Cornell/23_FALL/ECE_5730/Labs/Pico/pico-sdk/lib/lwip/src/core/tcp_out.c.obj
                0x10008840                tcp_rexmit_fast
 .text.tcp_rst  0x100088a4       0xe8 CMakeFiles/sender.dir/C_/Cornell/23_FALL/ECE_5730/Labs/Pico/pico-sdk/lib/lwip/src/core/tcp_out.c.obj
                0x100088a4                tcp_rst
 .text.tcp_rst_netif
                0x1000898c      0x130 CMakeFiles/sender.dir/C_/Cornell/23_FALL/ECE_5730/Labs/Pico/pico-sdk/lib/lwip/src/core/tcp_out.c.obj
                0x1000898c                tcp_rst_netif
 .text.tcp_send_empty_ack
                0x10008abc       0x54 CMakeFiles/sender.dir/C_/Cornell/23_FALL/ECE_5730/Labs/Pico/pico-sdk/lib/lwip/src/core/tcp_out.c.obj
                0x10008abc                tcp_send_empty_ack
 .text.tcp_output
                0x10008b10      0x46c CMakeFiles/sender.dir/C_/Cornell/23_FALL/ECE_5730/Labs/Pico/pico-sdk/lib/lwip/src/core/tcp_out.c.obj
                0x10008b10                tcp_output
 .text.tcp_rexmit_rto_commit
                0x10008f7c       0x24 CMakeFiles/sender.dir/C_/Cornell/23_FALL/ECE_5730/Labs/Pico/pico-sdk/lib/lwip/src/core/tcp_out.c.obj
                0x10008f7c                tcp_rexmit_rto_commit
 .text.tcp_rexmit_rto
                0x10008fa0       0xa4 CMakeFiles/sender.dir/C_/Cornell/23_FALL/ECE_5730/Labs/Pico/pico-sdk/lib/lwip/src/core/tcp_out.c.obj
                0x10008fa0                tcp_rexmit_rto
 .text.tcp_keepalive
                0x10009044       0xe0 CMakeFiles/sender.dir/C_/Cornell/23_FALL/ECE_5730/Labs/Pico/pico-sdk/lib/lwip/src/core/tcp_out.c.obj
                0x10009044                tcp_keepalive
 .text.tcp_zero_window_probe
                0x10009124      0x108 CMakeFiles/sender.dir/C_/Cornell/23_FALL/ECE_5730/Labs/Pico/pico-sdk/lib/lwip/src/core/tcp_out.c.obj
                0x10009124                tcp_zero_window_probe
 .text.sys_timeout_abs
                0x1000922c       0x48 CMakeFiles/sender.dir/C_/Cornell/23_FALL/ECE_5730/Labs/Pico/pico-sdk/lib/lwip/src/core/timeouts.c.obj
 .text.lwip_cyclic_timer
                0x10009274       0x38 CMakeFiles/sender.dir/C_/Cornell/23_FALL/ECE_5730/Labs/Pico/pico-sdk/lib/lwip/src/core/timeouts.c.obj
 .text.tcpip_tcp_timer
                0x100092ac       0x3c CMakeFiles/sender.dir/C_/Cornell/23_FALL/ECE_5730/Labs/Pico/pico-sdk/lib/lwip/src/core/timeouts.c.obj
 .text.tcp_timer_needed
                0x100092e8       0x40 CMakeFiles/sender.dir/C_/Cornell/23_FALL/ECE_5730/Labs/Pico/pico-sdk/lib/lwip/src/core/timeouts.c.obj
                0x100092e8                tcp_timer_needed
 .text.sys_timeouts_init
                0x10009328       0x90 CMakeFiles/sender.dir/C_/Cornell/23_FALL/ECE_5730/Labs/Pico/pico-sdk/lib/lwip/src/core/timeouts.c.obj
                0x10009328                sys_timeouts_init
 .text.sys_check_timeouts
                0x100093b8       0x68 CMakeFiles/sender.dir/C_/Cornell/23_FALL/ECE_5730/Labs/Pico/pico-sdk/lib/lwip/src/core/timeouts.c.obj
                0x100093b8                sys_check_timeouts
 .text.sys_timeouts_sleeptime
                0x10009420       0x28 CMakeFiles/sender.dir/C_/Cornell/23_FALL/ECE_5730/Labs/Pico/pico-sdk/lib/lwip/src/core/timeouts.c.obj
                0x10009420                sys_timeouts_sleeptime
 .text.udp_init
                0x10009448       0x20 CMakeFiles/sender.dir/C_/Cornell/23_FALL/ECE_5730/Labs/Pico/pico-sdk/lib/lwip/src/core/udp.c.obj
                0x10009448                udp_init
 .text.udp_input
                0x10009468      0x24c CMakeFiles/sender.dir/C_/Cornell/23_FALL/ECE_5730/Labs/Pico/pico-sdk/lib/lwip/src/core/udp.c.obj
                0x10009468                udp_input
 .text.udp_bind
                0x100096b4      0x10c CMakeFiles/sender.dir/C_/Cornell/23_FALL/ECE_5730/Labs/Pico/pico-sdk/lib/lwip/src/core/udp.c.obj
                0x100096b4                udp_bind
 .text.udp_sendto_if_src
                0x100097c0      0x130 CMakeFiles/sender.dir/C_/Cornell/23_FALL/ECE_5730/Labs/Pico/pico-sdk/lib/lwip/src/core/udp.c.obj
                0x100097c0                udp_sendto_if_src
 .text.udp_sendto_if
                0x100098f0       0x48 CMakeFiles/sender.dir/C_/Cornell/23_FALL/ECE_5730/Labs/Pico/pico-sdk/lib/lwip/src/core/udp.c.obj
                0x100098f0                udp_sendto_if
 .text.udp_sendto
                0x10009938       0x7c CMakeFiles/sender.dir/C_/Cornell/23_FALL/ECE_5730/Labs/Pico/pico-sdk/lib/lwip/src/core/udp.c.obj
                0x10009938                udp_sendto
 .text.udp_connect
                0x100099b4       0x64 CMakeFiles/sender.dir/C_/Cornell/23_FALL/ECE_5730/Labs/Pico/pico-sdk/lib/lwip/src/core/udp.c.obj
                0x100099b4                udp_connect
 .text.udp_recv
                0x10009a18        0xc CMakeFiles/sender.dir/C_/Cornell/23_FALL/ECE_5730/Labs/Pico/pico-sdk/lib/lwip/src/core/udp.c.obj
                0x10009a18                udp_recv
 .text.udp_remove
                0x10009a24       0x3c CMakeFiles/sender.dir/C_/Cornell/23_FALL/ECE_5730/Labs/Pico/pico-sdk/lib/lwip/src/core/udp.c.obj
                0x10009a24                udp_remove
 .text.udp_new  0x10009a60       0x1c CMakeFiles/sender.dir/C_/Cornell/23_FALL/ECE_5730/Labs/Pico/pico-sdk/lib/lwip/src/core/udp.c.obj
                0x10009a60                udp_new
 .text.udp_new_ip_type
                0x10009a7c       0x1c CMakeFiles/sender.dir/C_/Cornell/23_FALL/ECE_5730/Labs/Pico/pico-sdk/lib/lwip/src/core/udp.c.obj
                0x10009a7c                udp_new_ip_type
 .text.udp_netif_ip_addr_changed
                0x10009a98       0x40 CMakeFiles/sender.dir/C_/Cornell/23_FALL/ECE_5730/Labs/Pico/pico-sdk/lib/lwip/src/core/udp.c.obj
                0x10009a98                udp_netif_ip_addr_changed
 .text.dhcp_create_msg
                0x10009ad8      0x16c CMakeFiles/sender.dir/C_/Cornell/23_FALL/ECE_5730/Labs/Pico/pico-sdk/lib/lwip/src/core/ipv4/dhcp.c.obj
 .text.dhcp_inc_pcb_refcount
                0x10009c44       0x6c CMakeFiles/sender.dir/C_/Cornell/23_FALL/ECE_5730/Labs/Pico/pico-sdk/lib/lwip/src/core/ipv4/dhcp.c.obj
 .text.dhcp_bind
                0x10009cb0      0x140 CMakeFiles/sender.dir/C_/Cornell/23_FALL/ECE_5730/Labs/Pico/pico-sdk/lib/lwip/src/core/ipv4/dhcp.c.obj
 .text.dhcp_option_hostname.isra.0
                0x10009df0       0x8c CMakeFiles/sender.dir/C_/Cornell/23_FALL/ECE_5730/Labs/Pico/pico-sdk/lib/lwip/src/core/ipv4/dhcp.c.obj
 .text.dhcp_handle_ack.isra.0
                0x10009e7c       0xcc CMakeFiles/sender.dir/C_/Cornell/23_FALL/ECE_5730/Labs/Pico/pico-sdk/lib/lwip/src/core/ipv4/dhcp.c.obj
 .text.dhcp_reboot.isra.0
                0x10009f48      0x1e4 CMakeFiles/sender.dir/C_/Cornell/23_FALL/ECE_5730/Labs/Pico/pico-sdk/lib/lwip/src/core/ipv4/dhcp.c.obj
 .text.dhcp_discover
                0x1000a12c      0x198 CMakeFiles/sender.dir/C_/Cornell/23_FALL/ECE_5730/Labs/Pico/pico-sdk/lib/lwip/src/core/ipv4/dhcp.c.obj
 .text.dhcp_select.isra.0
                0x1000a2c4      0x268 CMakeFiles/sender.dir/C_/Cornell/23_FALL/ECE_5730/Labs/Pico/pico-sdk/lib/lwip/src/core/ipv4/dhcp.c.obj
 .text.dhcp_recv
                0x1000a52c      0x494 CMakeFiles/sender.dir/C_/Cornell/23_FALL/ECE_5730/Labs/Pico/pico-sdk/lib/lwip/src/core/ipv4/dhcp.c.obj
 .text.dhcp_set_struct
                0x1000a9c0       0x44 CMakeFiles/sender.dir/C_/Cornell/23_FALL/ECE_5730/Labs/Pico/pico-sdk/lib/lwip/src/core/ipv4/dhcp.c.obj
                0x1000a9c0                dhcp_set_struct
 .text.dhcp_network_changed_link_up
                0x1000aa04       0x40 CMakeFiles/sender.dir/C_/Cornell/23_FALL/ECE_5730/Labs/Pico/pico-sdk/lib/lwip/src/core/ipv4/dhcp.c.obj
                0x1000aa04                dhcp_network_changed_link_up
 .text.dhcp_renew
                0x1000aa44      0x1b8 CMakeFiles/sender.dir/C_/Cornell/23_FALL/ECE_5730/Labs/Pico/pico-sdk/lib/lwip/src/core/ipv4/dhcp.c.obj
                0x1000aa44                dhcp_renew
 .text.dhcp_release_and_stop
                0x1000abfc      0x180 CMakeFiles/sender.dir/C_/Cornell/23_FALL/ECE_5730/Labs/Pico/pico-sdk/lib/lwip/src/core/ipv4/dhcp.c.obj
                0x1000abfc                dhcp_release_and_stop
 .text.dhcp_start
                0x1000ad7c       0xb0 CMakeFiles/sender.dir/C_/Cornell/23_FALL/ECE_5730/Labs/Pico/pico-sdk/lib/lwip/src/core/ipv4/dhcp.c.obj
                0x1000ad7c                dhcp_start
 .text.dhcp_coarse_tmr
                0x1000ae2c      0x238 CMakeFiles/sender.dir/C_/Cornell/23_FALL/ECE_5730/Labs/Pico/pico-sdk/lib/lwip/src/core/ipv4/dhcp.c.obj
                0x1000ae2c                dhcp_coarse_tmr
 .text.dhcp_fine_tmr
                0x1000b064       0x78 CMakeFiles/sender.dir/C_/Cornell/23_FALL/ECE_5730/Labs/Pico/pico-sdk/lib/lwip/src/core/ipv4/dhcp.c.obj
                0x1000b064                dhcp_fine_tmr
 .text.dhcp_stop
                0x1000b0dc      0x180 CMakeFiles/sender.dir/C_/Cornell/23_FALL/ECE_5730/Labs/Pico/pico-sdk/lib/lwip/src/core/ipv4/dhcp.c.obj
                0x1000b0dc                dhcp_stop
 .text.etharp_find_entry
                0x1000b25c     0x1fbc CMakeFiles/sender.dir/C_/Cornell/23_FALL/ECE_5730/Labs/Pico/pico-sdk/lib/lwip/src/core/ipv4/etharp.c.obj
 .text.etharp_raw
                0x1000d218       0xec CMakeFiles/sender.dir/C_/Cornell/23_FALL/ECE_5730/Labs/Pico/pico-sdk/lib/lwip/src/core/ipv4/etharp.c.obj
 .text.etharp_output_to_arp_index
                0x1000d304       0xe4 CMakeFiles/sender.dir/C_/Cornell/23_FALL/ECE_5730/Labs/Pico/pico-sdk/lib/lwip/src/core/ipv4/etharp.c.obj
 .text.etharp_tmr
                0x1000d3e8       0x94 CMakeFiles/sender.dir/C_/Cornell/23_FALL/ECE_5730/Labs/Pico/pico-sdk/lib/lwip/src/core/ipv4/etharp.c.obj
                0x1000d3e8                etharp_tmr
 .text.etharp_cleanup_netif
                0x1000d47c      0x188 CMakeFiles/sender.dir/C_/Cornell/23_FALL/ECE_5730/Labs/Pico/pico-sdk/lib/lwip/src/core/ipv4/etharp.c.obj
                0x1000d47c                etharp_cleanup_netif
 .text.etharp_input
                0x1000d604      0x1b0 CMakeFiles/sender.dir/C_/Cornell/23_FALL/ECE_5730/Labs/Pico/pico-sdk/lib/lwip/src/core/ipv4/etharp.c.obj
                0x1000d604                etharp_input
 .text.etharp_query
                0x1000d7b4      0x1c0 CMakeFiles/sender.dir/C_/Cornell/23_FALL/ECE_5730/Labs/Pico/pico-sdk/lib/lwip/src/core/ipv4/etharp.c.obj
                0x1000d7b4                etharp_query
 .text.etharp_output
                0x1000d974      0x24c CMakeFiles/sender.dir/C_/Cornell/23_FALL/ECE_5730/Labs/Pico/pico-sdk/lib/lwip/src/core/ipv4/etharp.c.obj
                0x1000d974                etharp_output
 .text.etharp_request
                0x1000dbc0       0x2c CMakeFiles/sender.dir/C_/Cornell/23_FALL/ECE_5730/Labs/Pico/pico-sdk/lib/lwip/src/core/ipv4/etharp.c.obj
                0x1000dbc0                etharp_request
 .text.icmp_input
                0x1000dbec      0x1e8 CMakeFiles/sender.dir/C_/Cornell/23_FALL/ECE_5730/Labs/Pico/pico-sdk/lib/lwip/src/core/ipv4/icmp.c.obj
                0x1000dbec                icmp_input
 .text.icmp_dest_unreach
                0x1000ddd4       0xd0 CMakeFiles/sender.dir/C_/Cornell/23_FALL/ECE_5730/Labs/Pico/pico-sdk/lib/lwip/src/core/ipv4/icmp.c.obj
                0x1000ddd4                icmp_dest_unreach
 .text.icmp_time_exceeded
                0x1000dea4       0xd0 CMakeFiles/sender.dir/C_/Cornell/23_FALL/ECE_5730/Labs/Pico/pico-sdk/lib/lwip/src/core/ipv4/icmp.c.obj
                0x1000dea4                icmp_time_exceeded
 .text.ip_reass_free_complete_datagram
                0x1000df74      0x114 CMakeFiles/sender.dir/C_/Cornell/23_FALL/ECE_5730/Labs/Pico/pico-sdk/lib/lwip/src/core/ipv4/ip4_frag.c.obj
 .text.ip_reass_remove_oldest_datagram
                0x1000e088       0xd8 CMakeFiles/sender.dir/C_/Cornell/23_FALL/ECE_5730/Labs/Pico/pico-sdk/lib/lwip/src/core/ipv4/ip4_frag.c.obj
 .text.ip_reass_tmr
                0x1000e160       0x38 CMakeFiles/sender.dir/C_/Cornell/23_FALL/ECE_5730/Labs/Pico/pico-sdk/lib/lwip/src/core/ipv4/ip4_frag.c.obj
                0x1000e160                ip_reass_tmr
 .text.ip4_reass
                0x1000e198      0x534 CMakeFiles/sender.dir/C_/Cornell/23_FALL/ECE_5730/Labs/Pico/pico-sdk/lib/lwip/src/core/ipv4/ip4_frag.c.obj
                0x1000e198                ip4_reass
 .text.ip4_frag
                0x1000e6cc      0x17c CMakeFiles/sender.dir/C_/Cornell/23_FALL/ECE_5730/Labs/Pico/pico-sdk/lib/lwip/src/core/ipv4/ip4_frag.c.obj
                0x1000e6cc                ip4_frag
 .text.ip4_route
                0x1000e848       0x7c CMakeFiles/sender.dir/C_/Cornell/23_FALL/ECE_5730/Labs/Pico/pico-sdk/lib/lwip/src/core/ipv4/ip4.c.obj
                0x1000e848                ip4_route
 .text.ip4_input
                0x1000e8c4      0x2cc CMakeFiles/sender.dir/C_/Cornell/23_FALL/ECE_5730/Labs/Pico/pico-sdk/lib/lwip/src/core/ipv4/ip4.c.obj
                0x1000e8c4                ip4_input
 .text.ip4_output_if
                0x1000eb90      0x190 CMakeFiles/sender.dir/C_/Cornell/23_FALL/ECE_5730/Labs/Pico/pico-sdk/lib/lwip/src/core/ipv4/ip4.c.obj
                0x1000eb90                ip4_output_if
 .text.ip4_output_if_src
                0x1000ed20      0x17c CMakeFiles/sender.dir/C_/Cornell/23_FALL/ECE_5730/Labs/Pico/pico-sdk/lib/lwip/src/core/ipv4/ip4.c.obj
                0x1000ed20                ip4_output_if_src
 .text.ip4_addr_isbroadcast_u32
                0x1000ee9c       0x3c CMakeFiles/sender.dir/C_/Cornell/23_FALL/ECE_5730/Labs/Pico/pico-sdk/lib/lwip/src/core/ipv4/ip4_addr.c.obj
                0x1000ee9c                ip4_addr_isbroadcast_u32
 .text.ip4addr_aton
                0x1000eed8      0x188 CMakeFiles/sender.dir/C_/Cornell/23_FALL/ECE_5730/Labs/Pico/pico-sdk/lib/lwip/src/core/ipv4/ip4_addr.c.obj
                0x1000eed8                ip4addr_aton
 .text.ethernet_input
                0x1000f060       0xd0 CMakeFiles/sender.dir/C_/Cornell/23_FALL/ECE_5730/Labs/Pico/pico-sdk/lib/lwip/src/netif/ethernet.c.obj
                0x1000f060                ethernet_input
 .text.ethernet_output
                0x1000f130       0x6c CMakeFiles/sender.dir/C_/Cornell/23_FALL/ECE_5730/Labs/Pico/pico-sdk/lib/lwip/src/netif/ethernet.c.obj
                0x1000f130                ethernet_output
 .text.cyw43_arch_wifi_connect_bssid_until.part.0
                0x1000f19c       0xd8 CMakeFiles/sender.dir/C_/Cornell/23_FALL/ECE_5730/Labs/Pico/pico-sdk/src/rp2_common/pico_cyw43_arch/cyw43_arch.c.obj
 .text.cyw43_arch_set_async_context
                0x1000f274        0xc CMakeFiles/sender.dir/C_/Cornell/23_FALL/ECE_5730/Labs/Pico/pico-sdk/src/rp2_common/pico_cyw43_arch/cyw43_arch.c.obj
                0x1000f274                cyw43_arch_set_async_context
 .text.cyw43_arch_enable_sta_mode
                0x1000f280       0x1c CMakeFiles/sender.dir/C_/Cornell/23_FALL/ECE_5730/Labs/Pico/pico-sdk/src/rp2_common/pico_cyw43_arch/cyw43_arch.c.obj
                0x1000f280                cyw43_arch_enable_sta_mode
 .text.cyw43_arch_enable_ap_mode
                0x1000f29c       0x88 CMakeFiles/sender.dir/C_/Cornell/23_FALL/ECE_5730/Labs/Pico/pico-sdk/src/rp2_common/pico_cyw43_arch/cyw43_arch.c.obj
                0x1000f29c                cyw43_arch_enable_ap_mode
 .text.cyw43_arch_wifi_connect_timeout_ms
                0x1000f324       0x9c CMakeFiles/sender.dir/C_/Cornell/23_FALL/ECE_5730/Labs/Pico/pico-sdk/src/rp2_common/pico_cyw43_arch/cyw43_arch.c.obj
                0x1000f324                cyw43_arch_wifi_connect_timeout_ms
 .text.cyw43_arch_async_context
                0x1000f3c0        0xc CMakeFiles/sender.dir/C_/Cornell/23_FALL/ECE_5730/Labs/Pico/pico-sdk/src/rp2_common/pico_cyw43_arch/cyw43_arch.c.obj
                0x1000f3c0                cyw43_arch_async_context
 .text.cyw43_arch_init
                0x1000f3cc       0x80 CMakeFiles/sender.dir/C_/Cornell/23_FALL/ECE_5730/Labs/Pico/pico-sdk/src/rp2_common/pico_cyw43_arch/cyw43_arch_threadsafe_background.c.obj
                0x1000f3cc                cyw43_arch_init
 .text.cyw43_arch_deinit
                0x1000f44c       0x30 CMakeFiles/sender.dir/C_/Cornell/23_FALL/ECE_5730/Labs/Pico/pico-sdk/src/rp2_common/pico_cyw43_arch/cyw43_arch_threadsafe_background.c.obj
                0x1000f44c                cyw43_arch_deinit
 .text.ns_delay.constprop.0
                0x1000f47c       0x20 CMakeFiles/sender.dir/C_/Cornell/23_FALL/ECE_5730/Labs/Pico/pico-sdk/src/rp2_common/pico_cyw43_driver/cyw43_bus_pio_spi.c.obj
 .text.cyw43_spi_deinit
                0x1000f49c       0x7c CMakeFiles/sender.dir/C_/Cornell/23_FALL/ECE_5730/Labs/Pico/pico-sdk/src/rp2_common/pico_cyw43_driver/cyw43_bus_pio_spi.c.obj
                0x1000f49c                cyw43_spi_deinit
 .text.cyw43_spi_init
                0x1000f518      0x154 CMakeFiles/sender.dir/C_/Cornell/23_FALL/ECE_5730/Labs/Pico/pico-sdk/src/rp2_common/pico_cyw43_driver/cyw43_bus_pio_spi.c.obj
                0x1000f518                cyw43_spi_init
 .text.cyw43_spi_transfer
                0x1000f66c      0x430 CMakeFiles/sender.dir/C_/Cornell/23_FALL/ECE_5730/Labs/Pico/pico-sdk/src/rp2_common/pico_cyw43_driver/cyw43_bus_pio_spi.c.obj
                0x1000f66c                cyw43_spi_transfer
 .text.cyw43_spi_gpio_setup
                0x1000fa9c       0x3c CMakeFiles/sender.dir/C_/Cornell/23_FALL/ECE_5730/Labs/Pico/pico-sdk/src/rp2_common/pico_cyw43_driver/cyw43_bus_pio_spi.c.obj
                0x1000fa9c                cyw43_spi_gpio_setup
 .text.cyw43_spi_reset
                0x1000fad8       0x28 CMakeFiles/sender.dir/C_/Cornell/23_FALL/ECE_5730/Labs/Pico/pico-sdk/src/rp2_common/pico_cyw43_driver/cyw43_bus_pio_spi.c.obj
                0x1000fad8                cyw43_spi_reset
 .text.read_reg_u32_swap
                0x1000fb00       0x3c CMakeFiles/sender.dir/C_/Cornell/23_FALL/ECE_5730/Labs/Pico/pico-sdk/src/rp2_common/pico_cyw43_driver/cyw43_bus_pio_spi.c.obj
                0x1000fb00                read_reg_u32_swap
 .text.cyw43_read_reg_u32
                0x1000fb3c       0x6c CMakeFiles/sender.dir/C_/Cornell/23_FALL/ECE_5730/Labs/Pico/pico-sdk/src/rp2_common/pico_cyw43_driver/cyw43_bus_pio_spi.c.obj
                0x1000fb3c                cyw43_read_reg_u32
 .text.cyw43_read_reg_u16
                0x1000fba8       0x6c CMakeFiles/sender.dir/C_/Cornell/23_FALL/ECE_5730/Labs/Pico/pico-sdk/src/rp2_common/pico_cyw43_driver/cyw43_bus_pio_spi.c.obj
                0x1000fba8                cyw43_read_reg_u16
 .text.cyw43_read_reg_u8
                0x1000fc14       0x6c CMakeFiles/sender.dir/C_/Cornell/23_FALL/ECE_5730/Labs/Pico/pico-sdk/src/rp2_common/pico_cyw43_driver/cyw43_bus_pio_spi.c.obj
                0x1000fc14                cyw43_read_reg_u8
 .text.write_reg_u32_swap
                0x1000fc80      0x1e0 CMakeFiles/sender.dir/C_/Cornell/23_FALL/ECE_5730/Labs/Pico/pico-sdk/src/rp2_common/pico_cyw43_driver/cyw43_bus_pio_spi.c.obj
                0x1000fc80                write_reg_u32_swap
 .text.cyw43_write_reg_u32
                0x1000fe60      0x200 CMakeFiles/sender.dir/C_/Cornell/23_FALL/ECE_5730/Labs/Pico/pico-sdk/src/rp2_common/pico_cyw43_driver/cyw43_bus_pio_spi.c.obj
                0x1000fe60                cyw43_write_reg_u32
 .text.cyw43_write_reg_u16
                0x10010060      0x200 CMakeFiles/sender.dir/C_/Cornell/23_FALL/ECE_5730/Labs/Pico/pico-sdk/src/rp2_common/pico_cyw43_driver/cyw43_bus_pio_spi.c.obj
                0x10010060                cyw43_write_reg_u16
 .text.cyw43_write_reg_u8
                0x10010260      0x200 CMakeFiles/sender.dir/C_/Cornell/23_FALL/ECE_5730/Labs/Pico/pico-sdk/src/rp2_common/pico_cyw43_driver/cyw43_bus_pio_spi.c.obj
                0x10010260                cyw43_write_reg_u8
 .text.cyw43_read_bytes
                0x10010460       0x78 CMakeFiles/sender.dir/C_/Cornell/23_FALL/ECE_5730/Labs/Pico/pico-sdk/src/rp2_common/pico_cyw43_driver/cyw43_bus_pio_spi.c.obj
                0x10010460                cyw43_read_bytes
 .text.cyw43_write_bytes
                0x100104d8       0xec CMakeFiles/sender.dir/C_/Cornell/23_FALL/ECE_5730/Labs/Pico/pico-sdk/src/rp2_common/pico_cyw43_driver/cyw43_bus_pio_spi.c.obj
                0x100104d8                cyw43_write_bytes
 .text.cyw43_set_backplane_window
                0x100105c4       0x64 CMakeFiles/sender.dir/C_/Cornell/23_FALL/ECE_5730/Labs/Pico/pico-sdk/lib/cyw43-driver/src/cyw43_ll.c.obj
 .text.cyw43_ll_parse_async_event
                0x10010628      0x13c CMakeFiles/sender.dir/C_/Cornell/23_FALL/ECE_5730/Labs/Pico/pico-sdk/lib/cyw43-driver/src/cyw43_ll.c.obj
 .text.cyw43_kso_set
                0x10010764       0xa0 CMakeFiles/sender.dir/C_/Cornell/23_FALL/ECE_5730/Labs/Pico/pico-sdk/lib/cyw43-driver/src/cyw43_ll.c.obj
 .text.cyw43_ll_sdpcm_poll_device
                0x10010804      0x238 CMakeFiles/sender.dir/C_/Cornell/23_FALL/ECE_5730/Labs/Pico/pico-sdk/lib/cyw43-driver/src/cyw43_ll.c.obj
 .text.cyw43_sdpcm_send_common
                0x10010a3c       0xf0 CMakeFiles/sender.dir/C_/Cornell/23_FALL/ECE_5730/Labs/Pico/pico-sdk/lib/cyw43-driver/src/cyw43_ll.c.obj
 .text.cyw43_do_ioctl
                0x10010b2c      0x110 CMakeFiles/sender.dir/C_/Cornell/23_FALL/ECE_5730/Labs/Pico/pico-sdk/lib/cyw43-driver/src/cyw43_ll.c.obj
 .text.cyw43_do_ioctl.constprop.0
                0x10010c3c      0x108 CMakeFiles/sender.dir/C_/Cornell/23_FALL/ECE_5730/Labs/Pico/pico-sdk/lib/cyw43-driver/src/cyw43_ll.c.obj
 .text.cyw43_read_backplane.constprop.0
                0x10010d44       0xdc CMakeFiles/sender.dir/C_/Cornell/23_FALL/ECE_5730/Labs/Pico/pico-sdk/lib/cyw43-driver/src/cyw43_ll.c.obj
 .text.reset_device_core.constprop.0
                0x10010e20      0x3f0 CMakeFiles/sender.dir/C_/Cornell/23_FALL/ECE_5730/Labs/Pico/pico-sdk/lib/cyw43-driver/src/cyw43_ll.c.obj
 .text.cyw43_ll_init
                0x10011210       0x1c CMakeFiles/sender.dir/C_/Cornell/23_FALL/ECE_5730/Labs/Pico/pico-sdk/lib/cyw43-driver/src/cyw43_ll.c.obj
                0x10011210                cyw43_ll_init
 .text.cyw43_ll_deinit
                0x1001122c        0x8 CMakeFiles/sender.dir/C_/Cornell/23_FALL/ECE_5730/Labs/Pico/pico-sdk/lib/cyw43-driver/src/cyw43_ll.c.obj
                0x1001122c                cyw43_ll_deinit
 .text.cyw43_ll_send_ethernet
                0x10011234       0x60 CMakeFiles/sender.dir/C_/Cornell/23_FALL/ECE_5730/Labs/Pico/pico-sdk/lib/cyw43-driver/src/cyw43_ll.c.obj
                0x10011234                cyw43_ll_send_ethernet
 .text.cyw43_ll_process_packets
                0x10011294       0x54 CMakeFiles/sender.dir/C_/Cornell/23_FALL/ECE_5730/Labs/Pico/pico-sdk/lib/cyw43-driver/src/cyw43_ll.c.obj
                0x10011294                cyw43_ll_process_packets
 .text.cyw43_ll_ioctl
                0x100112e8       0x20 CMakeFiles/sender.dir/C_/Cornell/23_FALL/ECE_5730/Labs/Pico/pico-sdk/lib/cyw43-driver/src/cyw43_ll.c.obj
                0x100112e8                cyw43_ll_ioctl
 .text.cyw43_ll_bus_sleep
                0x10011308       0x34 CMakeFiles/sender.dir/C_/Cornell/23_FALL/ECE_5730/Labs/Pico/pico-sdk/lib/cyw43-driver/src/cyw43_ll.c.obj
                0x10011308                cyw43_ll_bus_sleep
 .text.cyw43_ll_bus_init
                0x1001133c      0xbf0 CMakeFiles/sender.dir/C_/Cornell/23_FALL/ECE_5730/Labs/Pico/pico-sdk/lib/cyw43-driver/src/cyw43_ll.c.obj
                0x1001133c                cyw43_ll_bus_init
 .text.cyw43_ll_wifi_on
                0x10011f2c      0x240 CMakeFiles/sender.dir/C_/Cornell/23_FALL/ECE_5730/Labs/Pico/pico-sdk/lib/cyw43-driver/src/cyw43_ll.c.obj
                0x10011f2c                cyw43_ll_wifi_on
 .text.cyw43_ll_wifi_get_mac
                0x1001216c       0x44 CMakeFiles/sender.dir/C_/Cornell/23_FALL/ECE_5730/Labs/Pico/pico-sdk/lib/cyw43-driver/src/cyw43_ll.c.obj
                0x1001216c                cyw43_ll_wifi_get_mac
 .text.cyw43_ll_wifi_pm
                0x100121b0      0x194 CMakeFiles/sender.dir/C_/Cornell/23_FALL/ECE_5730/Labs/Pico/pico-sdk/lib/cyw43-driver/src/cyw43_ll.c.obj
                0x100121b0                cyw43_ll_wifi_pm
 .text.cyw43_ll_wifi_join
                0x10012344      0x310 CMakeFiles/sender.dir/C_/Cornell/23_FALL/ECE_5730/Labs/Pico/pico-sdk/lib/cyw43-driver/src/cyw43_ll.c.obj
                0x10012344                cyw43_ll_wifi_join
 .text.cyw43_ll_wifi_set_wpa_auth
                0x10012654       0x2c CMakeFiles/sender.dir/C_/Cornell/23_FALL/ECE_5730/Labs/Pico/pico-sdk/lib/cyw43-driver/src/cyw43_ll.c.obj
                0x10012654                cyw43_ll_wifi_set_wpa_auth
 .text.cyw43_ll_wifi_rejoin
                0x10012680       0x1c CMakeFiles/sender.dir/C_/Cornell/23_FALL/ECE_5730/Labs/Pico/pico-sdk/lib/cyw43-driver/src/cyw43_ll.c.obj
                0x10012680                cyw43_ll_wifi_rejoin
 .text.cyw43_ll_wifi_ap_init
                0x1001269c      0x2c4 CMakeFiles/sender.dir/C_/Cornell/23_FALL/ECE_5730/Labs/Pico/pico-sdk/lib/cyw43-driver/src/cyw43_ll.c.obj
                0x1001269c                cyw43_ll_wifi_ap_init
 .text.cyw43_ll_wifi_ap_set_up
                0x10012960       0x54 CMakeFiles/sender.dir/C_/Cornell/23_FALL/ECE_5730/Labs/Pico/pico-sdk/lib/cyw43-driver/src/cyw43_ll.c.obj
                0x10012960                cyw43_ll_wifi_ap_set_up
 .text.cyw43_ll_has_work
                0x100129b4       0x14 CMakeFiles/sender.dir/C_/Cornell/23_FALL/ECE_5730/Labs/Pico/pico-sdk/lib/cyw43-driver/src/cyw43_ll.c.obj
                0x100129b4                cyw43_ll_has_work
 .text.cyw43_netif_init
                0x100129c8       0x3c CMakeFiles/sender.dir/C_/Cornell/23_FALL/ECE_5730/Labs/Pico/pico-sdk/lib/cyw43-driver/src/cyw43_lwip.c.obj
 .text.cyw43_netif_output
                0x10012a04       0x34 CMakeFiles/sender.dir/C_/Cornell/23_FALL/ECE_5730/Labs/Pico/pico-sdk/lib/cyw43-driver/src/cyw43_lwip.c.obj
 .text.cyw43_cb_tcpip_init
                0x10012a38       0xfc CMakeFiles/sender.dir/C_/Cornell/23_FALL/ECE_5730/Labs/Pico/pico-sdk/lib/cyw43-driver/src/cyw43_lwip.c.obj
                0x10012a38                cyw43_cb_tcpip_init
 .text.cyw43_cb_tcpip_deinit
                0x10012b34       0x4c CMakeFiles/sender.dir/C_/Cornell/23_FALL/ECE_5730/Labs/Pico/pico-sdk/lib/cyw43-driver/src/cyw43_lwip.c.obj
                0x10012b34                cyw43_cb_tcpip_deinit
 .text.cyw43_cb_process_ethernet
                0x10012b80       0x68 CMakeFiles/sender.dir/C_/Cornell/23_FALL/ECE_5730/Labs/Pico/pico-sdk/lib/cyw43-driver/src/cyw43_lwip.c.obj
                0x10012b80                cyw43_cb_process_ethernet
 .text.cyw43_cb_tcpip_set_link_up
                0x10012be8       0x18 CMakeFiles/sender.dir/C_/Cornell/23_FALL/ECE_5730/Labs/Pico/pico-sdk/lib/cyw43-driver/src/cyw43_lwip.c.obj
                0x10012be8                cyw43_cb_tcpip_set_link_up
 .text.cyw43_cb_tcpip_set_link_down
                0x10012c00       0x18 CMakeFiles/sender.dir/C_/Cornell/23_FALL/ECE_5730/Labs/Pico/pico-sdk/lib/cyw43-driver/src/cyw43_lwip.c.obj
                0x10012c00                cyw43_cb_tcpip_set_link_down
 .text.cyw43_tcpip_link_status
                0x10012c18       0x34 CMakeFiles/sender.dir/C_/Cornell/23_FALL/ECE_5730/Labs/Pico/pico-sdk/lib/cyw43-driver/src/cyw43_lwip.c.obj
                0x10012c18                cyw43_tcpip_link_status
 .text.cyw43_poll_func
                0x10012c4c       0xc0 CMakeFiles/sender.dir/C_/Cornell/23_FALL/ECE_5730/Labs/Pico/pico-sdk/lib/cyw43-driver/src/cyw43_ctrl.c.obj
 .text.cyw43_init
                0x10012d0c       0x6c CMakeFiles/sender.dir/C_/Cornell/23_FALL/ECE_5730/Labs/Pico/pico-sdk/lib/cyw43-driver/src/cyw43_ctrl.c.obj
                0x10012d0c                cyw43_init
 .text.cyw43_deinit
                0x10012d78       0x90 CMakeFiles/sender.dir/C_/Cornell/23_FALL/ECE_5730/Labs/Pico/pico-sdk/lib/cyw43-driver/src/cyw43_ctrl.c.obj
                0x10012d78                cyw43_deinit
 .text.cyw43_cb_read_host_interrupt_pin
                0x10012e08        0xc CMakeFiles/sender.dir/C_/Cornell/23_FALL/ECE_5730/Labs/Pico/pico-sdk/lib/cyw43-driver/src/cyw43_ctrl.c.obj
                0x10012e08                cyw43_cb_read_host_interrupt_pin
 .text.cyw43_cb_ensure_awake
                0x10012e14        0xc CMakeFiles/sender.dir/C_/Cornell/23_FALL/ECE_5730/Labs/Pico/pico-sdk/lib/cyw43-driver/src/cyw43_ctrl.c.obj
                0x10012e14                cyw43_cb_ensure_awake
 .text.cyw43_cb_process_async_event
                0x10012e20      0x228 CMakeFiles/sender.dir/C_/Cornell/23_FALL/ECE_5730/Labs/Pico/pico-sdk/lib/cyw43-driver/src/cyw43_ctrl.c.obj
                0x10012e20                cyw43_cb_process_async_event
 .text.cyw43_send_ethernet
                0x10013048       0xc0 CMakeFiles/sender.dir/C_/Cornell/23_FALL/ECE_5730/Labs/Pico/pico-sdk/lib/cyw43-driver/src/cyw43_ctrl.c.obj
                0x10013048                cyw43_send_ethernet
 .text.cyw43_wifi_get_mac
                0x10013108       0x10 CMakeFiles/sender.dir/C_/Cornell/23_FALL/ECE_5730/Labs/Pico/pico-sdk/lib/cyw43-driver/src/cyw43_ctrl.c.obj
                0x10013108                cyw43_wifi_get_mac
 .text.cyw43_wifi_set_up
                0x10013118      0x308 CMakeFiles/sender.dir/C_/Cornell/23_FALL/ECE_5730/Labs/Pico/pico-sdk/lib/cyw43-driver/src/cyw43_ctrl.c.obj
                0x10013118                cyw43_wifi_set_up
 .text.cyw43_wifi_link_status
                0x10013420       0x3c CMakeFiles/sender.dir/C_/Cornell/23_FALL/ECE_5730/Labs/Pico/pico-sdk/lib/cyw43-driver/src/cyw43_ctrl.c.obj
                0x10013420                cyw43_wifi_link_status
 .text.cyw43_wifi_join
                0x1001345c       0xf4 CMakeFiles/sender.dir/C_/Cornell/23_FALL/ECE_5730/Labs/Pico/pico-sdk/lib/cyw43-driver/src/cyw43_ctrl.c.obj
                0x1001345c                cyw43_wifi_join
 .text.pio_sm_unclaim
                0x10013550       0x20 CMakeFiles/sender.dir/C_/Cornell/23_FALL/ECE_5730/Labs/Pico/pico-sdk/src/rp2_common/hardware_pio/pio.c.obj
                0x10013550                pio_sm_unclaim
 .text.pio_claim_unused_sm
                0x10013570       0x3c CMakeFiles/sender.dir/C_/Cornell/23_FALL/ECE_5730/Labs/Pico/pico-sdk/src/rp2_common/hardware_pio/pio.c.obj
                0x10013570                pio_claim_unused_sm
 .text.pio_can_add_program
                0x100135ac       0x68 CMakeFiles/sender.dir/C_/Cornell/23_FALL/ECE_5730/Labs/Pico/pico-sdk/src/rp2_common/hardware_pio/pio.c.obj
                0x100135ac                pio_can_add_program
 .text.pio_add_program
                0x10013614       0xc8 CMakeFiles/sender.dir/C_/Cornell/23_FALL/ECE_5730/Labs/Pico/pico-sdk/src/rp2_common/hardware_pio/pio.c.obj
                0x10013614                pio_add_program
 .text.pio_remove_program
                0x100136dc       0x34 CMakeFiles/sender.dir/C_/Cornell/23_FALL/ECE_5730/Labs/Pico/pico-sdk/src/rp2_common/hardware_pio/pio.c.obj
                0x100136dc                pio_remove_program
 .text.pio_sm_set_pindirs_with_mask
                0x10013710       0xa4 CMakeFiles/sender.dir/C_/Cornell/23_FALL/ECE_5730/Labs/Pico/pico-sdk/src/rp2_common/hardware_pio/pio.c.obj
                0x10013710                pio_sm_set_pindirs_with_mask
 .text.pio_sm_set_consecutive_pindirs
                0x100137b4       0xb0 CMakeFiles/sender.dir/C_/Cornell/23_FALL/ECE_5730/Labs/Pico/pico-sdk/src/rp2_common/hardware_pio/pio.c.obj
                0x100137b4                pio_sm_set_consecutive_pindirs
 .text.dma_channel_unclaim
                0x10013864       0x10 CMakeFiles/sender.dir/C_/Cornell/23_FALL/ECE_5730/Labs/Pico/pico-sdk/src/rp2_common/hardware_dma/dma.c.obj
                0x10013864                dma_channel_unclaim
 .text.dma_claim_unused_channel
                0x10013874       0x20 CMakeFiles/sender.dir/C_/Cornell/23_FALL/ECE_5730/Labs/Pico/pico-sdk/src/rp2_common/hardware_dma/dma.c.obj
                0x10013874                dma_claim_unused_channel
 .text.dma_channel_cleanup
                0x10013894       0x60 CMakeFiles/sender.dir/C_/Cornell/23_FALL/ECE_5730/Labs/Pico/pico-sdk/src/rp2_common/hardware_dma/dma.c.obj
                0x10013894                dma_channel_cleanup
 .text.cyw43_sleep_timeout_reached
                0x100138f4       0x10 CMakeFiles/sender.dir/C_/Cornell/23_FALL/ECE_5730/Labs/Pico/pico-sdk/src/rp2_common/pico_cyw43_driver/cyw43_driver.c.obj
 .text.cyw43_irq_init
                0x10013904       0x28 CMakeFiles/sender.dir/C_/Cornell/23_FALL/ECE_5730/Labs/Pico/pico-sdk/src/rp2_common/pico_cyw43_driver/cyw43_driver.c.obj
                0x10013904                cyw43_irq_init
 .text.cyw43_irq_deinit
                0x1001392c       0x20 CMakeFiles/sender.dir/C_/Cornell/23_FALL/ECE_5730/Labs/Pico/pico-sdk/src/rp2_common/pico_cyw43_driver/cyw43_driver.c.obj
                0x1001392c                cyw43_irq_deinit
 .text.cyw43_gpio_irq_handler
                0x1001394c       0x44 CMakeFiles/sender.dir/C_/Cornell/23_FALL/ECE_5730/Labs/Pico/pico-sdk/src/rp2_common/pico_cyw43_driver/cyw43_driver.c.obj
 .text.cyw43_do_poll
                0x10013990       0x6c CMakeFiles/sender.dir/C_/Cornell/23_FALL/ECE_5730/Labs/Pico/pico-sdk/src/rp2_common/pico_cyw43_driver/cyw43_driver.c.obj
 .text.cyw43_post_poll_hook
                0x100139fc       0x10 CMakeFiles/sender.dir/C_/Cornell/23_FALL/ECE_5730/Labs/Pico/pico-sdk/src/rp2_common/pico_cyw43_driver/cyw43_driver.c.obj
                0x100139fc                cyw43_post_poll_hook
 .text.cyw43_schedule_internal_poll_dispatch
                0x10013a0c       0x18 CMakeFiles/sender.dir/C_/Cornell/23_FALL/ECE_5730/Labs/Pico/pico-sdk/src/rp2_common/pico_cyw43_driver/cyw43_driver.c.obj
                0x10013a0c                cyw43_schedule_internal_poll_dispatch
 .text.cyw43_driver_init
                0x10013a24       0x38 CMakeFiles/sender.dir/C_/Cornell/23_FALL/ECE_5730/Labs/Pico/pico-sdk/src/rp2_common/pico_cyw43_driver/cyw43_driver.c.obj
                0x10013a24                cyw43_driver_init
 .text.cyw43_driver_deinit
                0x10013a5c       0x44 CMakeFiles/sender.dir/C_/Cornell/23_FALL/ECE_5730/Labs/Pico/pico-sdk/src/rp2_common/pico_cyw43_driver/cyw43_driver.c.obj
                0x10013a5c                cyw43_driver_deinit
 .text.cyw43_hal_generate_laa_mac
                0x10013aa0       0x28 CMakeFiles/sender.dir/C_/Cornell/23_FALL/ECE_5730/Labs/Pico/pico-sdk/src/rp2_common/pico_cyw43_driver/cyw43_driver.c.obj
                0x10013aa0                cyw43_hal_generate_laa_mac
 .text.cyw43_hal_get_mac
                0x10013ac8       0x1c CMakeFiles/sender.dir/C_/Cornell/23_FALL/ECE_5730/Labs/Pico/pico-sdk/src/rp2_common/pico_cyw43_driver/cyw43_driver.c.obj
                0x10013ac8                cyw43_hal_get_mac
 .text.cyw43_thread_enter
                0x10013ae4       0x14 CMakeFiles/sender.dir/C_/Cornell/23_FALL/ECE_5730/Labs/Pico/pico-sdk/src/rp2_common/pico_cyw43_driver/cyw43_driver.c.obj
                0x10013ae4                cyw43_thread_enter
 .text.cyw43_thread_exit
                0x10013af8       0x14 CMakeFiles/sender.dir/C_/Cornell/23_FALL/ECE_5730/Labs/Pico/pico-sdk/src/rp2_common/pico_cyw43_driver/cyw43_driver.c.obj
                0x10013af8                cyw43_thread_exit
 .text.cyw43_await_background_or_timeout_us
                0x10013b0c       0x34 CMakeFiles/sender.dir/C_/Cornell/23_FALL/ECE_5730/Labs/Pico/pico-sdk/src/rp2_common/pico_cyw43_driver/cyw43_driver.c.obj
                0x10013b0c                cyw43_await_background_or_timeout_us
 .text.cyw43_delay_ms
                0x10013b40       0x44 CMakeFiles/sender.dir/C_/Cornell/23_FALL/ECE_5730/Labs/Pico/pico-sdk/src/rp2_common/pico_cyw43_driver/cyw43_driver.c.obj
                0x10013b40                cyw43_delay_ms
 .text.cyw43_delay_us
                0x10013b84       0x34 CMakeFiles/sender.dir/C_/Cornell/23_FALL/ECE_5730/Labs/Pico/pico-sdk/src/rp2_common/pico_cyw43_driver/cyw43_driver.c.obj
                0x10013b84                cyw43_delay_us
 .text.handle_sync_func_call
                0x10013bb8       0x24 CMakeFiles/sender.dir/C_/Cornell/23_FALL/ECE_5730/Labs/Pico/pico-sdk/src/rp2_common/pico_async_context/async_context_threadsafe_background.c.obj
 .text.async_context_threadsafe_background_acquire_lock_blocking
                0x10013bdc        0xc CMakeFiles/sender.dir/C_/Cornell/23_FALL/ECE_5730/Labs/Pico/pico-sdk/src/rp2_common/pico_async_context/async_context_threadsafe_background.c.obj
 .text.process_under_lock
                0x10013be8       0xc8 CMakeFiles/sender.dir/C_/Cornell/23_FALL/ECE_5730/Labs/Pico/pico-sdk/src/rp2_common/pico_async_context/async_context_threadsafe_background.c.obj
 .text.async_context_threadsafe_background_deinit
                0x10013cb0       0x64 CMakeFiles/sender.dir/C_/Cornell/23_FALL/ECE_5730/Labs/Pico/pico-sdk/src/rp2_common/pico_async_context/async_context_threadsafe_background.c.obj
 .text.low_priority_irq_handler
                0x10013d14       0x3c CMakeFiles/sender.dir/C_/Cornell/23_FALL/ECE_5730/Labs/Pico/pico-sdk/src/rp2_common/pico_async_context/async_context_threadsafe_background.c.obj
 .text.async_context_threadsafe_background_wait_for_work_until
                0x10013d50        0xc CMakeFiles/sender.dir/C_/Cornell/23_FALL/ECE_5730/Labs/Pico/pico-sdk/src/rp2_common/pico_async_context/async_context_threadsafe_background.c.obj
 .text.async_context_threadsafe_background_wait_until
                0x10013d5c       0x1c CMakeFiles/sender.dir/C_/Cornell/23_FALL/ECE_5730/Labs/Pico/pico-sdk/src/rp2_common/pico_async_context/async_context_threadsafe_background.c.obj
 .text.async_context_threadsafe_background_lock_check
                0x10013d78       0x28 CMakeFiles/sender.dir/C_/Cornell/23_FALL/ECE_5730/Labs/Pico/pico-sdk/src/rp2_common/pico_async_context/async_context_threadsafe_background.c.obj
 .text.async_context_threadsafe_background_execute_sync
                0x10013da0       0xe4 CMakeFiles/sender.dir/C_/Cornell/23_FALL/ECE_5730/Labs/Pico/pico-sdk/src/rp2_common/pico_async_context/async_context_threadsafe_background.c.obj
                0x10013da0                async_context_threadsafe_background_execute_sync
 .text.async_context_threadsafe_background_set_work_pending
                0x10013e84       0x50 CMakeFiles/sender.dir/C_/Cornell/23_FALL/ECE_5730/Labs/Pico/pico-sdk/src/rp2_common/pico_async_context/async_context_threadsafe_background.c.obj
 .text.alarm_handler
                0x10013ed4       0x58 CMakeFiles/sender.dir/C_/Cornell/23_FALL/ECE_5730/Labs/Pico/pico-sdk/src/rp2_common/pico_async_context/async_context_threadsafe_background.c.obj
 .text.async_context_threadsafe_background_release_lock
                0x10013f2c       0x7c CMakeFiles/sender.dir/C_/Cornell/23_FALL/ECE_5730/Labs/Pico/pico-sdk/src/rp2_common/pico_async_context/async_context_threadsafe_background.c.obj
 .text.async_context_threadsafe_background_when_pending_worker
                0x10013fa8       0x90 CMakeFiles/sender.dir/C_/Cornell/23_FALL/ECE_5730/Labs/Pico/pico-sdk/src/rp2_common/pico_async_context/async_context_threadsafe_background.c.obj
 .text.async_context_threadsafe_background_remove_at_time_worker
                0x10014038       0x90 CMakeFiles/sender.dir/C_/Cornell/23_FALL/ECE_5730/Labs/Pico/pico-sdk/src/rp2_common/pico_async_context/async_context_threadsafe_background.c.obj
 .text.async_context_threadsafe_background_add_when_pending_worker
                0x100140c8       0x90 CMakeFiles/sender.dir/C_/Cornell/23_FALL/ECE_5730/Labs/Pico/pico-sdk/src/rp2_common/pico_async_context/async_context_threadsafe_background.c.obj
 .text.async_context_threadsafe_background_add_at_time_worker
                0x10014158       0x90 CMakeFiles/sender.dir/C_/Cornell/23_FALL/ECE_5730/Labs/Pico/pico-sdk/src/rp2_common/pico_async_context/async_context_threadsafe_background.c.obj
 .text.async_context_threadsafe_background_default_config
                0x100141e8        0xc CMakeFiles/sender.dir/C_/Cornell/23_FALL/ECE_5730/Labs/Pico/pico-sdk/src/rp2_common/pico_async_context/async_context_threadsafe_background.c.obj
                0x100141e8                async_context_threadsafe_background_default_config
 .text.async_context_threadsafe_background_init
                0x100141f4       0xa4 CMakeFiles/sender.dir/C_/Cornell/23_FALL/ECE_5730/Labs/Pico/pico-sdk/src/rp2_common/pico_async_context/async_context_threadsafe_background.c.obj
                0x100141f4                async_context_threadsafe_background_init
 .text.uart_init
                0x10014298      0x188 CMakeFiles/sender.dir/C_/Cornell/23_FALL/ECE_5730/Labs/Pico/pico-sdk/src/rp2_common/hardware_uart/uart.c.obj
                0x10014298                uart_init
 .text.runtime_init
                0x10014420       0xf0 CMakeFiles/sender.dir/C_/Cornell/23_FALL/ECE_5730/Labs/Pico/pico-sdk/src/rp2_common/pico_runtime/runtime.c.obj
                0x10014420                runtime_init
 .text._exit    0x10014510        0x4 CMakeFiles/sender.dir/C_/Cornell/23_FALL/ECE_5730/Labs/Pico/pico-sdk/src/rp2_common/pico_runtime/runtime.c.obj
                0x10014510                _exit
 .text._sbrk    0x10014514       0x34 CMakeFiles/sender.dir/C_/Cornell/23_FALL/ECE_5730/Labs/Pico/pico-sdk/src/rp2_common/pico_runtime/runtime.c.obj
                0x10014514                _sbrk
 .text.exit     0x10014548        0x8 CMakeFiles/sender.dir/C_/Cornell/23_FALL/ECE_5730/Labs/Pico/pico-sdk/src/rp2_common/pico_runtime/runtime.c.obj
                0x10014548                exit
 .text.panic    0x10014550       0x30 CMakeFiles/sender.dir/C_/Cornell/23_FALL/ECE_5730/Labs/Pico/pico-sdk/src/rp2_common/pico_runtime/runtime.c.obj
                0x10014550                panic
 .text.hard_assertion_failure
                0x10014580        0xc CMakeFiles/sender.dir/C_/Cornell/23_FALL/ECE_5730/Labs/Pico/pico-sdk/src/rp2_common/pico_runtime/runtime.c.obj
                0x10014580                hard_assertion_failure
 .text._out_null
                0x1001458c        0x4 CMakeFiles/sender.dir/C_/Cornell/23_FALL/ECE_5730/Labs/Pico/pico-sdk/src/rp2_common/pico_printf/printf.c.obj
 .text._out_rev
                0x10014590       0x9c CMakeFiles/sender.dir/C_/Cornell/23_FALL/ECE_5730/Labs/Pico/pico-sdk/src/rp2_common/pico_printf/printf.c.obj
 .text._ntoa_format
                0x1001462c      0x1cc CMakeFiles/sender.dir/C_/Cornell/23_FALL/ECE_5730/Labs/Pico/pico-sdk/src/rp2_common/pico_printf/printf.c.obj
 .text._out_char
                0x100147f8       0x10 CMakeFiles/sender.dir/C_/Cornell/23_FALL/ECE_5730/Labs/Pico/pico-sdk/src/rp2_common/pico_printf/printf.c.obj
 .text._out_fct
                0x10014808       0x10 CMakeFiles/sender.dir/C_/Cornell/23_FALL/ECE_5730/Labs/Pico/pico-sdk/src/rp2_common/pico_printf/printf.c.obj
 .text._etoa    0x10014818      0x44c CMakeFiles/sender.dir/C_/Cornell/23_FALL/ECE_5730/Labs/Pico/pico-sdk/src/rp2_common/pico_printf/printf.c.obj
 .text._ftoa    0x10014c64      0x398 CMakeFiles/sender.dir/C_/Cornell/23_FALL/ECE_5730/Labs/Pico/pico-sdk/src/rp2_common/pico_printf/printf.c.obj
 .text._vsnprintf
                0x10014ffc      0xb04 CMakeFiles/sender.dir/C_/Cornell/23_FALL/ECE_5730/Labs/Pico/pico-sdk/src/rp2_common/pico_printf/printf.c.obj
 .text.vfctprintf
                0x10015b00       0x20 CMakeFiles/sender.dir/C_/Cornell/23_FALL/ECE_5730/Labs/Pico/pico-sdk/src/rp2_common/pico_printf/printf.c.obj
                0x10015b00                vfctprintf
 .text.weak_raw_vprintf
                0x10015b20       0x30 CMakeFiles/sender.dir/C_/Cornell/23_FALL/ECE_5730/Labs/Pico/pico-sdk/src/rp2_common/pico_printf/printf.c.obj
                0x10015b20                weak_raw_vprintf
 .text          0x10015b50       0x10 CMakeFiles/sender.dir/C_/Cornell/23_FALL/ECE_5730/Labs/Pico/pico-sdk/src/rp2_common/pico_bit_ops/bit_ops_aeabi.S.obj
 .text.ctzsi    0x10015b60        0xc CMakeFiles/sender.dir/C_/Cornell/23_FALL/ECE_5730/Labs/Pico/pico-sdk/src/rp2_common/pico_bit_ops/bit_ops_aeabi.S.obj
                0x10015b60                __wrap___ctzsi2
 .text.__wrap___aeabi_idiv
                0x10015b6c       0x50 CMakeFiles/sender.dir/C_/Cornell/23_FALL/ECE_5730/Labs/Pico/pico-sdk/src/rp2_common/pico_divider/divider.S.obj
                0x10015b6c                __wrap___aeabi_idivmod
                0x10015b6c                divmod_s32s32
                0x10015b6c                div_s32s32
                0x10015b6c                __wrap___aeabi_idiv
                0x10015b74                divmod_s32s32_unsafe
                0x10015ba0                divmod_s32s32_savestate
 .text.__wrap___aeabi_uidiv
                0x10015bbc       0x4c CMakeFiles/sender.dir/C_/Cornell/23_FALL/ECE_5730/Labs/Pico/pico-sdk/src/rp2_common/pico_divider/divider.S.obj
                0x10015bbc                __wrap___aeabi_uidiv
                0x10015bbc                __wrap___aeabi_uidivmod
                0x10015bbc                div_u32u32
                0x10015bbc                divmod_u32u32
                0x10015bc4                divmod_u32u32_unsafe
                0x10015bec                divmod_u32u32_savestate
 .text.__wrap___aeabi_ldiv
                0x10015c08      0x424 CMakeFiles/sender.dir/C_/Cornell/23_FALL/ECE_5730/Labs/Pico/pico-sdk/src/rp2_common/pico_divider/divider.S.obj
                0x10015c08                div_s64s64
                0x10015c08                divmod_s64s64
                0x10015c08                __wrap___aeabi_ldivmod
                0x10015c38                divmod_u64u64
                0x10015c38                div_u64u64
                0x10015c38                __wrap___aeabi_uldivmod
                0x10015c48                divmod_u64u64_savestate
                0x10015c68                divmod_s64s64_unsafe
                0x10015cf0                divmod_u64u64_unsafe
 .text.__wrap___aeabi_darithmetic
                0x1001602c       0x60 CMakeFiles/sender.dir/C_/Cornell/23_FALL/ECE_5730/Labs/Pico/pico-sdk/src/rp2_common/pico_double/double_aeabi.S.obj
                0x1001602c                __wrap___aeabi_drsub
                0x10016032                __wrap___aeabi_dsub
                0x1001603c                __wrap___aeabi_dadd
                0x10016046                __wrap___aeabi_ddiv