Archive member included to satisfy reference by file (symbol)

c:/progra~2/gnuarm~1/102021~1.10/bin/../lib/gcc/arm-none-eabi/10.3.1/thumb/v6-m/nofp\libgcc.a(_dvmd_tls.o)
                              CMakeFiles/receiver.dir/C_/Cornell/23_FALL/ECE_5730/Labs/Pico/pico-sdk/src/rp2_common/pico_divider/divider.S.obj (__aeabi_idiv0)
c:/progra~2/gnuarm~1/102021~1.10/bin/../lib/gcc/arm-none-eabi/10.3.1/../../../../arm-none-eabi/lib/thumb/v6-m/nofp\libc.a(lib_a-atoi.o)
                              CMakeFiles/receiver.dir/C_/Cornell/23_FALL/ECE_5730/Labs/Pico/pico-sdk/lib/lwip/src/core/netif.c.obj (atoi)
c:/progra~2/gnuarm~1/102021~1.10/bin/../lib/gcc/arm-none-eabi/10.3.1/../../../../arm-none-eabi/lib/thumb/v6-m/nofp\libc.a(lib_a-calloc.o)
                              CMakeFiles/receiver.dir/C_/Cornell/23_FALL/ECE_5730/Labs/Pico/pico-sdk/src/rp2_common/pico_malloc/pico_malloc.c.obj (calloc)
c:/progra~2/gnuarm~1/102021~1.10/bin/../lib/gcc/arm-none-eabi/10.3.1/../../../../arm-none-eabi/lib/thumb/v6-m/nofp\libc.a(lib_a-callocr.o)
                              c:/progra~2/gnuarm~1/102021~1.10/bin/../lib/gcc/arm-none-eabi/10.3.1/../../../../arm-none-eabi/lib/thumb/v6-m/nofp\libc.a(lib_a-calloc.o) (_calloc_r)
c:/progra~2/gnuarm~1/102021~1.10/bin/../lib/gcc/arm-none-eabi/10.3.1/../../../../arm-none-eabi/lib/thumb/v6-m/nofp\libc.a(lib_a-ctype_.o)
                              CMakeFiles/receiver.dir/C_/Cornell/23_FALL/ECE_5730/Labs/Pico/pico-sdk/lib/lwip/src/core/dns.c.obj (_ctype_)
c:/progra~2/gnuarm~1/102021~1.10/bin/../lib/gcc/arm-none-eabi/10.3.1/../../../../arm-none-eabi/lib/thumb/v6-m/nofp\libc.a(lib_a-errno.o)
                              c:/progra~2/gnuarm~1/102021~1.10/bin/../lib/gcc/arm-none-eabi/10.3.1/../../../../arm-none-eabi/lib/thumb/v6-m/nofp\libc.a(lib_a-callocr.o) (__errno)
c:/progra~2/gnuarm~1/102021~1.10/bin/../lib/gcc/arm-none-eabi/10.3.1/../../../../arm-none-eabi/lib/thumb/v6-m/nofp\libc.a(lib_a-impure.o)
                              c:/progra~2/gnuarm~1/102021~1.10/bin/../lib/gcc/arm-none-eabi/10.3.1/../../../../arm-none-eabi/lib/thumb/v6-m/nofp\libc.a(lib_a-calloc.o) (_impure_ptr)
c:/progra~2/gnuarm~1/102021~1.10/bin/../lib/gcc/arm-none-eabi/10.3.1/../../../../arm-none-eabi/lib/thumb/v6-m/nofp\libc.a(lib_a-init.o)
                              c:/progra~2/gnuarm~1/102021~1.10/bin/../lib/gcc/arm-none-eabi/10.3.1/../../../../arm-none-eabi/lib/thumb/v6-m/nofp/crt0.o (__libc_init_array)
c:/progra~2/gnuarm~1/102021~1.10/bin/../lib/gcc/arm-none-eabi/10.3.1/../../../../arm-none-eabi/lib/thumb/v6-m/nofp\libc.a(lib_a-malloc.o)
                              CMakeFiles/receiver.dir/C_/Cornell/23_FALL/ECE_5730/Labs/Pico/pico-sdk/src/rp2_common/pico_malloc/pico_malloc.c.obj (malloc)
c:/progra~2/gnuarm~1/102021~1.10/bin/../lib/gcc/arm-none-eabi/10.3.1/../../../../arm-none-eabi/lib/thumb/v6-m/nofp\libc.a(lib_a-mallocr.o)
                              c:/progra~2/gnuarm~1/102021~1.10/bin/../lib/gcc/arm-none-eabi/10.3.1/../../../../arm-none-eabi/lib/thumb/v6-m/nofp\libc.a(lib_a-callocr.o) (_malloc_r)
c:/progra~2/gnuarm~1/102021~1.10/bin/../lib/gcc/arm-none-eabi/10.3.1/../../../../arm-none-eabi/lib/thumb/v6-m/nofp\libc.a(lib_a-memcmp.o)
                              CMakeFiles/receiver.dir/dhcpserver/dhcpserver.c.obj (memcmp)
c:/progra~2/gnuarm~1/102021~1.10/bin/../lib/gcc/arm-none-eabi/10.3.1/../../../../arm-none-eabi/lib/thumb/v6-m/nofp\libc.a(lib_a-memmove.o)
                              CMakeFiles/receiver.dir/C_/Cornell/23_FALL/ECE_5730/Labs/Pico/pico-sdk/lib/lwip/src/core/def.c.obj (memmove)
c:/progra~2/gnuarm~1/102021~1.10/bin/../lib/gcc/arm-none-eabi/10.3.1/../../../../arm-none-eabi/lib/thumb/v6-m/nofp\libc.a(lib_a-mlock.o)
                              c:/progra~2/gnuarm~1/102021~1.10/bin/../lib/gcc/arm-none-eabi/10.3.1/../../../../arm-none-eabi/lib/thumb/v6-m/nofp\libc.a(lib_a-mallocr.o) (__malloc_lock)
c:/progra~2/gnuarm~1/102021~1.10/bin/../lib/gcc/arm-none-eabi/10.3.1/../../../../arm-none-eabi/lib/thumb/v6-m/nofp\libc.a(lib_a-realloc.o)
                              CMakeFiles/receiver.dir/C_/Cornell/23_FALL/ECE_5730/Labs/Pico/pico-sdk/src/rp2_common/pico_malloc/pico_malloc.c.obj (realloc)
c:/progra~2/gnuarm~1/102021~1.10/bin/../lib/gcc/arm-none-eabi/10.3.1/../../../../arm-none-eabi/lib/thumb/v6-m/nofp\libc.a(lib_a-reallocr.o)
                              c:/progra~2/gnuarm~1/102021~1.10/bin/../lib/gcc/arm-none-eabi/10.3.1/../../../../arm-none-eabi/lib/thumb/v6-m/nofp\libc.a(lib_a-realloc.o) (_realloc_r)
c:/progra~2/gnuarm~1/102021~1.10/bin/../lib/gcc/arm-none-eabi/10.3.1/../../../../arm-none-eabi/lib/thumb/v6-m/nofp\libc.a(lib_a-sbrkr.o)
                              c:/progra~2/gnuarm~1/102021~1.10/bin/../lib/gcc/arm-none-eabi/10.3.1/../../../../arm-none-eabi/lib/thumb/v6-m/nofp\libc.a(lib_a-mallocr.o) (_sbrk_r)
c:/progra~2/gnuarm~1/102021~1.10/bin/../lib/gcc/arm-none-eabi/10.3.1/../../../../arm-none-eabi/lib/thumb/v6-m/nofp\libc.a(lib_a-strlen-stub.o)
[...]
Memory Configuration

Name             Origin             Length             Attributes
FLASH            0x10000000         0x00200000         xr
RAM              0x20000000         0x00040000         xrw
SCRATCH_X        0x20040000         0x00001000         xrw
SCRATCH_Y        0x20041000         0x00001000         xrw
*default*        0x00000000         0xffffffff

Linker script and memory map

LOAD c:/progra~2/gnuarm~1/102021~1.10/bin/../lib/gcc/arm-none-eabi/10.3.1/thumb/v6-m/nofp/crti.o
LOAD c:/progra~2/gnuarm~1/102021~1.10/bin/../lib/gcc/arm-none-eabi/10.3.1/thumb/v6-m/nofp/crtbegin.o
LOAD c:/progra~2/gnuarm~1/102021~1.10/bin/../lib/gcc/arm-none-eabi/10.3.1/../../../../arm-none-eabi/lib/thumb/v6-m/nofp/crt0.o

.flash_begin    0x10000000        0x0
                0x10000000                __flash_binary_start = .

.boot2          0x10000000      0x100
                0x10000000                __boot2_start__ = .
 *(.boot2)
 .boot2         0x10000000      0x100 C:\Users\kaili\AppData\Local\Temp\ccSxx2Yv.o
                0x10000100                __boot2_end__ = .
                0x00000001                ASSERT (((__boot2_end__ - __boot2_start__) == 0x100), ERROR: Pico second stage bootloader must be 256 bytes in size)

.text           0x10000100    0x18ef8
                0x10000100                __logical_binary_start = .
 *(.vectors)
 .vectors       0x10000100       0xd4 CMakeFiles/receiver.dir/C_/Cornell/23_FALL/ECE_5730/Labs/Pico/pico-sdk/src/rp2_common/pico_standard_link/crt0.S.obj
                0x10000100                __VECTOR_TABLE
                0x10000100                __vectors
                0x100001c0                isr_invalid
                0x100001c0                __default_isrs_start
                0x100001c2                isr_nmi
                0x100001c4                isr_hardfault
                0x100001c6                isr_svcall
                0x100001c8                isr_pendsv
                0x100001ca                isr_systick
                0x100001cc                isr_irq23
                0x100001cc                isr_irq18
                0x100001cc                isr_irq11
                0x100001cc                isr_irq28
                0x100001cc                isr_irq19
                0x100001cc                isr_irq0
                0x100001cc                isr_irq6
                0x100001cc                isr_irq5
                0x100001cc                isr_irq12
                0x100001cc                isr_irq22
                0x100001cc                isr_irq31
                0x100001cc                isr_irq17
                0x100001cc                isr_irq27
                0x100001cc                isr_irq30
                0x100001cc                isr_irq2
                0x100001cc                isr_irq10
                0x100001cc                isr_irq8
                0x100001cc                isr_irq24
                0x100001cc                isr_irq1
                0x100001cc                isr_irq7
                0x100001cc                isr_irq21
                0x100001cc                isr_irq20
                0x100001cc                isr_irq15
                0x100001cc                isr_irq25
                0x100001cc                isr_irq13
                0x100001cc                __unhandled_user_irq
                0x100001cc                isr_irq4
                0x100001cc                isr_irq16
                0x100001cc                isr_irq29
                0x100001cc                isr_irq26
                0x100001cc                __default_isrs_end
                0x100001cc                isr_irq3
                0x100001cc                isr_irq14
                0x100001cc                isr_irq9
                0x100001d2                unhandled_user_irq_num_in_r0
 *(.binary_info_header)
 .binary_info_header
                0x100001d4       0x14 CMakeFiles/receiver.dir/C_/Cornell/23_FALL/ECE_5730/Labs/Pico/pico-sdk/src/rp2_common/pico_standard_link/crt0.S.obj
                0x100001e8                __binary_info_header_end = .
 *(.reset)
 .reset         0x100001e8       0xa0 CMakeFiles/receiver.dir/C_/Cornell/23_FALL/ECE_5730/Labs/Pico/pico-sdk/src/rp2_common/pico_standard_link/crt0.S.obj
                0x100001e8                _entry_point
 .reset         0x10000288       0x30 CMakeFiles/receiver.dir/C_/Cornell/23_FALL/ECE_5730/Labs/Pico/pico-sdk/src/rp2_common/pico_standard_link/binary_info.c.obj
 *(.init)
 .init          0x100002b8        0x4 c:/progra~2/gnuarm~1/102021~1.10/bin/../lib/gcc/arm-none-eabi/10.3.1/thumb/v6-m/nofp/crti.o
                0x100002b8                _init
 *(EXCLUDE_FILE(*libm.a: *libc.a:*lib_a-mem*.o *libgcc.a:) .text*)
 .text          0x100002bc       0x48 c:/progra~2/gnuarm~1/102021~1.10/bin/../lib/gcc/arm-none-eabi/10.3.1/thumb/v6-m/nofp/crtbegin.o
 .text.protothread_sched.constprop.0.isra.0
                0x10000304      0x140 CMakeFiles/receiver.dir/picow_udp_simple_ap_station.c.obj
 .text.protothread_sched1.constprop.0.isra.0
                0x10000444      0x140 CMakeFiles/receiver.dir/picow_udp_simple_ap_station.c.obj
 .text.core1_main
                0x10000584       0x2c CMakeFiles/receiver.dir/picow_udp_simple_ap_station.c.obj
                0x10000584                core1_main
 .text.drawMaze
                0x100005b0      0x40c CMakeFiles/receiver.dir/picow_udp_simple_ap_station.c.obj
                0x100005b0                drawMaze
 .text.protothread_vga
                0x100009bc      0xa94 CMakeFiles/receiver.dir/picow_udp_simple_ap_station.c.obj
 .text.udpecho_raw_init
                0x10001450       0x68 CMakeFiles/receiver.dir/picow_udp_simple_ap_station.c.obj
                0x10001450                udpecho_raw_init
 .text.maze_game
                0x100014b8      0x70c CMakeFiles/receiver.dir/picow_udp_simple_ap_station.c.obj
                0x100014b8                maze_game
 .text.protothread_udp_recv
                0x10001bc4      0x1b0 CMakeFiles/receiver.dir/picow_udp_simple_ap_station.c.obj
 .text.startup.main
                0x10001d74      0x1ec CMakeFiles/receiver.dir/picow_udp_simple_ap_station.c.obj
                0x10001d74                main
 .text.dhcp_server_process
                0x10001f60      0x720 CMakeFiles/receiver.dir/dhcpserver/dhcpserver.c.obj
 .text.dhcp_server_init
                0x10002680       0x3c CMakeFiles/receiver.dir/dhcpserver/dhcpserver.c.obj
                0x10002680                dhcp_server_init
 .text.initVGA  0x100026bc      0x234 CMakeFiles/receiver.dir/vga_graphics.c.obj
                0x100026bc                initVGA
 .text.fillRect
                0x100028f0       0xd0 CMakeFiles/receiver.dir/vga_graphics.c.obj
                0x100028f0                fillRect
 .text.drawChar
                0x100029c0      0x32c CMakeFiles/receiver.dir/vga_graphics.c.obj
                0x100029c0                drawChar
 .text.setCursor
                0x10002cec       0x14 CMakeFiles/receiver.dir/vga_graphics.c.obj
                0x10002cec                setCursor
 .text.setTextSize
                0x10002d00       0x14 CMakeFiles/receiver.dir/vga_graphics.c.obj
                0x10002d00                setTextSize
 .text.setTextColor
                0x10002d14       0x14 CMakeFiles/receiver.dir/vga_graphics.c.obj
                0x10002d14                setTextColor
 .text.writeString
                0x10002d28       0xd4 CMakeFiles/receiver.dir/vga_graphics.c.obj
                0x10002d28                writeString
 .text.lwip_timeout_reached
                0x10002dfc        0x8 CMakeFiles/receiver.dir/C_/Cornell/23_FALL/ECE_5730/Labs/Pico/pico-sdk/src/rp2_common/pico_lwip/lwip_nosys.c.obj
 .text.update_next_timeout
                0x10002e04       0x6c CMakeFiles/receiver.dir/C_/Cornell/23_FALL/ECE_5730/Labs/Pico/pico-sdk/src/rp2_common/pico_lwip/lwip_nosys.c.obj
 .text.lwip_nosys_init
                0x10002e70       0x30 CMakeFiles/receiver.dir/C_/Cornell/23_FALL/ECE_5730/Labs/Pico/pico-sdk/src/rp2_common/pico_lwip/lwip_nosys.c.obj
                0x10002e70                lwip_nosys_init
 .text.lwip_nosys_deinit
                0x10002ea0       0x20 CMakeFiles/receiver.dir/C_/Cornell/23_FALL/ECE_5730/Labs/Pico/pico-sdk/src/rp2_common/pico_lwip/lwip_nosys.c.obj
                0x10002ea0                lwip_nosys_deinit
 .text.sys_arch_protect
                0x10002ec0        0x4 CMakeFiles/receiver.dir/C_/Cornell/23_FALL/ECE_5730/Labs/Pico/pico-sdk/src/rp2_common/pico_lwip/lwip_nosys.c.obj
                0x10002ec0                sys_arch_protect
 .text.sys_arch_unprotect
                0x10002ec4        0x4 CMakeFiles/receiver.dir/C_/Cornell/23_FALL/ECE_5730/Labs/Pico/pico-sdk/src/rp2_common/pico_lwip/lwip_nosys.c.obj
                0x10002ec4                sys_arch_unprotect
 .text.sys_now  0x10002ec8       0x20 CMakeFiles/receiver.dir/C_/Cornell/23_FALL/ECE_5730/Labs/Pico/pico-sdk/src/rp2_common/pico_lwip/lwip_nosys.c.obj
                0x10002ec8                sys_now
 .text.async_context_base_add_at_time_worker
                0x10002ee8       0x28 CMakeFiles/receiver.dir/C_/Cornell/23_FALL/ECE_5730/Labs/Pico/pico-sdk/src/rp2_common/pico_async_context/async_context_base.c.obj
                0x10002ee8                async_context_base_add_at_time_worker
 .text.async_context_base_remove_at_time_worker
                0x10002f10       0x28 CMakeFiles/receiver.dir/C_/Cornell/23_FALL/ECE_5730/Labs/Pico/pico-sdk/src/rp2_common/pico_async_context/async_context_base.c.obj
                0x10002f10                async_context_base_remove_at_time_worker
 .text.async_context_base_add_when_pending_worker
                0x10002f38       0x24 CMakeFiles/receiver.dir/C_/Cornell/23_FALL/ECE_5730/Labs/Pico/pico-sdk/src/rp2_common/pico_async_context/async_context_base.c.obj
                0x10002f38                async_context_base_add_when_pending_worker
 .text.async_context_base_remove_when_pending_worker
                0x10002f5c       0x28 CMakeFiles/receiver.dir/C_/Cornell/23_FALL/ECE_5730/Labs/Pico/pico-sdk/src/rp2_common/pico_async_context/async_context_base.c.obj
                0x10002f5c                async_context_base_remove_when_pending_worker
 .text.async_context_base_execute_once
                0x10002f84       0xe8 CMakeFiles/receiver.dir/C_/Cornell/23_FALL/ECE_5730/Labs/Pico/pico-sdk/src/rp2_common/pico_async_context/async_context_base.c.obj
                0x10002f84                async_context_base_execute_once
 .text.async_context_base_needs_servicing
                0x1000306c       0x54 CMakeFiles/receiver.dir/C_/Cornell/23_FALL/ECE_5730/Labs/Pico/pico-sdk/src/rp2_common/pico_async_context/async_context_base.c.obj
                0x1000306c                async_context_base_needs_servicing
 .text.running_on_fpga
                0x100030c0       0x10 CMakeFiles/receiver.dir/C_/Cornell/23_FALL/ECE_5730/Labs/Pico/pico-sdk/src/rp2_common/pico_platform/platform.c.obj
                0x100030c0                running_on_fpga
 .text.splitmix64
                0x100030d0       0x5c CMakeFiles/receiver.dir/C_/Cornell/23_FALL/ECE_5730/Labs/Pico/pico-sdk/src/rp2_common/pico_rand/rand.c.obj
 .text.xoroshiro128ss
                0x1000312c       0x90 CMakeFiles/receiver.dir/C_/Cornell/23_FALL/ECE_5730/Labs/Pico/pico-sdk/src/rp2_common/pico_rand/rand.c.obj
 .text.get_rand_64
                0x100031bc      0x484 CMakeFiles/receiver.dir/C_/Cornell/23_FALL/ECE_5730/Labs/Pico/pico-sdk/src/rp2_common/pico_rand/rand.c.obj
                0x100031bc                get_rand_64
 .text.get_rand_32
                0x10003640        0x8 CMakeFiles/receiver.dir/C_/Cornell/23_FALL/ECE_5730/Labs/Pico/pico-sdk/src/rp2_common/pico_rand/rand.c.obj
                0x10003640                get_rand_32
 .text.startup._retrieve_unique_id_on_boot
                0x10003648       0x10 CMakeFiles/receiver.dir/C_/Cornell/23_FALL/ECE_5730/Labs/Pico/pico-sdk/src/rp2_common/pico_unique_id/unique_id.c.obj
 .text.pico_get_unique_board_id
                0x10003658       0x10 CMakeFiles/receiver.dir/C_/Cornell/23_FALL/ECE_5730/Labs/Pico/pico-sdk/src/rp2_common/pico_unique_id/unique_id.c.obj
                0x10003658                pico_get_unique_board_id
 .text.flash_get_unique_id
                0x10003668       0x40 CMakeFiles/receiver.dir/C_/Cornell/23_FALL/ECE_5730/Labs/Pico/pico-sdk/src/rp2_common/hardware_flash/flash.c.obj
                0x10003668                flash_get_unique_id
 .text.hw_claim_lock
                0x100036a8       0x18 CMakeFiles/receiver.dir/C_/Cornell/23_FALL/ECE_5730/Labs/Pico/pico-sdk/src/rp2_common/hardware_claim/claim.c.obj
                0x100036a8                hw_claim_lock
 .text.hw_claim_unlock
                0x100036c0       0x14 CMakeFiles/receiver.dir/C_/Cornell/23_FALL/ECE_5730/Labs/Pico/pico-sdk/src/rp2_common/hardware_claim/claim.c.obj
                0x100036c0                hw_claim_unlock
 .text.hw_claim_or_assert
                0x100036d4       0x44 CMakeFiles/receiver.dir/C_/Cornell/23_FALL/ECE_5730/Labs/Pico/pico-sdk/src/rp2_common/hardware_claim/claim.c.obj
                0x100036d4                hw_claim_or_assert
 .text.hw_claim_unused_from_range
                0x10003718       0x9c CMakeFiles/receiver.dir/C_/Cornell/23_FALL/ECE_5730/Labs/Pico/pico-sdk/src/rp2_common/hardware_claim/claim.c.obj
                0x10003718                hw_claim_unused_from_range
 .text.hw_claim_clear
                0x100037b4       0x38 CMakeFiles/receiver.dir/C_/Cornell/23_FALL/ECE_5730/Labs/Pico/pico-sdk/src/rp2_common/hardware_claim/claim.c.obj
                0x100037b4                hw_claim_clear
 .text.spin_locks_reset
                0x100037ec       0x1c CMakeFiles/receiver.dir/C_/Cornell/23_FALL/ECE_5730/Labs/Pico/pico-sdk/src/rp2_common/hardware_sync/sync.c.obj
                0x100037ec                spin_locks_reset
 .text.next_striped_spin_lock_num
                0x10003808       0x18 CMakeFiles/receiver.dir/C_/Cornell/23_FALL/ECE_5730/Labs/Pico/pico-sdk/src/rp2_common/hardware_sync/sync.c.obj
                0x10003808                next_striped_spin_lock_num
 .text.rom_func_lookup
                0x10003820       0x10 CMakeFiles/receiver.dir/C_/Cornell/23_FALL/ECE_5730/Labs/Pico/pico-sdk/src/rp2_common/pico_bootrom/bootrom.c.obj
                0x10003820                rom_func_lookup
 .text.rom_data_lookup
                0x10003830       0x10 CMakeFiles/receiver.dir/C_/Cornell/23_FALL/ECE_5730/Labs/Pico/pico-sdk/src/rp2_common/pico_bootrom/bootrom.c.obj
                0x10003830                rom_data_lookup
 .text.rom_funcs_lookup
                0x10003840       0x44 CMakeFiles/receiver.dir/C_/Cornell/23_FALL/ECE_5730/Labs/Pico/pico-sdk/src/rp2_common/pico_bootrom/bootrom.c.obj
                0x10003840                rom_funcs_lookup
 .text.clocks_init
                0x10003884      0x2d0 CMakeFiles/receiver.dir/C_/Cornell/23_FALL/ECE_5730/Labs/Pico/pico-sdk/src/rp2_common/hardware_clocks/clocks.c.obj
                0x10003884                clocks_init
 .text.clock_get_hz
                0x10003b54        0xc CMakeFiles/receiver.dir/C_/Cornell/23_FALL/ECE_5730/Labs/Pico/pico-sdk/src/rp2_common/hardware_clocks/clocks.c.obj
                0x10003b54                clock_get_hz
 .text.gpio_set_function
                0x10003b60       0x30 CMakeFiles/receiver.dir/C_/Cornell/23_FALL/ECE_5730/Labs/Pico/pico-sdk/src/rp2_common/hardware_gpio/gpio.c.obj
                0x10003b60                gpio_set_function
 .text.gpio_set_pulls
                0x10003b90       0x30 CMakeFiles/receiver.dir/C_/Cornell/23_FALL/ECE_5730/Labs/Pico/pico-sdk/src/rp2_common/hardware_gpio/gpio.c.obj
                0x10003b90                gpio_set_pulls
 .text.gpio_set_input_hysteresis_enabled
                0x10003bc0       0x28 CMakeFiles/receiver.dir/C_/Cornell/23_FALL/ECE_5730/Labs/Pico/pico-sdk/src/rp2_common/hardware_gpio/gpio.c.obj
                0x10003bc0                gpio_set_input_hysteresis_enabled
 .text.gpio_set_irq_enabled
                0x10003be8       0x54 CMakeFiles/receiver.dir/C_/Cornell/23_FALL/ECE_5730/Labs/Pico/pico-sdk/src/rp2_common/hardware_gpio/gpio.c.obj
                0x10003be8                gpio_set_irq_enabled
 .text.gpio_add_raw_irq_handler_with_order_priority_masked
                0x10003c3c       0x44 CMakeFiles/receiver.dir/C_/Cornell/23_FALL/ECE_5730/Labs/Pico/pico-sdk/src/rp2_common/hardware_gpio/gpio.c.obj
                0x10003c3c                gpio_add_raw_irq_handler_with_order_priority_masked
 .text.gpio_remove_raw_irq_handler_masked
                0x10003c80       0x20 CMakeFiles/receiver.dir/C_/Cornell/23_FALL/ECE_5730/Labs/Pico/pico-sdk/src/rp2_common/hardware_gpio/gpio.c.obj
                0x10003c80                gpio_remove_raw_irq_handler_masked
 .text.gpio_init
                0x10003ca0       0x3c CMakeFiles/receiver.dir/C_/Cornell/23_FALL/ECE_5730/Labs/Pico/pico-sdk/src/rp2_common/hardware_gpio/gpio.c.obj
                0x10003ca0                gpio_init
 .text.irq_set_enabled
                0x10003cdc       0x24 CMakeFiles/receiver.dir/C_/Cornell/23_FALL/ECE_5730/Labs/Pico/pico-sdk/src/rp2_common/hardware_irq/irq.c.obj
                0x10003cdc                irq_set_enabled
 .text.irq_is_enabled
                0x10003d00       0x18 CMakeFiles/receiver.dir/C_/Cornell/23_FALL/ECE_5730/Labs/Pico/pico-sdk/src/rp2_common/hardware_irq/irq.c.obj
                0x10003d00                irq_is_enabled
 .text.irq_set_pending
                0x10003d18       0x10 CMakeFiles/receiver.dir/C_/Cornell/23_FALL/ECE_5730/Labs/Pico/pico-sdk/src/rp2_common/hardware_irq/irq.c.obj
                0x10003d18                irq_set_pending
 .text.irq_get_vtable_handler
                0x10003d28       0x10 CMakeFiles/receiver.dir/C_/Cornell/23_FALL/ECE_5730/Labs/Pico/pico-sdk/src/rp2_common/hardware_irq/irq.c.obj
                0x10003d28                irq_get_vtable_handler
 .text.irq_set_exclusive_handler
                0x10003d38       0x54 CMakeFiles/receiver.dir/C_/Cornell/23_FALL/ECE_5730/Labs/Pico/pico-sdk/src/rp2_common/hardware_irq/irq.c.obj
                0x10003d38                irq_set_exclusive_handler
 .text.irq_add_shared_handler
                0x10003d8c      0x1e8 CMakeFiles/receiver.dir/C_/Cornell/23_FALL/ECE_5730/Labs/Pico/pico-sdk/src/rp2_common/hardware_irq/irq.c.obj
                0x10003d8c                irq_add_shared_handler
 .text.irq_remove_handler
                0x10003f74      0x1b0 CMakeFiles/receiver.dir/C_/Cornell/23_FALL/ECE_5730/Labs/Pico/pico-sdk/src/rp2_common/hardware_irq/irq.c.obj
                0x10003f74                irq_remove_handler
 .text.irq_set_priority
                0x10004124       0x28 CMakeFiles/receiver.dir/C_/Cornell/23_FALL/ECE_5730/Labs/Pico/pico-sdk/src/rp2_common/hardware_irq/irq.c.obj
                0x10004124                irq_set_priority
 .text.irq_add_tail_to_free_list
                0x1000414c       0xb4 CMakeFiles/receiver.dir/C_/Cornell/23_FALL/ECE_5730/Labs/Pico/pico-sdk/src/rp2_common/hardware_irq/irq.c.obj
                0x1000414c                irq_add_tail_to_free_list
 .text.irq_init_priorities
                0x10004200       0x24 CMakeFiles/receiver.dir/C_/Cornell/23_FALL/ECE_5730/Labs/Pico/pico-sdk/src/rp2_common/hardware_irq/irq.c.obj
                0x10004200                irq_init_priorities
 .text.user_irq_unclaim
                0x10004224       0x14 CMakeFiles/receiver.dir/C_/Cornell/23_FALL/ECE_5730/Labs/Pico/pico-sdk/src/rp2_common/hardware_irq/irq.c.obj
                0x10004224                user_irq_unclaim
 .text.user_irq_claim_unused
                0x10004238       0x28 CMakeFiles/receiver.dir/C_/Cornell/23_FALL/ECE_5730/Labs/Pico/pico-sdk/src/rp2_common/hardware_irq/irq.c.obj
                0x10004238                user_irq_claim_unused
 .text.sem_init
                0x10004260       0x20 CMakeFiles/receiver.dir/C_/Cornell/23_FALL/ECE_5730/Labs/Pico/pico-sdk/src/common/pico_sync/sem.c.obj
                0x10004260                sem_init
 .text.lock_init
                0x10004280       0x10 CMakeFiles/receiver.dir/C_/Cornell/23_FALL/ECE_5730/Labs/Pico/pico-sdk/src/common/pico_sync/lock_core.c.obj
                0x10004280                lock_init
 .text.mutex_init
                0x10004290       0x1c CMakeFiles/receiver.dir/C_/Cornell/23_FALL/ECE_5730/Labs/Pico/pico-sdk/src/common/pico_sync/mutex.c.obj
                0x10004290                mutex_init
 .text.recursive_mutex_init
                0x100042ac       0x1c CMakeFiles/receiver.dir/C_/Cornell/23_FALL/ECE_5730/Labs/Pico/pico-sdk/src/common/pico_sync/mutex.c.obj
                0x100042ac                recursive_mutex_init
 .text.timer_pool_entry_comparator
                0x100042c8       0x34 CMakeFiles/receiver.dir/C_/Cornell/23_FALL/ECE_5730/Labs/Pico/pico-sdk/src/common/pico_time/time.c.obj
                0x100042c8                timer_pool_entry_comparator
 .text.sleep_until_callback
                0x100042fc       0x30 CMakeFiles/receiver.dir/C_/Cornell/23_FALL/ECE_5730/Labs/Pico/pico-sdk/src/common/pico_time/time.c.obj
 .text.add_alarm_under_lock.isra.0
                0x1000432c      0x100 CMakeFiles/receiver.dir/C_/Cornell/23_FALL/ECE_5730/Labs/Pico/pico-sdk/src/common/pico_time/time.c.obj
 .text.alarm_pool_alarm_callback
                0x1000442c      0x1bc CMakeFiles/receiver.dir/C_/Cornell/23_FALL/ECE_5730/Labs/Pico/pico-sdk/src/common/pico_time/time.c.obj
 .text.alarm_pool_init_default
                0x100045e8       0x6c CMakeFiles/receiver.dir/C_/Cornell/23_FALL/ECE_5730/Labs/Pico/pico-sdk/src/common/pico_time/time.c.obj
                0x100045e8                alarm_pool_init_default
 .text.alarm_pool_get_default
                0x10004654        0x8 CMakeFiles/receiver.dir/C_/Cornell/23_FALL/ECE_5730/Labs/Pico/pico-sdk/src/common/pico_time/time.c.obj
                0x10004654                alarm_pool_get_default
 .text.alarm_pool_create_with_unused_hardware_alarm
                0x1000465c       0x74 CMakeFiles/receiver.dir/C_/Cornell/23_FALL/ECE_5730/Labs/Pico/pico-sdk/src/common/pico_time/time.c.obj
                0x1000465c                alarm_pool_create_with_unused_hardware_alarm
 .text.alarm_pool_destroy
                0x100046d0       0x44 CMakeFiles/receiver.dir/C_/Cornell/23_FALL/ECE_5730/Labs/Pico/pico-sdk/src/common/pico_time/time.c.obj
                0x100046d0                alarm_pool_destroy
 .text.alarm_pool_add_alarm_at
                0x10004714      0x178 CMakeFiles/receiver.dir/C_/Cornell/23_FALL/ECE_5730/Labs/Pico/pico-sdk/src/common/pico_time/time.c.obj
                0x10004714                alarm_pool_add_alarm_at
 .text.alarm_pool_add_alarm_at_force_in_context
                0x1000488c      0x124 CMakeFiles/receiver.dir/C_/Cornell/23_FALL/ECE_5730/Labs/Pico/pico-sdk/src/common/pico_time/time.c.obj
                0x1000488c                alarm_pool_add_alarm_at_force_in_context
 .text.alarm_pool_cancel_alarm
                0x100049b0       0x78 CMakeFiles/receiver.dir/C_/Cornell/23_FALL/ECE_5730/Labs/Pico/pico-sdk/src/common/pico_time/time.c.obj
                0x100049b0                alarm_pool_cancel_alarm
 .text.alarm_pool_core_num
                0x10004a28        0x4 CMakeFiles/receiver.dir/C_/Cornell/23_FALL/ECE_5730/Labs/Pico/pico-sdk/src/common/pico_time/time.c.obj
                0x10004a28                alarm_pool_core_num
 .text.sleep_until
                0x10004a2c       0xc4 CMakeFiles/receiver.dir/C_/Cornell/23_FALL/ECE_5730/Labs/Pico/pico-sdk/src/common/pico_time/time.c.obj
                0x10004a2c                sleep_until
 .text.sleep_ms
                0x10004af0       0x34 CMakeFiles/receiver.dir/C_/Cornell/23_FALL/ECE_5730/Labs/Pico/pico-sdk/src/common/pico_time/time.c.obj
                0x10004af0                sleep_ms
 .text.best_effort_wfe_or_timeout
                0x10004b24       0xd4 CMakeFiles/receiver.dir/C_/Cornell/23_FALL/ECE_5730/Labs/Pico/pico-sdk/src/common/pico_time/time.c.obj
                0x10004b24                best_effort_wfe_or_timeout
 .text.hardware_alarm_irq_handler
                0x10004bf8       0xbc CMakeFiles/receiver.dir/C_/Cornell/23_FALL/ECE_5730/Labs/Pico/pico-sdk/src/rp2_common/hardware_timer/timer.c.obj
 .text.hardware_alarm_claim
                0x10004cb4       0x18 CMakeFiles/receiver.dir/C_/Cornell/23_FALL/ECE_5730/Labs/Pico/pico-sdk/src/rp2_common/hardware_timer/timer.c.obj
                0x10004cb4                hardware_alarm_claim
 .text.hardware_alarm_unclaim
                0x10004ccc       0x10 CMakeFiles/receiver.dir/C_/Cornell/23_FALL/ECE_5730/Labs/Pico/pico-sdk/src/rp2_common/hardware_timer/timer.c.obj
                0x10004ccc                hardware_alarm_unclaim
 .text.hardware_alarm_claim_unused
                0x10004cdc       0x20 CMakeFiles/receiver.dir/C_/Cornell/23_FALL/ECE_5730/Labs/Pico/pico-sdk/src/rp2_common/hardware_timer/timer.c.obj
                0x10004cdc                hardware_alarm_claim_unused
 .text.time_us_64
                0x10004cfc       0x14 CMakeFiles/receiver.dir/C_/Cornell/23_FALL/ECE_5730/Labs/Pico/pico-sdk/src/rp2_common/hardware_timer/timer.c.obj
                0x10004cfc                time_us_64
 .text.busy_wait_us
                0x10004d10       0x54 CMakeFiles/receiver.dir/C_/Cornell/23_FALL/ECE_5730/Labs/Pico/pico-sdk/src/rp2_common/hardware_timer/timer.c.obj
                0x10004d10                busy_wait_us
 .text.busy_wait_until
                0x10004d64       0x20 CMakeFiles/receiver.dir/C_/Cornell/23_FALL/ECE_5730/Labs/Pico/pico-sdk/src/rp2_common/hardware_timer/timer.c.obj
                0x10004d64                busy_wait_until
 .text.hardware_alarm_set_callback
                0x10004d84       0x8c CMakeFiles/receiver.dir/C_/Cornell/23_FALL/ECE_5730/Labs/Pico/pico-sdk/src/rp2_common/hardware_timer/timer.c.obj
                0x10004d84                hardware_alarm_set_callback
 .text.hardware_alarm_set_target
                0x10004e10       0xd4 CMakeFiles/receiver.dir/C_/Cornell/23_FALL/ECE_5730/Labs/Pico/pico-sdk/src/rp2_common/hardware_timer/timer.c.obj
                0x10004e10                hardware_alarm_set_target
 .text.hardware_alarm_cancel
                0x10004ee4       0x3c CMakeFiles/receiver.dir/C_/Cornell/23_FALL/ECE_5730/Labs/Pico/pico-sdk/src/rp2_common/hardware_timer/timer.c.obj
                0x10004ee4                hardware_alarm_cancel
 .text.hardware_alarm_force_irq
                0x10004f20       0x3c CMakeFiles/receiver.dir/C_/Cornell/23_FALL/ECE_5730/Labs/Pico/pico-sdk/src/rp2_common/hardware_timer/timer.c.obj
                0x10004f20                hardware_alarm_force_irq
 .text.ph_merge_nodes
                0x10004f5c       0x68 CMakeFiles/receiver.dir/C_/Cornell/23_FALL/ECE_5730/Labs/Pico/pico-sdk/src/common/pico_util/pheap.c.obj
 .text.ph_create
                0x10004fc4       0x60 CMakeFiles/receiver.dir/C_/Cornell/23_FALL/ECE_5730/Labs/Pico/pico-sdk/src/common/pico_util/pheap.c.obj
                0x10004fc4                ph_create
 .text.ph_post_alloc_init
                0x10005024       0x3c CMakeFiles/receiver.dir/C_/Cornell/23_FALL/ECE_5730/Labs/Pico/pico-sdk/src/common/pico_util/pheap.c.obj
                0x10005024                ph_post_alloc_init
 .text.ph_destroy
                0x10005060       0x14 CMakeFiles/receiver.dir/C_/Cornell/23_FALL/ECE_5730/Labs/Pico/pico-sdk/src/common/pico_util/pheap.c.obj
                0x10005060                ph_destroy
 .text.ph_merge_two_pass
                0x10005074       0x90 CMakeFiles/receiver.dir/C_/Cornell/23_FALL/ECE_5730/Labs/Pico/pico-sdk/src/common/pico_util/pheap.c.obj
                0x10005074                ph_merge_two_pass
 .text.ph_remove_any_head
                0x10005104      0x100 CMakeFiles/receiver.dir/C_/Cornell/23_FALL/ECE_5730/Labs/Pico/pico-sdk/src/common/pico_util/pheap.c.obj
 .text.ph_remove_head
                0x10005204      0x104 CMakeFiles/receiver.dir/C_/Cornell/23_FALL/ECE_5730/Labs/Pico/pico-sdk/src/common/pico_util/pheap.c.obj
                0x10005204                ph_remove_head
 .text.ph_remove_and_free_node
                0x10005308       0x7c CMakeFiles/receiver.dir/C_/Cornell/23_FALL/ECE_5730/Labs/Pico/pico-sdk/src/common/pico_util/pheap.c.obj
                0x10005308                ph_remove_and_free_node
 .text.pll_init
                0x10005384       0xa0 CMakeFiles/receiver.dir/C_/Cornell/23_FALL/ECE_5730/Labs/Pico/pico-sdk/src/rp2_common/hardware_pll/pll.c.obj
                0x10005384                pll_init
 .text.watchdog_start_tick
                0x10005424       0x10 CMakeFiles/receiver.dir/C_/Cornell/23_FALL/ECE_5730/Labs/Pico/pico-sdk/src/rp2_common/hardware_watchdog/watchdog.c.obj
                0x10005424                watchdog_start_tick
 .text.xosc_init
                0x10005434       0x28 CMakeFiles/receiver.dir/C_/Cornell/23_FALL/ECE_5730/Labs/Pico/pico-sdk/src/rp2_common/hardware_xosc/xosc.c.obj
                0x10005434                xosc_init
 .text.lwip_init
                0x1000545c       0x24 CMakeFiles/receiver.dir/C_/Cornell/23_FALL/ECE_5730/Labs/Pico/pico-sdk/lib/lwip/src/core/init.c.obj
                0x1000545c                lwip_init
 .text.lwip_htons
                0x10005480        0x8 CMakeFiles/receiver.dir/C_/Cornell/23_FALL/ECE_5730/Labs/Pico/pico-sdk/lib/lwip/src/core/def.c.obj
                0x10005480                lwip_htons
 .text.lwip_htonl
                0x10005488        0x4 CMakeFiles/receiver.dir/C_/Cornell/23_FALL/ECE_5730/Labs/Pico/pico-sdk/lib/lwip/src/core/def.c.obj
                0x10005488                lwip_htonl
 .text.dns_call_found
                0x1000548c      0x134 CMakeFiles/receiver.dir/C_/Cornell/23_FALL/ECE_5730/Labs/Pico/pico-sdk/lib/lwip/src/core/dns.c.obj
 .text.dns_send.isra.0
                0x100055c0      0x168 CMakeFiles/receiver.dir/C_/Cornell/23_FALL/ECE_5730/Labs/Pico/pico-sdk/lib/lwip/src/core/dns.c.obj
 .text.dns_init
                0x10005728        0x4 CMakeFiles/receiver.dir/C_/Cornell/23_FALL/ECE_5730/Labs/Pico/pico-sdk/lib/lwip/src/core/dns.c.obj
                0x10005728                dns_init
 .text.dns_setserver
                0x1000572c       0x2c CMakeFiles/receiver.dir/C_/Cornell/23_FALL/ECE_5730/Labs/Pico/pico-sdk/lib/lwip/src/core/dns.c.obj
                0x1000572c                dns_setserver
 .text.dns_tmr  0x10005758      0x138 CMakeFiles/receiver.dir/C_/Cornell/23_FALL/ECE_5730/Labs/Pico/pico-sdk/lib/lwip/src/core/dns.c.obj
                0x10005758                dns_tmr
 .text.lwip_standard_chksum
                0x10005890       0xd8 CMakeFiles/receiver.dir/C_/Cornell/23_FALL/ECE_5730/Labs/Pico/pico-sdk/lib/lwip/src/core/inet_chksum.c.obj
                0x10005890                lwip_standard_chksum
 .text.inet_chksum_pseudo
                0x10005968       0xb4 CMakeFiles/receiver.dir/C_/Cornell/23_FALL/ECE_5730/Labs/Pico/pico-sdk/lib/lwip/src/core/inet_chksum.c.obj
                0x10005968                inet_chksum_pseudo
 .text.ip_chksum_pseudo
                0x10005a1c       0x10 CMakeFiles/receiver.dir/C_/Cornell/23_FALL/ECE_5730/Labs/Pico/pico-sdk/lib/lwip/src/core/inet_chksum.c.obj
                0x10005a1c                ip_chksum_pseudo
 .text.inet_chksum
                0x10005a2c        0xc CMakeFiles/receiver.dir/C_/Cornell/23_FALL/ECE_5730/Labs/Pico/pico-sdk/lib/lwip/src/core/inet_chksum.c.obj
                0x10005a2c                inet_chksum
 .text.inet_chksum_pbuf
                0x10005a38       0x6c CMakeFiles/receiver.dir/C_/Cornell/23_FALL/ECE_5730/Labs/Pico/pico-sdk/lib/lwip/src/core/inet_chksum.c.obj
                0x10005a38                inet_chksum_pbuf
 .text.mem_init
                0x10005aa4       0x40 CMakeFiles/receiver.dir/C_/Cornell/23_FALL/ECE_5730/Labs/Pico/pico-sdk/lib/lwip/src/core/mem.c.obj
                0x10005aa4                mem_init
 .text.mem_free
                0x10005ae4      0x11c CMakeFiles/receiver.dir/C_/Cornell/23_FALL/ECE_5730/Labs/Pico/pico-sdk/lib/lwip/src/core/mem.c.obj
                0x10005ae4                mem_free
 .text.mem_trim
                0x10005c00      0x110 CMakeFiles/receiver.dir/C_/Cornell/23_FALL/ECE_5730/Labs/Pico/pico-sdk/lib/lwip/src/core/mem.c.obj
                0x10005c00                mem_trim
 .text.mem_malloc
                0x10005d10      0x120 CMakeFiles/receiver.dir/C_/Cornell/23_FALL/ECE_5730/Labs/Pico/pico-sdk/lib/lwip/src/core/mem.c.obj
                0x10005d10                mem_malloc
 .text.memp_init
                0x10005e30       0x6c CMakeFiles/receiver.dir/C_/Cornell/23_FALL/ECE_5730/Labs/Pico/pico-sdk/lib/lwip/src/core/memp.c.obj
                0x10005e30                memp_init
 .text.memp_malloc
                0x10005e9c       0x3c CMakeFiles/receiver.dir/C_/Cornell/23_FALL/ECE_5730/Labs/Pico/pico-sdk/lib/lwip/src/core/memp.c.obj
                0x10005e9c                memp_malloc
 .text.memp_free
                0x10005ed8       0x38 CMakeFiles/receiver.dir/C_/Cornell/23_FALL/ECE_5730/Labs/Pico/pico-sdk/lib/lwip/src/core/memp.c.obj
                0x10005ed8                memp_free
 .text.netif_null_output_ip4
                0x10005f10        0x8 CMakeFiles/receiver.dir/C_/Cornell/23_FALL/ECE_5730/Labs/Pico/pico-sdk/lib/lwip/src/core/netif.c.obj
 .text.netif_do_set_ipaddr.isra.0
                0x10005f18       0x70 CMakeFiles/receiver.dir/C_/Cornell/23_FALL/ECE_5730/Labs/Pico/pico-sdk/lib/lwip/src/core/netif.c.obj
 .text.netif_init
                0x10005f88        0x4 CMakeFiles/receiver.dir/C_/Cornell/23_FALL/ECE_5730/Labs/Pico/pico-sdk/lib/lwip/src/core/netif.c.obj
                0x10005f88                netif_init
 .text.netif_add
                0x10005f8c      0x144 CMakeFiles/receiver.dir/C_/Cornell/23_FALL/ECE_5730/Labs/Pico/pico-sdk/lib/lwip/src/core/netif.c.obj
                0x10005f8c                netif_add
 .text.netif_set_ipaddr
                0x100060d0       0x70 CMakeFiles/receiver.dir/C_/Cornell/23_FALL/ECE_5730/Labs/Pico/pico-sdk/lib/lwip/src/core/netif.c.obj
                0x100060d0                netif_set_ipaddr
 .text.netif_set_addr
                0x10006140       0xb8 CMakeFiles/receiver.dir/C_/Cornell/23_FALL/ECE_5730/Labs/Pico/pico-sdk/lib/lwip/src/core/netif.c.obj
                0x10006140                netif_set_addr
 .text.netif_remove
                0x100061f8       0x94 CMakeFiles/receiver.dir/C_/Cornell/23_FALL/ECE_5730/Labs/Pico/pico-sdk/lib/lwip/src/core/netif.c.obj
                0x100061f8                netif_remove
 .text.netif_set_default
                0x1000628c        0xc CMakeFiles/receiver.dir/C_/Cornell/23_FALL/ECE_5730/Labs/Pico/pico-sdk/lib/lwip/src/core/netif.c.obj
                0x1000628c                netif_set_default
 .text.netif_set_up
                0x10006298       0x40 CMakeFiles/receiver.dir/C_/Cornell/23_FALL/ECE_5730/Labs/Pico/pico-sdk/lib/lwip/src/core/netif.c.obj
                0x10006298                netif_set_up
 .text.netif_set_link_up
                0x100062d8       0x44 CMakeFiles/receiver.dir/C_/Cornell/23_FALL/ECE_5730/Labs/Pico/pico-sdk/lib/lwip/src/core/netif.c.obj
                0x100062d8                netif_set_link_up
 .text.netif_set_link_down
                0x1000631c       0x20 CMakeFiles/receiver.dir/C_/Cornell/23_FALL/ECE_5730/Labs/Pico/pico-sdk/lib/lwip/src/core/netif.c.obj
                0x1000631c                netif_set_link_down
 .text.netif_get_by_index
                0x1000633c       0x2c CMakeFiles/receiver.dir/C_/Cornell/23_FALL/ECE_5730/Labs/Pico/pico-sdk/lib/lwip/src/core/netif.c.obj
                0x1000633c                netif_get_by_index
 .text.pbuf_free.part.0
                0x10006368       0x7c CMakeFiles/receiver.dir/C_/Cornell/23_FALL/ECE_5730/Labs/Pico/pico-sdk/lib/lwip/src/core/pbuf.c.obj
 .text.pbuf_free_ooseq
                0x100063e4       0x34 CMakeFiles/receiver.dir/C_/Cornell/23_FALL/ECE_5730/Labs/Pico/pico-sdk/lib/lwip/src/core/pbuf.c.obj
                0x100063e4                pbuf_free_ooseq
 .text.pbuf_alloc
                0x10006418      0x130 CMakeFiles/receiver.dir/C_/Cornell/23_FALL/ECE_5730/Labs/Pico/pico-sdk/lib/lwip/src/core/pbuf.c.obj
                0x10006418                pbuf_alloc
 .text.pbuf_realloc
                0x10006548       0x88 CMakeFiles/receiver.dir/C_/Cornell/23_FALL/ECE_5730/Labs/Pico/pico-sdk/lib/lwip/src/core/pbuf.c.obj
                0x10006548                pbuf_realloc
 .text.pbuf_add_header
                0x100065d0       0x54 CMakeFiles/receiver.dir/C_/Cornell/23_FALL/ECE_5730/Labs/Pico/pico-sdk/lib/lwip/src/core/pbuf.c.obj
                0x100065d0                pbuf_add_header
 .text.pbuf_remove_header
                0x10006624       0x44 CMakeFiles/receiver.dir/C_/Cornell/23_FALL/ECE_5730/Labs/Pico/pico-sdk/lib/lwip/src/core/pbuf.c.obj
                0x10006624                pbuf_remove_header
 .text.pbuf_header_force
                0x10006668       0x74 CMakeFiles/receiver.dir/C_/Cornell/23_FALL/ECE_5730/Labs/Pico/pico-sdk/lib/lwip/src/core/pbuf.c.obj
                0x10006668                pbuf_header_force
 .text.pbuf_free
                0x100066dc       0x18 CMakeFiles/receiver.dir/C_/Cornell/23_FALL/ECE_5730/Labs/Pico/pico-sdk/lib/lwip/src/core/pbuf.c.obj
                0x100066dc                pbuf_free
 .text.pbuf_clen
                0x100066f4       0x14 CMakeFiles/receiver.dir/C_/Cornell/23_FALL/ECE_5730/Labs/Pico/pico-sdk/lib/lwip/src/core/pbuf.c.obj
                0x100066f4                pbuf_clen
 .text.pbuf_ref
                0x10006708       0x28 CMakeFiles/receiver.dir/C_/Cornell/23_FALL/ECE_5730/Labs/Pico/pico-sdk/lib/lwip/src/core/pbuf.c.obj
                0x10006708                pbuf_ref
 .text.pbuf_cat
                0x10006730       0x3c CMakeFiles/receiver.dir/C_/Cornell/23_FALL/ECE_5730/Labs/Pico/pico-sdk/lib/lwip/src/core/pbuf.c.obj
                0x10006730                pbuf_cat
 .text.pbuf_chain
                0x1000676c       0x64 CMakeFiles/receiver.dir/C_/Cornell/23_FALL/ECE_5730/Labs/Pico/pico-sdk/lib/lwip/src/core/pbuf.c.obj
                0x1000676c                pbuf_chain
 .text.pbuf_copy_partial_pbuf
                0x100067d0      0x13c CMakeFiles/receiver.dir/C_/Cornell/23_FALL/ECE_5730/Labs/Pico/pico-sdk/lib/lwip/src/core/pbuf.c.obj
                0x100067d0                pbuf_copy_partial_pbuf
 .text.pbuf_copy
                0x1000690c       0x18 CMakeFiles/receiver.dir/C_/Cornell/23_FALL/ECE_5730/Labs/Pico/pico-sdk/lib/lwip/src/core/pbuf.c.obj
                0x1000690c                pbuf_copy
 .text.pbuf_copy_partial
                0x10006924       0x70 CMakeFiles/receiver.dir/C_/Cornell/23_FALL/ECE_5730/Labs/Pico/pico-sdk/lib/lwip/src/core/pbuf.c.obj
                0x10006924                pbuf_copy_partial
 .text.pbuf_take
                0x10006994       0x78 CMakeFiles/receiver.dir/C_/Cornell/23_FALL/ECE_5730/Labs/Pico/pico-sdk/lib/lwip/src/core/pbuf.c.obj
                0x10006994                pbuf_take
 .text.pbuf_take_at
                0x10006a0c       0xc0 CMakeFiles/receiver.dir/C_/Cornell/23_FALL/ECE_5730/Labs/Pico/pico-sdk/lib/lwip/src/core/pbuf.c.obj
                0x10006a0c                pbuf_take_at
 .text.pbuf_clone
                0x10006acc       0x30 CMakeFiles/receiver.dir/C_/Cornell/23_FALL/ECE_5730/Labs/Pico/pico-sdk/lib/lwip/src/core/pbuf.c.obj
                0x10006acc                pbuf_clone
 .text.pbuf_put_at
                0x10006afc       0x1c CMakeFiles/receiver.dir/C_/Cornell/23_FALL/ECE_5730/Labs/Pico/pico-sdk/lib/lwip/src/core/pbuf.c.obj
                0x10006afc                pbuf_put_at
 .text.raw_input
                0x10006b18       0xf0 CMakeFiles/receiver.dir/C_/Cornell/23_FALL/ECE_5730/Labs/Pico/pico-sdk/lib/lwip/src/core/raw.c.obj
                0x10006b18                raw_input
 .text.raw_netif_ip_addr_changed
                0x10006c08       0x40 CMakeFiles/receiver.dir/C_/Cornell/23_FALL/ECE_5730/Labs/Pico/pico-sdk/lib/lwip/src/core/raw.c.obj
                0x10006c08                raw_netif_ip_addr_changed
 .text.stats_init
                0x10006c48        0x4 CMakeFiles/receiver.dir/C_/Cornell/23_FALL/ECE_5730/Labs/Pico/pico-sdk/lib/lwip/src/core/stats.c.obj
                0x10006c48                stats_init
 .text.tcp_close_shutdown_fin
                0x10006c4c       0x58 CMakeFiles/receiver.dir/C_/Cornell/23_FALL/ECE_5730/Labs/Pico/pico-sdk/lib/lwip/src/core/tcp.c.obj
 .text.tcp_pcb_purge.part.0
                0x10006ca4       0xc4 CMakeFiles/receiver.dir/C_/Cornell/23_FALL/ECE_5730/Labs/Pico/pico-sdk/lib/lwip/src/core/tcp.c.obj
 .text.tcp_init
                0x10006d68       0x20 CMakeFiles/receiver.dir/C_/Cornell/23_FALL/ECE_5730/Labs/Pico/pico-sdk/lib/lwip/src/core/tcp.c.obj
                0x10006d68                tcp_init
 .text.tcp_free
                0x10006d88       0x1c CMakeFiles/receiver.dir/C_/Cornell/23_FALL/ECE_5730/Labs/Pico/pico-sdk/lib/lwip/src/core/tcp.c.obj
                0x10006d88                tcp_free
 .text.tcp_update_rcv_ann_wnd
                0x10006da4       0x60 CMakeFiles/receiver.dir/C_/Cornell/23_FALL/ECE_5730/Labs/Pico/pico-sdk/lib/lwip/src/core/tcp.c.obj
                0x10006da4                tcp_update_rcv_ann_wnd
 .text.tcp_recved
                0x10006e04       0x98 CMakeFiles/receiver.dir/C_/Cornell/23_FALL/ECE_5730/Labs/Pico/pico-sdk/lib/lwip/src/core/tcp.c.obj
                0x10006e04                tcp_recved
 .text.tcp_slowtmr
                0x10006e9c      0x4dc CMakeFiles/receiver.dir/C_/Cornell/23_FALL/ECE_5730/Labs/Pico/pico-sdk/lib/lwip/src/core/tcp.c.obj
                0x10006e9c                tcp_slowtmr
 .text.tcp_segs_free
                0x10007378       0x38 CMakeFiles/receiver.dir/C_/Cornell/23_FALL/ECE_5730/Labs/Pico/pico-sdk/lib/lwip/src/core/tcp.c.obj
                0x10007378                tcp_segs_free
 .text.tcp_seg_free
                0x100073b0       0x1c CMakeFiles/receiver.dir/C_/Cornell/23_FALL/ECE_5730/Labs/Pico/pico-sdk/lib/lwip/src/core/tcp.c.obj
                0x100073b0                tcp_seg_free
 .text.tcp_seg_copy
                0x100073cc       0x2c CMakeFiles/receiver.dir/C_/Cornell/23_FALL/ECE_5730/Labs/Pico/pico-sdk/lib/lwip/src/core/tcp.c.obj
                0x100073cc                tcp_seg_copy
 .text.tcp_pcb_purge
                0x100073f8       0x18 CMakeFiles/receiver.dir/C_/Cornell/23_FALL/ECE_5730/Labs/Pico/pico-sdk/lib/lwip/src/core/tcp.c.obj
                0x100073f8                tcp_pcb_purge
 .text.tcp_pcb_remove
                0x10007410       0xc8 CMakeFiles/receiver.dir/C_/Cornell/23_FALL/ECE_5730/Labs/Pico/pico-sdk/lib/lwip/src/core/tcp.c.obj
                0x10007410                tcp_pcb_remove
 .text.tcp_abandon
                0x100074d8      0x1ac CMakeFiles/receiver.dir/C_/Cornell/23_FALL/ECE_5730/Labs/Pico/pico-sdk/lib/lwip/src/core/tcp.c.obj
                0x100074d8                tcp_abandon
 .text.tcp_abort
                0x10007684        0xc CMakeFiles/receiver.dir/C_/Cornell/23_FALL/ECE_5730/Labs/Pico/pico-sdk/lib/lwip/src/core/tcp.c.obj
                0x10007684                tcp_abort
 .text.tcp_alloc
                0x10007690      0x1cc CMakeFiles/receiver.dir/C_/Cornell/23_FALL/ECE_5730/Labs/Pico/pico-sdk/lib/lwip/src/core/tcp.c.obj
                0x10007690                tcp_alloc
 .text.tcp_close_shutdown
                0x1000785c      0x18c CMakeFiles/receiver.dir/C_/Cornell/23_FALL/ECE_5730/Labs/Pico/pico-sdk/lib/lwip/src/core/tcp.c.obj
 .text.tcp_recv_null
                0x100079e8       0xd4 CMakeFiles/receiver.dir/C_/Cornell/23_FALL/ECE_5730/Labs/Pico/pico-sdk/lib/lwip/src/core/tcp.c.obj
                0x100079e8                tcp_recv_null
 .text.tcp_process_refused_data
                0x10007abc       0x78 CMakeFiles/receiver.dir/C_/Cornell/23_FALL/ECE_5730/Labs/Pico/pico-sdk/lib/lwip/src/core/tcp.c.obj
                0x10007abc                tcp_process_refused_data
 .text.tcp_fasttmr
                0x10007b34       0x98 CMakeFiles/receiver.dir/C_/Cornell/23_FALL/ECE_5730/Labs/Pico/pico-sdk/lib/lwip/src/core/tcp.c.obj
                0x10007b34                tcp_fasttmr
 .text.tcp_tmr  0x10007bcc       0x20 CMakeFiles/receiver.dir/C_/Cornell/23_FALL/ECE_5730/Labs/Pico/pico-sdk/lib/lwip/src/core/tcp.c.obj
                0x10007bcc                tcp_tmr
 .text.tcp_next_iss
                0x10007bec       0x28 CMakeFiles/receiver.dir/C_/Cornell/23_FALL/ECE_5730/Labs/Pico/pico-sdk/lib/lwip/src/core/tcp.c.obj
                0x10007bec                tcp_next_iss
 .text.tcp_eff_send_mss_netif
                0x10007c14       0x38 CMakeFiles/receiver.dir/C_/Cornell/23_FALL/ECE_5730/Labs/Pico/pico-sdk/lib/lwip/src/core/tcp.c.obj
                0x10007c14                tcp_eff_send_mss_netif
 .text.tcp_netif_ip_addr_changed
                0x10007c4c       0x9c CMakeFiles/receiver.dir/C_/Cornell/23_FALL/ECE_5730/Labs/Pico/pico-sdk/lib/lwip/src/core/tcp.c.obj
                0x10007c4c                tcp_netif_ip_addr_changed
 .text.tcp_free_ooseq
                0x10007ce8       0x40 CMakeFiles/receiver.dir/C_/Cornell/23_FALL/ECE_5730/Labs/Pico/pico-sdk/lib/lwip/src/core/tcp.c.obj
                0x10007ce8                tcp_free_ooseq
 .text.tcp_parseopt
                0x10007d28      0x190 CMakeFiles/receiver.dir/C_/Cornell/23_FALL/ECE_5730/Labs/Pico/pico-sdk/lib/lwip/src/core/tcp_in.c.obj
 .text.tcp_oos_insert_segment
                0x10007eb8       0xe0 CMakeFiles/receiver.dir/C_/Cornell/23_FALL/ECE_5730/Labs/Pico/pico-sdk/lib/lwip/src/core/tcp_in.c.obj
 .text.tcp_free_acked_segments.constprop.0
                0x10007f98       0xdc CMakeFiles/receiver.dir/C_/Cornell/23_FALL/ECE_5730/Labs/Pico/pico-sdk/lib/lwip/src/core/tcp_in.c.obj
 .text.tcp_receive
                0x10008074      0xa4c CMakeFiles/receiver.dir/C_/Cornell/23_FALL/ECE_5730/Labs/Pico/pico-sdk/lib/lwip/src/core/tcp_in.c.obj
 .text.tcp_input
                0x10008ac0      0xda4 CMakeFiles/receiver.dir/C_/Cornell/23_FALL/ECE_5730/Labs/Pico/pico-sdk/lib/lwip/src/core/tcp_in.c.obj
                0x10008ac0                tcp_input
 .text.tcp_trigger_input_pcb_close
                0x10009864       0x10 CMakeFiles/receiver.dir/C_/Cornell/23_FALL/ECE_5730/Labs/Pico/pico-sdk/lib/lwip/src/core/tcp_in.c.obj
                0x10009864                tcp_trigger_input_pcb_close
 .text.tcp_create_segment
                0x10009874       0xf8 CMakeFiles/receiver.dir/C_/Cornell/23_FALL/ECE_5730/Labs/Pico/pico-sdk/lib/lwip/src/core/tcp_out.c.obj
 .text.tcp_output_control_segment
                0x1000996c       0xc0 CMakeFiles/receiver.dir/C_/Cornell/23_FALL/ECE_5730/Labs/Pico/pico-sdk/lib/lwip/src/core/tcp_out.c.obj
 .text.tcp_output_alloc_header.constprop.0
                0x10009a2c       0xcc CMakeFiles/receiver.dir/C_/Cornell/23_FALL/ECE_5730/Labs/Pico/pico-sdk/lib/lwip/src/core/tcp_out.c.obj
 .text.tcp_split_unsent_seg
                0x10009af8      0x1c4 CMakeFiles/receiver.dir/C_/Cornell/23_FALL/ECE_5730/Labs/Pico/pico-sdk/lib/lwip/src/core/tcp_out.c.obj
                0x10009af8                tcp_split_unsent_seg
 .text.tcp_send_fin
                0x10009cbc      0x12c CMakeFiles/receiver.dir/C_/Cornell/23_FALL/ECE_5730/Labs/Pico/pico-sdk/lib/lwip/src/core/tcp_out.c.obj
                0x10009cbc                tcp_send_fin
 .text.tcp_enqueue_flags
                0x10009de8      0x124 CMakeFiles/receiver.dir/C_/Cornell/23_FALL/ECE_5730/Labs/Pico/pico-sdk/lib/lwip/src/core/tcp_out.c.obj
                0x10009de8                tcp_enqueue_flags
 .text.tcp_rexmit_rto_prepare
                0x10009f0c       0x9c CMakeFiles/receiver.dir/C_/Cornell/23_FALL/ECE_5730/Labs/Pico/pico-sdk/lib/lwip/src/core/tcp_out.c.obj
                0x10009f0c                tcp_rexmit_rto_prepare
 .text.tcp_rexmit
                0x10009fa8       0x9c CMakeFiles/receiver.dir/C_/Cornell/23_FALL/ECE_5730/Labs/Pico/pico-sdk/lib/lwip/src/core/tcp_out.c.obj
                0x10009fa8                tcp_rexmit
 .text.tcp_rexmit_fast
                0x1000a044       0x64 CMakeFiles/receiver.dir/C_/Cornell/23_FALL/ECE_5730/Labs/Pico/pico-sdk/lib/lwip/src/core/tcp_out.c.obj
                0x1000a044                tcp_rexmit_fast
 .text.tcp_rst  0x1000a0a8       0xe8 CMakeFiles/receiver.dir/C_/Cornell/23_FALL/ECE_5730/Labs/Pico/pico-sdk/lib/lwip/src/core/tcp_out.c.obj
                0x1000a0a8                tcp_rst
 .text.tcp_rst_netif
                0x1000a190      0x130 CMakeFiles/receiver.dir/C_/Cornell/23_FALL/ECE_5730/Labs/Pico/pico-sdk/lib/lwip/src/core/tcp_out.c.obj
                0x1000a190                tcp_rst_netif
 .text.tcp_send_empty_ack
                0x1000a2c0       0x54 CMakeFiles/receiver.dir/C_/Cornell/23_FALL/ECE_5730/Labs/Pico/pico-sdk/lib/lwip/src/core/tcp_out.c.obj
                0x1000a2c0                tcp_send_empty_ack
 .text.tcp_output
                0x1000a314      0x46c CMakeFiles/receiver.dir/C_/Cornell/23_FALL/ECE_5730/Labs/Pico/pico-sdk/lib/lwip/src/core/tcp_out.c.obj
                0x1000a314                tcp_output
 .text.tcp_rexmit_rto_commit
                0x1000a780       0x24 CMakeFiles/receiver.dir/C_/Cornell/23_FALL/ECE_5730/Labs/Pico/pico-sdk/lib/lwip/src/core/tcp_out.c.obj
                0x1000a780                tcp_rexmit_rto_commit
 .text.tcp_rexmit_rto
                0x1000a7a4       0xa4 CMakeFiles/receiver.dir/C_/Cornell/23_FALL/ECE_5730/Labs/Pico/pico-sdk/lib/lwip/src/core/tcp_out.c.obj
                0x1000a7a4                tcp_rexmit_rto
 .text.tcp_keepalive
                0x1000a848       0xe0 CMakeFiles/receiver.dir/C_/Cornell/23_FALL/ECE_5730/Labs/Pico/pico-sdk/lib/lwip/src/core/tcp_out.c.obj
                0x1000a848                tcp_keepalive
 .text.tcp_zero_window_probe
                0x1000a928      0x108 CMakeFiles/receiver.dir/C_/Cornell/23_FALL/ECE_5730/Labs/Pico/pico-sdk/lib/lwip/src/core/tcp_out.c.obj
                0x1000a928                tcp_zero_window_probe
 .text.sys_timeout_abs
                0x1000aa30       0x48 CMakeFiles/receiver.dir/C_/Cornell/23_FALL/ECE_5730/Labs/Pico/pico-sdk/lib/lwip/src/core/timeouts.c.obj
 .text.lwip_cyclic_timer
                0x1000aa78       0x38 CMakeFiles/receiver.dir/C_/Cornell/23_FALL/ECE_5730/Labs/Pico/pico-sdk/lib/lwip/src/core/timeouts.c.obj
 .text.tcpip_tcp_timer
                0x1000aab0       0x3c CMakeFiles/receiver.dir/C_/Cornell/23_FALL/ECE_5730/Labs/Pico/pico-sdk/lib/lwip/src/core/timeouts.c.obj
 .text.tcp_timer_needed
                0x1000aaec       0x40 CMakeFiles/receiver.dir/C_/Cornell/23_FALL/ECE_5730/Labs/Pico/pico-sdk/lib/lwip/src/core/timeouts.c.obj
                0x1000aaec                tcp_timer_needed
 .text.sys_timeouts_init
                0x1000ab2c       0x90 CMakeFiles/receiver.dir/C_/Cornell/23_FALL/ECE_5730/Labs/Pico/pico-sdk/lib/lwip/src/core/timeouts.c.obj
                0x1000ab2c                sys_timeouts_init
 .text.sys_check_timeouts
                0x1000abbc       0x68 CMakeFiles/receiver.dir/C_/Cornell/23_FALL/ECE_5730/Labs/Pico/pico-sdk/lib/lwip/src/core/timeouts.c.obj
                0x1000abbc                sys_check_timeouts
 .text.sys_timeouts_sleeptime
                0x1000ac24       0x28 CMakeFiles/receiver.dir/C_/Cornell/23_FALL/ECE_5730/Labs/Pico/pico-sdk/lib/lwip/src/core/timeouts.c.obj
                0x1000ac24                sys_timeouts_sleeptime
 .text.udp_init
                0x1000ac4c       0x20 CMakeFiles/receiver.dir/C_/Cornell/23_FALL/ECE_5730/Labs/Pico/pico-sdk/lib/lwip/src/core/udp.c.obj
                0x1000ac4c                udp_init
 .text.udp_input
                0x1000ac6c      0x24c CMakeFiles/receiver.dir/C_/Cornell/23_FALL/ECE_5730/Labs/Pico/pico-sdk/lib/lwip/src/core/udp.c.obj
                0x1000ac6c                udp_input
 .text.udp_bind
                0x1000aeb8      0x10c CMakeFiles/receiver.dir/C_/Cornell/23_FALL/ECE_5730/Labs/Pico/pico-sdk/lib/lwip/src/core/udp.c.obj
                0x1000aeb8                udp_bind
 .text.udp_sendto_if_src
                0x1000afc4      0x130 CMakeFiles/receiver.dir/C_/Cornell/23_FALL/ECE_5730/Labs/Pico/pico-sdk/lib/lwip/src/core/udp.c.obj
                0x1000afc4                udp_sendto_if_src
 .text.udp_sendto_if
                0x1000b0f4       0x48 CMakeFiles/receiver.dir/C_/Cornell/23_FALL/ECE_5730/Labs/Pico/pico-sdk/lib/lwip/src/core/udp.c.obj
                0x1000b0f4                udp_sendto_if
 .text.udp_sendto
                0x1000b13c       0x7c CMakeFiles/receiver.dir/C_/Cornell/23_FALL/ECE_5730/Labs/Pico/pico-sdk/lib/lwip/src/core/udp.c.obj
                0x1000b13c                udp_sendto
 .text.udp_connect
                0x1000b1b8       0x64 CMakeFiles/receiver.dir/C_/Cornell/23_FALL/ECE_5730/Labs/Pico/pico-sdk/lib/lwip/src/core/udp.c.obj
                0x1000b1b8                udp_connect
 .text.udp_recv
                0x1000b21c        0xc CMakeFiles/receiver.dir/C_/Cornell/23_FALL/ECE_5730/Labs/Pico/pico-sdk/lib/lwip/src/core/udp.c.obj
                0x1000b21c                udp_recv
 .text.udp_remove
                0x1000b228       0x3c CMakeFiles/receiver.dir/C_/Cornell/23_FALL/ECE_5730/Labs/Pico/pico-sdk/lib/lwip/src/core/udp.c.obj
                0x1000b228                udp_remove
 .text.udp_new  0x1000b264       0x1c CMakeFiles/receiver.dir/C_/Cornell/23_FALL/ECE_5730/Labs/Pico/pico-sdk/lib/lwip/src/core/udp.c.obj
                0x1000b264                udp_new
 .text.udp_new_ip_type
                0x1000b280       0x1c CMakeFiles/receiver.dir/C_/Cornell/23_FALL/ECE_5730/Labs/Pico/pico-sdk/lib/lwip/src/core/udp.c.obj
                0x1000b280                udp_new_ip_type
 .text.udp_netif_ip_addr_changed
                0x1000b29c       0x40 CMakeFiles/receiver.dir/C_/Cornell/23_FALL/ECE_5730/Labs/Pico/pico-sdk/lib/lwip/src/core/udp.c.obj
                0x1000b29c                udp_netif_ip_addr_changed
 .text.dhcp_create_msg
                0x1000b2dc      0x16c CMakeFiles/receiver.dir/C_/Cornell/23_FALL/ECE_5730/Labs/Pico/pico-sdk/lib/lwip/src/core/ipv4/dhcp.c.obj
 .text.dhcp_inc_pcb_refcount
                0x1000b448       0x6c CMakeFiles/receiver.dir/C_/Cornell/23_FALL/ECE_5730/Labs/Pico/pico-sdk/lib/lwip/src/core/ipv4/dhcp.c.obj
 .text.dhcp_bind
                0x1000b4b4      0x140 CMakeFiles/receiver.dir/C_/Cornell/23_FALL/ECE_5730/Labs/Pico/pico-sdk/lib/lwip/src/core/ipv4/dhcp.c.obj
 .text.dhcp_option_hostname.isra.0
                0x1000b5f4       0x8c CMakeFiles/receiver.dir/C_/Cornell/23_FALL/ECE_5730/Labs/Pico/pico-sdk/lib/lwip/src/core/ipv4/dhcp.c.obj
 .text.dhcp_handle_ack.isra.0
                0x1000b680       0xcc CMakeFiles/receiver.dir/C_/Cornell/23_FALL/ECE_5730/Labs/Pico/pico-sdk/lib/lwip/src/core/ipv4/dhcp.c.obj
 .text.dhcp_reboot.isra.0
                0x1000b74c      0x1e4 CMakeFiles/receiver.dir/C_/Cornell/23_FALL/ECE_5730/Labs/Pico/pico-sdk/lib/lwip/src/core/ipv4/dhcp.c.obj
 .text.dhcp_discover
                0x1000b930      0x198 CMakeFiles/receiver.dir/C_/Cornell/23_FALL/ECE_5730/Labs/Pico/pico-sdk/lib/lwip/src/core/ipv4/dhcp.c.obj
 .text.dhcp_select.isra.0
                0x1000bac8      0x268 CMakeFiles/receiver.dir/C_/Cornell/23_FALL/ECE_5730/Labs/Pico/pico-sdk/lib/lwip/src/core/ipv4/dhcp.c.obj
 .text.dhcp_recv
                0x1000bd30      0x494 CMakeFiles/receiver.dir/C_/Cornell/23_FALL/ECE_5730/Labs/Pico/pico-sdk/lib/lwip/src/core/ipv4/dhcp.c.obj
 .text.dhcp_set_struct
                0x1000c1c4       0x44 CMakeFiles/receiver.dir/C_/Cornell/23_FALL/ECE_5730/Labs/Pico/pico-sdk/lib/lwip/src/core/ipv4/dhcp.c.obj
                0x1000c1c4                dhcp_set_struct
 .text.dhcp_network_changed_link_up
                0x1000c208       0x40 CMakeFiles/receiver.dir/C_/Cornell/23_FALL/ECE_5730/Labs/Pico/pico-sdk/lib/lwip/src/core/ipv4/dhcp.c.obj
                0x1000c208                dhcp_network_changed_link_up
 .text.dhcp_renew
                0x1000c248      0x1b8 CMakeFiles/receiver.dir/C_/Cornell/23_FALL/ECE_5730/Labs/Pico/pico-sdk/lib/lwip/src/core/ipv4/dhcp.c.obj
                0x1000c248                dhcp_renew
 .text.dhcp_release_and_stop
                0x1000c400      0x180 CMakeFiles/receiver.dir/C_/Cornell/23_FALL/ECE_5730/Labs/Pico/pico-sdk/lib/lwip/src/core/ipv4/dhcp.c.obj
                0x1000c400                dhcp_release_and_stop
 .text.dhcp_start
                0x1000c580       0xb0 CMakeFiles/receiver.dir/C_/Cornell/23_FALL/ECE_5730/Labs/Pico/pico-sdk/lib/lwip/src/core/ipv4/dhcp.c.obj
                0x1000c580                dhcp_start
 .text.dhcp_coarse_tmr
                0x1000c630      0x238 CMakeFiles/receiver.dir/C_/Cornell/23_FALL/ECE_5730/Labs/Pico/pico-sdk/lib/lwip/src/core/ipv4/dhcp.c.obj
                0x1000c630                dhcp_coarse_tmr
 .text.dhcp_fine_tmr
                0x1000c868       0x78 CMakeFiles/receiver.dir/C_/Cornell/23_FALL/ECE_5730/Labs/Pico/pico-sdk/lib/lwip/src/core/ipv4/dhcp.c.obj
                0x1000c868                dhcp_fine_tmr
 .text.dhcp_stop
                0x1000c8e0      0x180 CMakeFiles/receiver.dir/C_/Cornell/23_FALL/ECE_5730/Labs/Pico/pico-sdk/lib/lwip/src/core/ipv4/dhcp.c.obj
                0x1000c8e0                dhcp_stop
 .text.etharp_find_entry
                0x1000ca60     0x1fbc CMakeFiles/receiver.dir/C_/Cornell/23_FALL/ECE_5730/Labs/Pico/pico-sdk/lib/lwip/src/core/ipv4/etharp.c.obj
 .text.etharp_raw
                0x1000ea1c       0xec CMakeFiles/receiver.dir/C_/Cornell/23_FALL/ECE_5730/Labs/Pico/pico-sdk/lib/lwip/src/core/ipv4/etharp.c.obj
 .text.etharp_output_to_arp_index
                0x1000eb08       0xe4 CMakeFiles/receiver.dir/C_/Cornell/23_FALL/ECE_5730/Labs/Pico/pico-sdk/lib/lwip/src/core/ipv4/etharp.c.obj
 .text.etharp_tmr
                0x1000ebec       0x94 CMakeFiles/receiver.dir/C_/Cornell/23_FALL/ECE_5730/Labs/Pico/pico-sdk/lib/lwip/src/core/ipv4/etharp.c.obj
                0x1000ebec                etharp_tmr
 .text.etharp_cleanup_netif
                0x1000ec80      0x188 CMakeFiles/receiver.dir/C_/Cornell/23_FALL/ECE_5730/Labs/Pico/pico-sdk/lib/lwip/src/core/ipv4/etharp.c.obj
                0x1000ec80                etharp_cleanup_netif
 .text.etharp_input
                0x1000ee08      0x1b0 CMakeFiles/receiver.dir/C_/Cornell/23_FALL/ECE_5730/Labs/Pico/pico-sdk/lib/lwip/src/core/ipv4/etharp.c.obj
                0x1000ee08                etharp_input
 .text.etharp_query
                0x1000efb8      0x1c0 CMakeFiles/receiver.dir/C_/Cornell/23_FALL/ECE_5730/Labs/Pico/pico-sdk/lib/lwip/src/core/ipv4/etharp.c.obj
                0x1000efb8                etharp_query
 .text.etharp_output
                0x1000f178      0x24c CMakeFiles/receiver.dir/C_/Cornell/23_FALL/ECE_5730/Labs/Pico/pico-sdk/lib/lwip/src/core/ipv4/etharp.c.obj
                0x1000f178                etharp_output
 .text.etharp_request
                0x1000f3c4       0x2c CMakeFiles/receiver.dir/C_/Cornell/23_FALL/ECE_5730/Labs/Pico/pico-sdk/lib/lwip/src/core/ipv4/etharp.c.obj
                0x1000f3c4                etharp_request
 .text.icmp_input
                0x1000f3f0      0x1e8 CMakeFiles/receiver.dir/C_/Cornell/23_FALL/ECE_5730/Labs/Pico/pico-sdk/lib/lwip/src/core/ipv4/icmp.c.obj
                0x1000f3f0                icmp_input
 .text.icmp_dest_unreach
                0x1000f5d8       0xd0 CMakeFiles/receiver.dir/C_/Cornell/23_FALL/ECE_5730/Labs/Pico/pico-sdk/lib/lwip/src/core/ipv4/icmp.c.obj
                0x1000f5d8                icmp_dest_unreach
 .text.icmp_time_exceeded
                0x1000f6a8       0xd0 CMakeFiles/receiver.dir/C_/Cornell/23_FALL/ECE_5730/Labs/Pico/pico-sdk/lib/lwip/src/core/ipv4/icmp.c.obj
                0x1000f6a8                icmp_time_exceeded
 .text.ip_reass_free_complete_datagram
                0x1000f778      0x114 CMakeFiles/receiver.dir/C_/Cornell/23_FALL/ECE_5730/Labs/Pico/pico-sdk/lib/lwip/src/core/ipv4/ip4_frag.c.obj
 .text.ip_reass_remove_oldest_datagram
                0x1000f88c       0xd8 CMakeFiles/receiver.dir/C_/Cornell/23_FALL/ECE_5730/Labs/Pico/pico-sdk/lib/lwip/src/core/ipv4/ip4_frag.c.obj
 .text.ip_reass_tmr
                0x1000f964       0x38 CMakeFiles/receiver.dir/C_/Cornell/23_FALL/ECE_5730/Labs/Pico/pico-sdk/lib/lwip/src/core/ipv4/ip4_frag.c.obj
                0x1000f964                ip_reass_tmr
 .text.ip4_reass
                0x1000f99c      0x534 CMakeFiles/receiver.dir/C_/Cornell/23_FALL/ECE_5730/Labs/Pico/pico-sdk/lib/lwip/src/core/ipv4/ip4_frag.c.obj
                0x1000f99c                ip4_reass
 .text.ip4_frag
                0x1000fed0      0x17c CMakeFiles/receiver.dir/C_/Cornell/23_FALL/ECE_5730/Labs/Pico/pico-sdk/lib/lwip/src/core/ipv4/ip4_frag.c.obj
                0x1000fed0                ip4_frag
 .text.ip4_route
                0x1001004c       0x7c CMakeFiles/receiver.dir/C_/Cornell/23_FALL/ECE_5730/Labs/Pico/pico-sdk/lib/lwip/src/core/ipv4/ip4.c.obj
                0x1001004c                ip4_route
 .text.ip4_input
                0x100100c8      0x2cc CMakeFiles/receiver.dir/C_/Cornell/23_FALL/ECE_5730/Labs/Pico/pico-sdk/lib/lwip/src/core/ipv4/ip4.c.obj
                0x100100c8                ip4_input
 .text.ip4_output_if
                0x10010394      0x190 CMakeFiles/receiver.dir/C_/Cornell/23_FALL/ECE_5730/Labs/Pico/pico-sdk/lib/lwip/src/core/ipv4/ip4.c.obj
                0x10010394                ip4_output_if
 .text.ip4_output_if_src
                0x10010524      0x17c CMakeFiles/receiver.dir/C_/Cornell/23_FALL/ECE_5730/Labs/Pico/pico-sdk/lib/lwip/src/core/ipv4/ip4.c.obj
                0x10010524                ip4_output_if_src
 .text.ip4_addr_isbroadcast_u32
                0x100106a0       0x3c CMakeFiles/receiver.dir/C_/Cornell/23_FALL/ECE_5730/Labs/Pico/pico-sdk/lib/lwip/src/core/ipv4/ip4_addr.c.obj
                0x100106a0                ip4_addr_isbroadcast_u32
 .text.ip4addr_aton
                0x100106dc      0x188 CMakeFiles/receiver.dir/C_/Cornell/23_FALL/ECE_5730/Labs/Pico/pico-sdk/lib/lwip/src/core/ipv4/ip4_addr.c.obj
                0x100106dc                ip4addr_aton
 .text.ethernet_input
                0x10010864       0xd0 CMakeFiles/receiver.dir/C_/Cornell/23_FALL/ECE_5730/Labs/Pico/pico-sdk/lib/lwip/src/netif/ethernet.c.obj
                0x10010864                ethernet_input
 .text.ethernet_output
                0x10010934       0x6c CMakeFiles/receiver.dir/C_/Cornell/23_FALL/ECE_5730/Labs/Pico/pico-sdk/lib/lwip/src/netif/ethernet.c.obj
                0x10010934                ethernet_output
 .text.cyw43_arch_wifi_connect_bssid_until.part.0
                0x100109a0       0xd8 CMakeFiles/receiver.dir/C_/Cornell/23_FALL/ECE_5730/Labs/Pico/pico-sdk/src/rp2_common/pico_cyw43_arch/cyw43_arch.c.obj
 .text.cyw43_arch_set_async_context
                0x10010a78        0xc CMakeFiles/receiver.dir/C_/Cornell/23_FALL/ECE_5730/Labs/Pico/pico-sdk/src/rp2_common/pico_cyw43_arch/cyw43_arch.c.obj
                0x10010a78                cyw43_arch_set_async_context
 .text.cyw43_arch_enable_sta_mode
                0x10010a84       0x1c CMakeFiles/receiver.dir/C_/Cornell/23_FALL/ECE_5730/Labs/Pico/pico-sdk/src/rp2_common/pico_cyw43_arch/cyw43_arch.c.obj
                0x10010a84                cyw43_arch_enable_sta_mode
 .text.cyw43_arch_enable_ap_mode
                0x10010aa0       0x88 CMakeFiles/receiver.dir/C_/Cornell/23_FALL/ECE_5730/Labs/Pico/pico-sdk/src/rp2_common/pico_cyw43_arch/cyw43_arch.c.obj
                0x10010aa0                cyw43_arch_enable_ap_mode
 .text.cyw43_arch_wifi_connect_timeout_ms
                0x10010b28       0x9c CMakeFiles/receiver.dir/C_/Cornell/23_FALL/ECE_5730/Labs/Pico/pico-sdk/src/rp2_common/pico_cyw43_arch/cyw43_arch.c.obj
                0x10010b28                cyw43_arch_wifi_connect_timeout_ms
 .text.cyw43_arch_async_context
                0x10010bc4        0xc CMakeFiles/receiver.dir/C_/Cornell/23_FALL/ECE_5730/Labs/Pico/pico-sdk/src/rp2_common/pico_cyw43_arch/cyw43_arch.c.obj
                0x10010bc4                cyw43_arch_async_context
 .text.cyw43_arch_init
                0x10010bd0       0x80 CMakeFiles/receiver.dir/C_/Cornell/23_FALL/ECE_5730/Labs/Pico/pico-sdk/src/rp2_common/pico_cyw43_arch/cyw43_arch_threadsafe_background.c.obj
                0x10010bd0                cyw43_arch_init
 .text.cyw43_arch_deinit
                0x10010c50       0x30 CMakeFiles/receiver.dir/C_/Cornell/23_FALL/ECE_5730/Labs/Pico/pico-sdk/src/rp2_common/pico_cyw43_arch/cyw43_arch_threadsafe_background.c.obj
                0x10010c50                cyw43_arch_deinit
 .text.ns_delay.constprop.0
                0x10010c80       0x20 CMakeFiles/receiver.dir/C_/Cornell/23_FALL/ECE_5730/Labs/Pico/pico-sdk/src/rp2_common/pico_cyw43_driver/cyw43_bus_pio_spi.c.obj
 .text.cyw43_spi_deinit
                0x10010ca0       0x7c CMakeFiles/receiver.dir/C_/Cornell/23_FALL/ECE_5730/Labs/Pico/pico-sdk/src/rp2_common/pico_cyw43_driver/cyw43_bus_pio_spi.c.obj
                0x10010ca0                cyw43_spi_deinit
 .text.cyw43_spi_init
                0x10010d1c      0x154 CMakeFiles/receiver.dir/C_/Cornell/23_FALL/ECE_5730/Labs/Pico/pico-sdk/src/rp2_common/pico_cyw43_driver/cyw43_bus_pio_spi.c.obj
                0x10010d1c                cyw43_spi_init
 .text.cyw43_spi_transfer
                0x10010e70      0x430 CMakeFiles/receiver.dir/C_/Cornell/23_FALL/ECE_5730/Labs/Pico/pico-sdk/src/rp2_common/pico_cyw43_driver/cyw43_bus_pio_spi.c.obj
                0x10010e70                cyw43_spi_transfer
 .text.cyw43_spi_gpio_setup
                0x100112a0       0x3c CMakeFiles/receiver.dir/C_/Cornell/23_FALL/ECE_5730/Labs/Pico/pico-sdk/src/rp2_common/pico_cyw43_driver/cyw43_bus_pio_spi.c.obj
                0x100112a0                cyw43_spi_gpio_setup
 .text.cyw43_spi_reset
                0x100112dc       0x28 CMakeFiles/receiver.dir/C_/Cornell/23_FALL/ECE_5730/Labs/Pico/pico-sdk/src/rp2_common/pico_cyw43_driver/cyw43_bus_pio_spi.c.obj
                0x100112dc                cyw43_spi_reset
 .text.read_reg_u32_swap
                0x10011304       0x3c CMakeFiles/receiver.dir/C_/Cornell/23_FALL/ECE_5730/Labs/Pico/pico-sdk/src/rp2_common/pico_cyw43_driver/cyw43_bus_pio_spi.c.obj
                0x10011304                read_reg_u32_swap
 .text.cyw43_read_reg_u32
                0x10011340       0x6c CMakeFiles/receiver.dir/C_/Cornell/23_FALL/ECE_5730/Labs/Pico/pico-sdk/src/rp2_common/pico_cyw43_driver/cyw43_bus_pio_spi.c.obj
                0x10011340                cyw43_read_reg_u32
 .text.cyw43_read_reg_u16
                0x100113ac       0x6c CMakeFiles/receiver.dir/C_/Cornell/23_FALL/ECE_5730/Labs/Pico/pico-sdk/src/rp2_common/pico_cyw43_driver/cyw43_bus_pio_spi.c.obj
                0x100113ac                cyw43_read_reg_u16
 .text.cyw43_read_reg_u8
                0x10011418       0x6c CMakeFiles/receiver.dir/C_/Cornell/23_FALL/ECE_5730/Labs/Pico/pico-sdk/src/rp2_common/pico_cyw43_driver/cyw43_bus_pio_spi.c.obj
                0x10011418                cyw43_read_reg_u8
 .text.write_reg_u32_swap
                0x10011484      0x1e0 CMakeFiles/receiver.dir/C_/Cornell/23_FALL/ECE_5730/Labs/Pico/pico-sdk/src/rp2_common/pico_cyw43_driver/cyw43_bus_pio_spi.c.obj
                0x10011484                write_reg_u32_swap
 .text.cyw43_write_reg_u32
                0x10011664      0x200 CMakeFiles/receiver.dir/C_/Cornell/23_FALL/ECE_5730/Labs/Pico/pico-sdk/src/rp2_common/pico_cyw43_driver/cyw43_bus_pio_spi.c.obj
                0x10011664                cyw43_write_reg_u32
 .text.cyw43_write_reg_u16
                0x10011864      0x200 CMakeFiles/receiver.dir/C_/Cornell/23_FALL/ECE_5730/Labs/Pico/pico-sdk/src/rp2_common/pico_cyw43_driver/cyw43_bus_pio_spi.c.obj
                0x10011864                cyw43_write_reg_u16
 .text.cyw43_write_reg_u8
                0x10011a64      0x200 CMakeFiles/receiver.dir/C_/Cornell/23_FALL/ECE_5730/Labs/Pico/pico-sdk/src/rp2_common/pico_cyw43_driver/cyw43_bus_pio_spi.c.obj
                0x10011a64                cyw43_write_reg_u8
 .text.cyw43_read_bytes
                0x10011c64       0x78 CMakeFiles/receiver.dir/C_/Cornell/23_FALL/ECE_5730/Labs/Pico/pico-sdk/src/rp2_common/pico_cyw43_driver/cyw43_bus_pio_spi.c.obj
                0x10011c64                cyw43_read_bytes
 .text.cyw43_write_bytes
                0x10011cdc       0xec CMakeFiles/receiver.dir/C_/Cornell/23_FALL/ECE_5730/Labs/Pico/pico-sdk/src/rp2_common/pico_cyw43_driver/cyw43_bus_pio_spi.c.obj
                0x10011cdc                cyw43_write_bytes
 .text.cyw43_set_backplane_window
                0x10011dc8       0x64 CMakeFiles/receiver.dir/C_/Cornell/23_FALL/ECE_5730/Labs/Pico/pico-sdk/lib/cyw43-driver/src/cyw43_ll.c.obj
 .text.cyw43_ll_parse_async_event
                0x10011e2c      0x13c CMakeFiles/receiver.dir/C_/Cornell/23_FALL/ECE_5730/Labs/Pico/pico-sdk/lib/cyw43-driver/src/cyw43_ll.c.obj
 .text.cyw43_kso_set
                0x10011f68       0xa0 CMakeFiles/receiver.dir/C_/Cornell/23_FALL/ECE_5730/Labs/Pico/pico-sdk/lib/cyw43-driver/src/cyw43_ll.c.obj
 .text.cyw43_ll_sdpcm_poll_device
                0x10012008      0x238 CMakeFiles/receiver.dir/C_/Cornell/23_FALL/ECE_5730/Labs/Pico/pico-sdk/lib/cyw43-driver/src/cyw43_ll.c.obj
 .text.cyw43_sdpcm_send_common
                0x10012240       0xf0 CMakeFiles/receiver.dir/C_/Cornell/23_FALL/ECE_5730/Labs/Pico/pico-sdk/lib/cyw43-driver/src/cyw43_ll.c.obj
 .text.cyw43_do_ioctl
                0x10012330      0x110 CMakeFiles/receiver.dir/C_/Cornell/23_FALL/ECE_5730/Labs/Pico/pico-sdk/lib/cyw43-driver/src/cyw43_ll.c.obj
 .text.cyw43_do_ioctl.constprop.0
                0x10012440      0x108 CMakeFiles/receiver.dir/C_/Cornell/23_FALL/ECE_5730/Labs/Pico/pico-sdk/lib/cyw43-driver/src/cyw43_ll.c.obj
 .text.cyw43_read_backplane.constprop.0
                0x10012548       0xdc CMakeFiles/receiver.dir/C_/Cornell/23_FALL/ECE_5730/Labs/Pico/pico-sdk/lib/cyw43-driver/src/cyw43_ll.c.obj
 .text.reset_device_core.constprop.0
                0x10012624      0x3f0 CMakeFiles/receiver.dir/C_/Cornell/23_FALL/ECE_5730/Labs/Pico/pico-sdk/lib/cyw43-driver/src/cyw43_ll.c.obj
 .text.cyw43_ll_init
                0x10012a14       0x1c CMakeFiles/receiver.dir/C_/Cornell/23_FALL/ECE_5730/Labs/Pico/pico-sdk/lib/cyw43-driver/src/cyw43_ll.c.obj
                0x10012a14                cyw43_ll_init
 .text.cyw43_ll_deinit
                0x10012a30        0x8 CMakeFiles/receiver.dir/C_/Cornell/23_FALL/ECE_5730/Labs/Pico/pico-sdk/lib/cyw43-driver/src/cyw43_ll.c.obj
                0x10012a30                cyw43_ll_deinit
 .text.cyw43_ll_send_ethernet
                0x10012a38       0x60 CMakeFiles/receiver.dir/C_/Cornell/23_FALL/ECE_5730/Labs/Pico/pico-sdk/lib/cyw43-driver/src/cyw43_ll.c.obj
                0x10012a38                cyw43_ll_send_ethernet
 .text.cyw43_ll_process_packets
                0x10012a98       0x54 CMakeFiles/receiver.dir/C_/Cornell/23_FALL/ECE_5730/Labs/Pico/pico-sdk/lib/cyw43-driver/src/cyw43_ll.c.obj
                0x10012a98                cyw43_ll_process_packets
 .text.cyw43_ll_ioctl
                0x10012aec       0x20 CMakeFiles/receiver.dir/C_/Cornell/23_FALL/ECE_5730/Labs/Pico/pico-sdk/lib/cyw43-driver/src/cyw43_ll.c.obj
                0x10012aec                cyw43_ll_ioctl
 .text.cyw43_ll_bus_sleep
                0x10012b0c       0x34 CMakeFiles/receiver.dir/C_/Cornell/23_FALL/ECE_5730/Labs/Pico/pico-sdk/lib/cyw43-driver/src/cyw43_ll.c.obj
                0x10012b0c                cyw43_ll_bus_sleep
 .text.cyw43_ll_bus_init
                0x10012b40      0xbf0 CMakeFiles/receiver.dir/C_/Cornell/23_FALL/ECE_5730/Labs/Pico/pico-sdk/lib/cyw43-driver/src/cyw43_ll.c.obj
                0x10012b40                cyw43_ll_bus_init
 .text.cyw43_ll_wifi_on
                0x10013730      0x240 CMakeFiles/receiver.dir/C_/Cornell/23_FALL/ECE_5730/Labs/Pico/pico-sdk/lib/cyw43-driver/src/cyw43_ll.c.obj
                0x10013730                cyw43_ll_wifi_on
 .text.cyw43_ll_wifi_get_mac
                0x10013970       0x44 CMakeFiles/receiver.dir/C_/Cornell/23_FALL/ECE_5730/Labs/Pico/pico-sdk/lib/cyw43-driver/src/cyw43_ll.c.obj
                0x10013970                cyw43_ll_wifi_get_mac
 .text.cyw43_ll_wifi_pm
                0x100139b4      0x194 CMakeFiles/receiver.dir/C_/Cornell/23_FALL/ECE_5730/Labs/Pico/pico-sdk/lib/cyw43-driver/src/cyw43_ll.c.obj
                0x100139b4                cyw43_ll_wifi_pm
 .text.cyw43_ll_wifi_join
                0x10013b48      0x310 CMakeFiles/receiver.dir/C_/Cornell/23_FALL/ECE_5730/Labs/Pico/pico-sdk/lib/cyw43-driver/src/cyw43_ll.c.obj
                0x10013b48                cyw43_ll_wifi_join
 .text.cyw43_ll_wifi_set_wpa_auth
                0x10013e58       0x2c CMakeFiles/receiver.dir/C_/Cornell/23_FALL/ECE_5730/Labs/Pico/pico-sdk/lib/cyw43-driver/src/cyw43_ll.c.obj
                0x10013e58                cyw43_ll_wifi_set_wpa_auth
 .text.cyw43_ll_wifi_rejoin
                0x10013e84       0x1c CMakeFiles/receiver.dir/C_/Cornell/23_FALL/ECE_5730/Labs/Pico/pico-sdk/lib/cyw43-driver/src/cyw43_ll.c.obj
                0x10013e84                cyw43_ll_wifi_rejoin
 .text.cyw43_ll_wifi_ap_init
                0x10013ea0      0x2c4 CMakeFiles/receiver.dir/C_/Cornell/23_FALL/ECE_5730/Labs/Pico/pico-sdk/lib/cyw43-driver/src/cyw43_ll.c.obj
                0x10013ea0                cyw43_ll_wifi_ap_init
 .text.cyw43_ll_wifi_ap_set_up
                0x10014164       0x54 CMakeFiles/receiver.dir/C_/Cornell/23_FALL/ECE_5730/Labs/Pico/pico-sdk/lib/cyw43-driver/src/cyw43_ll.c.obj
                0x10014164                cyw43_ll_wifi_ap_set_up
 .text.cyw43_ll_has_work
                0x100141b8       0x14 CMakeFiles/receiver.dir/C_/Cornell/23_FALL/ECE_5730/Labs/Pico/pico-sdk/lib/cyw43-driver/src/cyw43_ll.c.obj
                0x100141b8                cyw43_ll_has_work
 .text.cyw43_netif_init
                0x100141cc       0x3c CMakeFiles/receiver.dir/C_/Cornell/23_FALL/ECE_5730/Labs/Pico/pico-sdk/lib/cyw43-driver/src/cyw43_lwip.c.obj
 .text.cyw43_netif_output
                0x10014208       0x34 CMakeFiles/receiver.dir/C_/Cornell/23_FALL/ECE_5730/Labs/Pico/pico-sdk/lib/cyw43-driver/src/cyw43_lwip.c.obj
 .text.cyw43_cb_tcpip_init
                0x1001423c       0xfc CMakeFiles/receiver.dir/C_/Cornell/23_FALL/ECE_5730/Labs/Pico/pico-sdk/lib/cyw43-driver/src/cyw43_lwip.c.obj
                0x1001423c                cyw43_cb_tcpip_init
 .text.cyw43_cb_tcpip_deinit
                0x10014338       0x4c CMakeFiles/receiver.dir/C_/Cornell/23_FALL/ECE_5730/Labs/Pico/pico-sdk/lib/cyw43-driver/src/cyw43_lwip.c.obj
                0x10014338                cyw43_cb_tcpip_deinit
 .text.cyw43_cb_process_ethernet
                0x10014384       0x68 CMakeFiles/receiver.dir/C_/Cornell/23_FALL/ECE_5730/Labs/Pico/pico-sdk/lib/cyw43-driver/src/cyw43_lwip.c.obj
                0x10014384                cyw43_cb_process_ethernet
 .text.cyw43_cb_tcpip_set_link_up
                0x100143ec       0x18 CMakeFiles/receiver.dir/C_/Cornell/23_FALL/ECE_5730/Labs/Pico/pico-sdk/lib/cyw43-driver/src/cyw43_lwip.c.obj
                0x100143ec                cyw43_cb_tcpip_set_link_up
 .text.cyw43_cb_tcpip_set_link_down
                0x10014404       0x18 CMakeFiles/receiver.dir/C_/Cornell/23_FALL/ECE_5730/Labs/Pico/pico-sdk/lib/cyw43-driver/src/cyw43_lwip.c.obj
                0x10014404                cyw43_cb_tcpip_set_link_down
 .text.cyw43_tcpip_link_status
                0x1001441c       0x34 CMakeFiles/receiver.dir/C_/Cornell/23_FALL/ECE_5730/Labs/Pico/pico-sdk/lib/cyw43-driver/src/cyw43_lwip.c.obj
                0x1001441c                cyw43_tcpip_link_status
 .text.cyw43_poll_func
                0x10014450       0xc0 CMakeFiles/receiver.dir/C_/Cornell/23_FALL/ECE_5730/Labs/Pico/pico-sdk/lib/cyw43-driver/src/cyw43_ctrl.c.obj
 .text.cyw43_init
                0x10014510       0x6c CMakeFiles/receiver.dir/C_/Cornell/23_FALL/ECE_5730/Labs/Pico/pico-sdk/lib/cyw43-driver/src/cyw43_ctrl.c.obj
                0x10014510                cyw43_init
 .text.cyw43_deinit
                0x1001457c       0x90 CMakeFiles/receiver.dir/C_/Cornell/23_FALL/ECE_5730/Labs/Pico/pico-sdk/lib/cyw43-driver/src/cyw43_ctrl.c.obj
                0x1001457c                cyw43_deinit
 .text.cyw43_cb_read_host_interrupt_pin
                0x1001460c        0xc CMakeFiles/receiver.dir/C_/Cornell/23_FALL/ECE_5730/Labs/Pico/pico-sdk/lib/cyw43-driver/src/cyw43_ctrl.c.obj
                0x1001460c                cyw43_cb_read_host_interrupt_pin
 .text.cyw43_cb_ensure_awake
                0x10014618        0xc CMakeFiles/receiver.dir/C_/Cornell/23_FALL/ECE_5730/Labs/Pico/pico-sdk/lib/cyw43-driver/src/cyw43_ctrl.c.obj
                0x10014618                cyw43_cb_ensure_awake
 .text.cyw43_cb_process_async_event
                0x10014624      0x228 CMakeFiles/receiver.dir/C_/Cornell/23_FALL/ECE_5730/Labs/Pico/pico-sdk/lib/cyw43-driver/src/cyw43_ctrl.c.obj
                0x10014624                cyw43_cb_process_async_event
 .text.cyw43_send_ethernet
                0x1001484c       0xc0 CMakeFiles/receiver.dir/C_/Cornell/23_FALL/ECE_5730/Labs/Pico/pico-sdk/lib/cyw43-driver/src/cyw43_ctrl.c.obj
                0x1001484c                cyw43_send_ethernet
 .text.cyw43_wifi_get_mac
                0x1001490c       0x10 CMakeFiles/receiver.dir/C_/Cornell/23_FALL/ECE_5730/Labs/Pico/pico-sdk/lib/cyw43-driver/src/cyw43_ctrl.c.obj
                0x1001490c                cyw43_wifi_get_mac
 .text.cyw43_wifi_set_up
                0x1001491c      0x308 CMakeFiles/receiver.dir/C_/Cornell/23_FALL/ECE_5730/Labs/Pico/pico-sdk/lib/cyw43-driver/src/cyw43_ctrl.c.obj
                0x1001491c                cyw43_wifi_set_up
 .text.cyw43_wifi_link_status
                0x10014c24       0x3c CMakeFiles/receiver.dir/C_/Cornell/23_FALL/ECE_5730/Labs/Pico/pico-sdk/lib/cyw43-driver/src/cyw43_ctrl.c.obj
                0x10014c24                cyw43_wifi_link_status
 .text.cyw43_wifi_join
                0x10014c60       0xf4 CMakeFiles/receiver.dir/C_/Cornell/23_FALL/ECE_5730/Labs/Pico/pico-sdk/lib/cyw43-driver/src/cyw43_ctrl.c.obj
                0x10014c60                cyw43_wifi_join
 .text.pio_sm_unclaim
                0x10014d54       0x20 CMakeFiles/receiver.dir/C_/Cornell/23_FALL/ECE_5730/Labs/Pico/pico-sdk/src/rp2_common/hardware_pio/pio.c.obj
                0x10014d54                pio_sm_unclaim
 .text.pio_claim_unused_sm
                0x10014d74       0x3c CMakeFiles/receiver.dir/C_/Cornell/23_FALL/ECE_5730/Labs/Pico/pico-sdk/src/rp2_common/hardware_pio/pio.c.obj
                0x10014d74                pio_claim_unused_sm
 .text.pio_can_add_program
                0x10014db0       0x68 CMakeFiles/receiver.dir/C_/Cornell/23_FALL/ECE_5730/Labs/Pico/pico-sdk/src/rp2_common/hardware_pio/pio.c.obj
                0x10014db0                pio_can_add_program
 .text.pio_add_program
                0x10014e18       0xc8 CMakeFiles/receiver.dir/C_/Cornell/23_FALL/ECE_5730/Labs/Pico/pico-sdk/src/rp2_common/hardware_pio/pio.c.obj
                0x10014e18                pio_add_program
 .text.pio_remove_program
                0x10014ee0       0x34 CMakeFiles/receiver.dir/C_/Cornell/23_FALL/ECE_5730/Labs/Pico/pico-sdk/src/rp2_common/hardware_pio/pio.c.obj
                0x10014ee0                pio_remove_program
 .text.pio_sm_set_pindirs_with_mask
                0x10014f14       0xa4 CMakeFiles/receiver.dir/C_/Cornell/23_FALL/ECE_5730/Labs/Pico/pico-sdk/src/rp2_common/hardware_pio/pio.c.obj
                0x10014f14                pio_sm_set_pindirs_with_mask
 .text.pio_sm_set_consecutive_pindirs
                0x10014fb8       0xb0 CMakeFiles/receiver.dir/C_/Cornell/23_FALL/ECE_5730/Labs/Pico/pico-sdk/src/rp2_common/hardware_pio/pio.c.obj
                0x10014fb8                pio_sm_set_consecutive_pindirs
 .text.pio_sm_init
                0x10015068       0x8c CMakeFiles/receiver.dir/C_/Cornell/23_FALL/ECE_5730/Labs/Pico/pico-sdk/src/rp2_common/hardware_pio/pio.c.obj
                0x10015068                pio_sm_init
 .text.dma_channel_unclaim
                0x100150f4       0x10 CMakeFiles/receiver.dir/C_/Cornell/23_FALL/ECE_5730/Labs/Pico/pico-sdk/src/rp2_common/hardware_dma/dma.c.obj
                0x100150f4                dma_channel_unclaim
 .text.dma_claim_unused_channel
                0x10015104       0x20 CMakeFiles/receiver.dir/C_/Cornell/23_FALL/ECE_5730/Labs/Pico/pico-sdk/src/rp2_common/hardware_dma/dma.c.obj
                0x10015104                dma_claim_unused_channel
 .text.dma_channel_cleanup
                0x10015124       0x60 CMakeFiles/receiver.dir/C_/Cornell/23_FALL/ECE_5730/Labs/Pico/pico-sdk/src/rp2_common/hardware_dma/dma.c.obj
                0x10015124                dma_channel_cleanup
 .text.cyw43_sleep_timeout_reached
                0x10015184       0x10 CMakeFiles/receiver.dir/C_/Cornell/23_FALL/ECE_5730/Labs/Pico/pico-sdk/src/rp2_common/pico_cyw43_driver/cyw43_driver.c.obj
 .text.cyw43_irq_init
                0x10015194       0x28 CMakeFiles/receiver.dir/C_/Cornell/23_FALL/ECE_5730/Labs/Pico/pico-sdk/src/rp2_common/pico_cyw43_driver/cyw43_driver.c.obj
                0x10015194                cyw43_irq_init
 .text.cyw43_irq_deinit
                0x100151bc       0x20 CMakeFiles/receiver.dir/C_/Cornell/23_FALL/ECE_5730/Labs/Pico/pico-sdk/src/rp2_common/pico_cyw43_driver/cyw43_driver.c.obj
                0x100151bc                cyw43_irq_deinit
 .text.cyw43_gpio_irq_handler
                0x100151dc       0x44 CMakeFiles/receiver.dir/C_/Cornell/23_FALL/ECE_5730/Labs/Pico/pico-sdk/src/rp2_common/pico_cyw43_driver/cyw43_driver.c.obj
 .text.cyw43_do_poll
                0x10015220       0x6c CMakeFiles/receiver.dir/C_/Cornell/23_FALL/ECE_5730/Labs/Pico/pico-sdk/src/rp2_common/pico_cyw43_driver/cyw43_driver.c.obj
 .text.cyw43_post_poll_hook
                0x1001528c       0x10 CMakeFiles/receiver.dir/C_/Cornell/23_FALL/ECE_5730/Labs/Pico/pico-sdk/src/rp2_common/pico_cyw43_driver/cyw43_driver.c.obj
                0x1001528c                cyw43_post_poll_hook
 .text.cyw43_schedule_internal_poll_dispatch
                0x1001529c       0x18 CMakeFiles/receiver.dir/C_/Cornell/23_FALL/ECE_5730/Labs/Pico/pico-sdk/src/rp2_common/pico_cyw43_driver/cyw43_driver.c.obj
                0x1001529c                cyw43_schedule_internal_poll_dispatch
 .text.cyw43_driver_init
                0x100152b4       0x38 CMakeFiles/receiver.dir/C_/Cornell/23_FALL/ECE_5730/Labs/Pico/pico-sdk/src/rp2_common/pico_cyw43_driver/cyw43_driver.c.obj
                0x100152b4                cyw43_driver_init
 .text.cyw43_driver_deinit
                0x100152ec       0x44 CMakeFiles/receiver.dir/C_/Cornell/23_FALL/ECE_5730/Labs/Pico/pico-sdk/src/rp2_common/pico_cyw43_driver/cyw43_driver.c.obj
                0x100152ec                cyw43_driver_deinit
 .text.cyw43_hal_generate_laa_mac
                0x10015330       0x28 CMakeFiles/receiver.dir/C_/Cornell/23_FALL/ECE_5730/Labs/Pico/pico-sdk/src/rp2_common/pico_cyw43_driver/cyw43_driver.c.obj
                0x10015330                cyw43_hal_generate_laa_mac
 .text.cyw43_hal_get_mac
                0x10015358       0x1c CMakeFiles/receiver.dir/C_/Cornell/23_FALL/ECE_5730/Labs/Pico/pico-sdk/src/rp2_common/pico_cyw43_driver/cyw43_driver.c.obj
                0x10015358                cyw43_hal_get_mac
 .text.cyw43_thread_enter
                0x10015374       0x14 CMakeFiles/receiver.dir/C_/Cornell/23_FALL/ECE_5730/Labs/Pico/pico-sdk/src/rp2_common/pico_cyw43_driver/cyw43_driver.c.obj
                0x10015374                cyw43_thread_enter
 .text.cyw43_thread_exit
                0x10015388       0x14 CMakeFiles/receiver.dir/C_/Cornell/23_FALL/ECE_5730/Labs/Pico/pico-sdk/src/rp2_common/pico_cyw43_driver/cyw43_driver.c.obj
                0x10015388                cyw43_thread_exit
 .text.cyw43_await_background_or_timeout_us
                0x1001539c       0x34 CMakeFiles/receiver.dir/C_/Cornell/23_FALL/ECE_5730/Labs/Pico/pico-sdk/src/rp2_common/pico_cyw43_driver/cyw43_driver.c.obj
                0x1001539c                cyw43_await_background_or_timeout_us
 .text.cyw43_delay_ms
                0x100153d0       0x44 CMakeFiles/receiver.dir/C_/Cornell/23_FALL/ECE_5730/Labs/Pico/pico-sdk/src/rp2_common/pico_cyw43_driver/cyw43_driver.c.obj
                0x100153d0                cyw43_delay_ms
 .text.cyw43_delay_us
                0x10015414       0x34 CMakeFiles/receiver.dir/C_/Cornell/23_FALL/ECE_5730/Labs/Pico/pico-sdk/src/rp2_common/pico_cyw43_driver/cyw43_driver.c.obj
                0x10015414                cyw43_delay_us
 .text.handle_sync_func_call
                0x10015448       0x24 CMakeFiles/receiver.dir/C_/Cornell/23_FALL/ECE_5730/Labs/Pico/pico-sdk/src/rp2_common/pico_async_context/async_context_threadsafe_background.c.obj
 .text.async_context_threadsafe_background_acquire_lock_blocking
                0x1001546c        0xc CMakeFiles/receiver.dir/C_/Cornell/23_FALL/ECE_5730/Labs/Pico/pico-sdk/src/rp2_common/pico_async_context/async_context_threadsafe_background.c.obj
 .text.process_under_lock
                0x10015478       0xc8 CMakeFiles/receiver.dir/C_/Cornell/23_FALL/ECE_5730/Labs/Pico/pico-sdk/src/rp2_common/pico_async_context/async_context_threadsafe_background.c.obj
 .text.async_context_threadsafe_background_deinit
                0x10015540       0x64 CMakeFiles/receiver.dir/C_/Cornell/23_FALL/ECE_5730/Labs/Pico/pico-sdk/src/rp2_common/pico_async_context/async_context_threadsafe_background.c.obj
 .text.low_priority_irq_handler
                0x100155a4       0x3c CMakeFiles/receiver.dir/C_/Cornell/23_FALL/ECE_5730/Labs/Pico/pico-sdk/src/rp2_common/pico_async_context/async_context_threadsafe_background.c.obj
 .text.async_context_threadsafe_background_wait_for_work_until
                0x100155e0        0xc CMakeFiles/receiver.dir/C_/Cornell/23_FALL/ECE_5730/Labs/Pico/pico-sdk/src/rp2_common/pico_async_context/async_context_threadsafe_background.c.obj
 .text.async_context_threadsafe_background_wait_until
                0x100155ec       0x1c CMakeFiles/receiver.dir/C_/Cornell/23_FALL/ECE_5730/Labs/Pico/pico-sdk/src/rp2_common/pico_async_context/async_context_threadsafe_background.c.obj
 .text.async_context_threadsafe_background_lock_check
                0x10015608       0x28 CMakeFiles/receiver.dir/C_/Cornell/23_FALL/ECE_5730/Labs/Pico/pico-sdk/src/rp2_common/pico_async_context/async_context_threadsafe_background.c.obj
 .text.async_context_threadsafe_background_execute_sync
                0x10015630       0xe4 CMakeFiles/receiver.dir/C_/Cornell/23_FALL/ECE_5730/Labs/Pico/pico-sdk/src/rp2_common/pico_async_context/async_context_threadsafe_background.c.obj
                0x10015630                async_context_threadsafe_background_execute_sync
 .text.async_context_threadsafe_background_set_work_pending
                0x10015714       0x50 CMakeFiles/receiver.dir/C_/Cornell/23_FALL/ECE_5730/Labs/Pico/pico-sdk/src/rp2_common/pico_async_context/async_context_threadsafe_background.c.obj
 .text.alarm_handler
                0x10015764       0x58 CMakeFiles/receiver.dir/C_/Cornell/23_FALL/ECE_5730/Labs/Pico/pico-sdk/src/rp2_common/pico_async_context/async_context_threadsafe_background.c.obj
 .text.async_context_threadsafe_background_release_lock
                0x100157bc       0x7c CMakeFiles/receiver.dir/C_/Cornell/23_FALL/ECE_5730/Labs/Pico/pico-sdk/src/rp2_common/pico_async_context/async_context_threadsafe_background.c.obj
 .text.async_context_threadsafe_background_when_pending_worker
                0x10015838       0x90 CMakeFiles/receiver.dir/C_/Cornell/23_FALL/ECE_5730/Labs/Pico/pico-sdk/src/rp2_common/pico_async_context/async_context_threadsafe_background.c.obj
 .text.async_context_threadsafe_background_remove_at_time_worker
                0x100158c8       0x90 CMakeFiles/receiver.dir/C_/Cornell/23_FALL/ECE_5730/Labs/Pico/pico-sdk/src/rp2_common/pico_async_context/async_context_threadsafe_background.c.obj
 .text.async_context_threadsafe_background_add_when_pending_worker
                0x10015958       0x90 CMakeFiles/receiver.dir/C_/Cornell/23_FALL/ECE_5730/Labs/Pico/pico-sdk/src/rp2_common/pico_async_context/async_context_threadsafe_background.c.obj
 .text.async_context_threadsafe_background_add_at_time_worker
                0x100159e8       0x90 CMakeFiles/receiver.dir/C_/Cornell/23_FALL/ECE_5730/Labs/Pico/pico-sdk/src/rp2_common/pico_async_context/async_context_threadsafe_background.c.obj
 .text.async_context_threadsafe_background_default_config
                0x10015a78        0xc CMakeFiles/receiver.dir/C_/Cornell/23_FALL/ECE_5730/Labs/Pico/pico-sdk/src/rp2_common/pico_async_context/async_context_threadsafe_background.c.obj
                0x10015a78                async_context_threadsafe_background_default_config
 .text.async_context_threadsafe_background_init
                0x10015a84       0xa4 CMakeFiles/receiver.dir/C_/Cornell/23_FALL/ECE_5730/Labs/Pico/pico-sdk/src/rp2_common/pico_async_context/async_context_threadsafe_background.c.obj
                0x10015a84                async_context_threadsafe_background_init
 .text.uart_init
                0x10015b28      0x188 CMakeFiles/receiver.dir/C_/Cornell/23_FALL/ECE_5730/Labs/Pico/pico-sdk/src/rp2_common/hardware_uart/uart.c.obj
                0x10015b28                uart_init
 .text.runtime_init
                0x10015cb0       0xf0 CMakeFiles/receiver.dir/C_/Cornell/23_FALL/ECE_5730/Labs/Pico/pico-sdk/src/rp2_common/pico_runtime/runtime.c.obj
                0x10015cb0                runtime_init
 .text._exit    0x10015da0        0x4 CMakeFiles/receiver.dir/C_/Cornell/23_FALL/ECE_5730/Labs/Pico/pico-sdk/src/rp2_common/pico_runtime/runtime.c.obj
                0x10015da0                _exit
 .text._sbrk    0x10015da4       0x34 CMakeFiles/receiver.dir/C_/Cornell/23_FALL/ECE_5730/Labs/Pico/pico-sdk/src/rp2_common/pico_runtime/runtime.c.obj
                0x10015da4                _sbrk
 .text.exit     0x10015dd8        0x8 CMakeFiles/receiver.dir/C_/Cornell/23_FALL/ECE_5730/Labs/Pico/pico-sdk/src/rp2_common/pico_runtime/runtime.c.obj
                0x10015dd8                exit
 .text.panic    0x10015de0       0x30 CMakeFiles/receiver.dir/C_/Cornell/23_FALL/ECE_5730/Labs/Pico/pico-sdk/src/rp2_common/pico_runtime/runtime.c.obj
                0x10015de0                panic
 .text.hard_assertion_failure
                0x10015e10        0xc CMakeFiles/receiver.dir/C_/Cornell/23_FALL/ECE_5730/Labs/Pico/pico-sdk/src/rp2_common/pico_runtime/runtime.c.obj
                0x10015e10                hard_assertion_failure
 .text._out_buffer
                0x10015e1c        0x8 CMakeFiles/receiver.dir/C_/Cornell/23_FALL/ECE_5730/Labs/Pico/pico-sdk/src/rp2_common/pico_printf/printf.c.obj
 .text._out_null
                0x10015e24        0x4 CMakeFiles/receiver.dir/C_/Cornell/23_FALL/ECE_5730/Labs/Pico/pico-sdk/src/rp2_common/pico_printf/printf.c.obj
 .text._out_rev
                0x10015e28       0x9c CMakeFiles/receiver.dir/C_/Cornell/23_FALL/ECE_5730/Labs/Pico/pico-sdk/src/rp2_common/pico_printf/printf.c.obj
 .text._ntoa_format
                0x10015ec4      0x1cc CMakeFiles/receiver.dir/C_/Cornell/23_FALL/ECE_5730/Labs/Pico/pico-sdk/src/rp2_common/pico_printf/printf.c.obj
 .text._out_char
                0x10016090       0x10 CMakeFiles/receiver.dir/C_/Cornell/23_FALL/ECE_5730/Labs/Pico/pico-sdk/src/rp2_common/pico_printf/printf.c.obj
 .text._out_fct
                0x100160a0       0x10 CMakeFiles/receiver.dir/C_/Cornell/23_FALL/ECE_5730/Labs/Pico/pico-sdk/src/rp2_common/pico_printf/printf.c.obj
 .text._etoa    0x100160b0      0x44c CMakeFiles/receiver.dir/C_/Cornell/23_FALL/ECE_5730/Labs/Pico/pico-sdk/src/rp2_common/pico_printf/printf.c.obj
 .text._ftoa    0x100164fc      0x398 CMakeFiles/receiver.dir/C_/Cornell/23_FALL/ECE_5730/Labs/Pico/pico-sdk/src/rp2_common/pico_printf/printf.c.obj
 .text._vsnprintf
                0x10016894      0xb04 CMakeFiles/receiver.dir/C_/Cornell/23_FALL/ECE_5730/Labs/Pico/pico-sdk/src/rp2_common/pico_printf/printf.c.obj
 .text.__wrap_sprintf
                0x10017398       0x28 CMakeFiles/receiver.dir/C_/Cornell/23_FALL/ECE_5730/Labs/Pico/pico-sdk/src/rp2_common/pico_printf/printf.c.obj
                0x10017398                __wrap_sprintf
 .text.vfctprintf
                0x100173c0       0x20 CMakeFiles/receiver.dir/C_/Cornell/23_FALL/ECE_5730/Labs/Pico/pico-sdk/src/rp2_common/pico_printf/printf.c.obj
                0x100173c0                vfctprintf
 .text.weak_raw_vprintf
                0x100173e0       0x30 CMakeFiles/receiver.dir/C_/Cornell/23_FALL/ECE_5730/Labs/Pico/pico-sdk/src/rp2_common/pico_printf/printf.c.obj
                0x100173e0                weak_raw_vprintf
 .text          0x10017410       0x10 CMakeFiles/receiver.dir/C_/Cornell/23_FALL/ECE_5730/Labs/Pico/pico-sdk/src/rp2_common/pico_bit_ops/bit_ops_aeabi.S.obj
 .text.ctzsi    0x10017420        0xc CMakeFiles/receiver.dir/C_/Cornell/23_FALL/ECE_5730/Labs/Pico/pico-sdk/src/rp2_common/pico_bit_ops/bit_ops_aeabi.S.obj
                0x10017420                __wrap___ctzsi2
 .text.__wrap___aeabi_idiv
                0x1001742c       0x50 CMakeFiles/receiver.dir/C_/Cornell/23_FALL/ECE_5730/Labs/Pico/pico-sdk/src/rp2_common/pico_divider/divider.S.obj
                0x1001742c                __wrap___aeabi_idivmod